Archive member included because of file (symbol)

C:\Users\calta\AppData\Local\arduino15\packages\arduino\hardware\sam\1.6.11\variants\arduino_due_x/libsam_sam3x8e_gcc_rel.a(pio.o)
                              C:\Users\calta\AppData\Local\Temp\VMBuilds\AcquisitionSketch_v1\arduino_due_x_dbg\Release\variant\variant.cpp.o (PIO_Configure)
C:\Users\calta\AppData\Local\arduino15\packages\arduino\hardware\sam\1.6.11\variants\arduino_due_x/libsam_sam3x8e_gcc_rel.a(pmc.o)
                              C:\Users\calta\AppData\Local\Temp\VMBuilds\AcquisitionSketch_v1\arduino_due_x_dbg\Release\variant\variant.cpp.o (pmc_enable_periph_clk)
C:\Users\calta\AppData\Local\arduino15\packages\arduino\hardware\sam\1.6.11\variants\arduino_due_x/libsam_sam3x8e_gcc_rel.a(system_sam3xa.o)
                              C:\Users\calta\AppData\Local\Temp\VMBuilds\AcquisitionSketch_v1\arduino_due_x_dbg\Release\variant\variant.cpp.o (SystemInit)
C:\Users\calta\AppData\Local\arduino15\packages\arduino\hardware\sam\1.6.11\variants\arduino_due_x/libsam_sam3x8e_gcc_rel.a(startup_sam3xa.o)
                              (Reset_Handler)
C:\Users\calta\AppData\Local\arduino15\packages\arduino\hardware\sam\1.6.11\variants\arduino_due_x/libsam_sam3x8e_gcc_rel.a(adc.o)
                              C:\Users\calta\AppData\Local\Temp\VMBuilds\AcquisitionSketch_v1\arduino_due_x_dbg\Release\variant\variant.cpp.o (adc_init)
C:\Users\calta\AppData\Local\arduino15\packages\arduino\hardware\sam\1.6.11\variants\arduino_due_x/libsam_sam3x8e_gcc_rel.a(uotghs.o)
                              C:\Users\calta\AppData\Local\arduino15\packages\arduino\hardware\sam\1.6.11\variants\arduino_due_x/libsam_sam3x8e_gcc_rel.a(startup_sam3xa.o) (UOTGHS_Handler)
C:\Users\calta\AppData\Local\Temp\VMBuilds\AcquisitionSketch_v1\arduino_due_x_dbg\Release/core.a(cortex_handlers.c.o)
                              C:\Users\calta\AppData\Local\arduino15\packages\arduino\hardware\sam\1.6.11\variants\arduino_due_x/libsam_sam3x8e_gcc_rel.a(startup_sam3xa.o) (NMI_Handler)
C:\Users\calta\AppData\Local\Temp\VMBuilds\AcquisitionSketch_v1\arduino_due_x_dbg\Release/core.a(hooks.c.o)
                              C:\Users\calta\AppData\Local\Temp\VMBuilds\AcquisitionSketch_v1\arduino_due_x_dbg\Release/core.a(cortex_handlers.c.o) (sysTickHook)
C:\Users\calta\AppData\Local\Temp\VMBuilds\AcquisitionSketch_v1\arduino_due_x_dbg\Release/core.a(syscalls_sam3.c.o)
                              (_sbrk)
C:\Users\calta\AppData\Local\Temp\VMBuilds\AcquisitionSketch_v1\arduino_due_x_dbg\Release/core.a(wiring_analog.c.o)
                              C:\Users\calta\AppData\Local\Temp\VMBuilds\AcquisitionSketch_v1\arduino_due_x_dbg\Release\AcquisitionSketch_v1.cpp.o (analogReadResolution)
C:\Users\calta\AppData\Local\Temp\VMBuilds\AcquisitionSketch_v1\arduino_due_x_dbg\Release/core.a(wiring_digital.c.o)
                              C:\Users\calta\AppData\Local\Temp\VMBuilds\AcquisitionSketch_v1\arduino_due_x_dbg\Release\AcquisitionSketch_v1.cpp.o (pinMode)
C:\Users\calta\AppData\Local\Temp\VMBuilds\AcquisitionSketch_v1\arduino_due_x_dbg\Release/core.a(main.cpp.o)
                              c:/users/calta/appdata/local/arduino15/packages/arduino/tools/arm-none-eabi-gcc/4.8.3-2014q1/bin/../lib/gcc/arm-none-eabi/4.8.3/../../../../arm-none-eabi/lib/armv7-m/crt0.o (main)
C:\Users\calta\AppData\Local\Temp\VMBuilds\AcquisitionSketch_v1\arduino_due_x_dbg\Release/core.a(Print.cpp.o)
                              C:\Users\calta\AppData\Local\Temp\VMBuilds\AcquisitionSketch_v1\arduino_due_x_dbg\Release\AcquisitionSketch_v1.cpp.o (Print::print(char const*))
C:\Users\calta\AppData\Local\Temp\VMBuilds\AcquisitionSketch_v1\arduino_due_x_dbg\Release/core.a(Reset.cpp.o)
                              C:\Users\calta\AppData\Local\Temp\VMBuilds\AcquisitionSketch_v1\arduino_due_x_dbg\Release/core.a(cortex_handlers.c.o) (tickReset)
C:\Users\calta\AppData\Local\Temp\VMBuilds\AcquisitionSketch_v1\arduino_due_x_dbg\Release/core.a(RingBuffer.cpp.o)
                              C:\Users\calta\AppData\Local\Temp\VMBuilds\AcquisitionSketch_v1\arduino_due_x_dbg\Release\variant\variant.cpp.o (RingBuffer::RingBuffer())
C:\Users\calta\AppData\Local\Temp\VMBuilds\AcquisitionSketch_v1\arduino_due_x_dbg\Release/core.a(UARTClass.cpp.o)
                              C:\Users\calta\AppData\Local\Temp\VMBuilds\AcquisitionSketch_v1\arduino_due_x_dbg\Release\AcquisitionSketch_v1.cpp.o (UARTClass::available())
C:\Users\calta\AppData\Local\Temp\VMBuilds\AcquisitionSketch_v1\arduino_due_x_dbg\Release/core.a(USARTClass.cpp.o)
                              C:\Users\calta\AppData\Local\Temp\VMBuilds\AcquisitionSketch_v1\arduino_due_x_dbg\Release\variant\variant.cpp.o (USARTClass::USARTClass(Usart*, IRQn, unsigned long, RingBuffer*, RingBuffer*))
C:\Users\calta\AppData\Local\Temp\VMBuilds\AcquisitionSketch_v1\arduino_due_x_dbg\Release/core.a(watchdog.cpp.o)
[...]
Memory Configuration

Name             Origin             Length             Attributes
rom              0x00080000         0x00080000         xr
sram0            0x20000000         0x00010000         xrw
sram1            0x20080000         0x00008000         xrw
ram              0x20070000         0x00018000         xrw
*default*        0x00000000         0xffffffff

Linker script and memory map

LOAD c:/users/calta/appdata/local/arduino15/packages/arduino/tools/arm-none-eabi-gcc/4.8.3-2014q1/bin/../lib/gcc/arm-none-eabi/4.8.3/armv7-m/crti.o
LOAD c:/users/calta/appdata/local/arduino15/packages/arduino/tools/arm-none-eabi-gcc/4.8.3-2014q1/bin/../lib/gcc/arm-none-eabi/4.8.3/armv7-m/crtbegin.o
LOAD c:/users/calta/appdata/local/arduino15/packages/arduino/tools/arm-none-eabi-gcc/4.8.3-2014q1/bin/../lib/gcc/arm-none-eabi/4.8.3/../../../../arm-none-eabi/lib/armv7-m/crt0.o
START GROUP
LOAD C:\Users\calta\AppData\Local\Temp\VMBuilds\AcquisitionSketch_v1\arduino_due_x_dbg\Release\AcquisitionSketch_v1.cpp.o
LOAD C:\Users\calta\AppData\Local\Temp\VMBuilds\AcquisitionSketch_v1\arduino_due_x_dbg\Release\variant\variant.cpp.o
LOAD C:\Users\calta\AppData\Local\arduino15\packages\arduino\hardware\sam\1.6.11\variants\arduino_due_x/libsam_sam3x8e_gcc_rel.a
LOAD C:\Users\calta\AppData\Local\Temp\VMBuilds\AcquisitionSketch_v1\arduino_due_x_dbg\Release/core.a
END GROUP
LOAD c:/users/calta/appdata/local/arduino15/packages/arduino/tools/arm-none-eabi-gcc/4.8.3-2014q1/bin/../lib/gcc/arm-none-eabi/4.8.3/../../../../arm-none-eabi/lib/armv7-m\libm.a
START GROUP
LOAD c:/users/calta/appdata/local/arduino15/packages/arduino/tools/arm-none-eabi-gcc/4.8.3-2014q1/bin/../lib/gcc/arm-none-eabi/4.8.3/armv7-m\libgcc.a
LOAD c:/users/calta/appdata/local/arduino15/packages/arduino/tools/arm-none-eabi-gcc/4.8.3-2014q1/bin/../lib/gcc/arm-none-eabi/4.8.3/../../../../arm-none-eabi/lib/armv7-m\libg.a
LOAD c:/users/calta/appdata/local/arduino15/packages/arduino/tools/arm-none-eabi-gcc/4.8.3-2014q1/bin/../lib/gcc/arm-none-eabi/4.8.3/../../../../arm-none-eabi/lib/armv7-m\libc.a
END GROUP
LOAD c:/users/calta/appdata/local/arduino15/packages/arduino/tools/arm-none-eabi-gcc/4.8.3-2014q1/bin/../lib/gcc/arm-none-eabi/4.8.3/armv7-m/crtend.o
LOAD c:/users/calta/appdata/local/arduino15/packages/arduino/tools/arm-none-eabi-gcc/4.8.3-2014q1/bin/../lib/gcc/arm-none-eabi/4.8.3/armv7-m/crtn.o

.text           0x00080000     0x58ac
                0x00080000                . = ALIGN (0x4)
                0x00080000                _sfixed = .
 *(.vectors .vectors.*)
 .vectors       0x00080000       0xf4 C:\Users\calta\AppData\Local\arduino15\packages\arduino\hardware\sam\1.6.11\variants\arduino_due_x/libsam_sam3x8e_gcc_rel.a(startup_sam3xa.o)
                0x00080000                exception_table
 *(.text .text.* .gnu.linkonce.t.*)
 .text          0x000800f4       0x54 c:/users/calta/appdata/local/arduino15/packages/arduino/tools/arm-none-eabi-gcc/4.8.3-2014q1/bin/../lib/gcc/arm-none-eabi/4.8.3/armv7-m/crtbegin.o
 .text._Z12clearCounterv
                0x00080148       0x16 C:\Users\calta\AppData\Local\Temp\VMBuilds\AcquisitionSketch_v1\arduino_due_x_dbg\Release\AcquisitionSketch_v1.cpp.o
                0x00080148                clearCounter()
 .text._Z16incrementCounterv
                0x0008015e       0x16 C:\Users\calta\AppData\Local\Temp\VMBuilds\AcquisitionSketch_v1\arduino_due_x_dbg\Release\AcquisitionSketch_v1.cpp.o
                0x0008015e                incrementCounter()
 .text._Z9readMageli
                0x00080174       0x1e C:\Users\calta\AppData\Local\Temp\VMBuilds\AcquisitionSketch_v1\arduino_due_x_dbg\Release\AcquisitionSketch_v1.cpp.o
                0x00080174                readMagel(int)
 *fill*         0x00080192        0x2 
 .text._Z9readFramev
                0x00080194       0x4c C:\Users\calta\AppData\Local\Temp\VMBuilds\AcquisitionSketch_v1\arduino_due_x_dbg\Release\AcquisitionSketch_v1.cpp.o
                0x00080194                readFrame()
 .text._Z19displayCurrentFramev
                0x000801e0       0x50 C:\Users\calta\AppData\Local\Temp\VMBuilds\AcquisitionSketch_v1\arduino_due_x_dbg\Release\AcquisitionSketch_v1.cpp.o
                0x000801e0                displayCurrentFrame()
 .text.setup    0x00080230       0x34 C:\Users\calta\AppData\Local\Temp\VMBuilds\AcquisitionSketch_v1\arduino_due_x_dbg\Release\AcquisitionSketch_v1.cpp.o
                0x00080230                setup
 .text.loop     0x00080264       0x70 C:\Users\calta\AppData\Local\Temp\VMBuilds\AcquisitionSketch_v1\arduino_due_x_dbg\Release\AcquisitionSketch_v1.cpp.o
                0x00080264                loop
 .text._Z11serialEventv
                0x000802d4        0x2 C:\Users\calta\AppData\Local\Temp\VMBuilds\AcquisitionSketch_v1\arduino_due_x_dbg\Release\variant\variant.cpp.o
                0x000802d4                serialEvent()
 *fill*         0x000802d6        0x2 
 .text.UART_Handler
                0x000802d8        0xc C:\Users\calta\AppData\Local\Temp\VMBuilds\AcquisitionSketch_v1\arduino_due_x_dbg\Release\variant\variant.cpp.o
                0x000802d8                UART_Handler
 .text._Z12serialEvent1v
                0x000802e4        0x2 C:\Users\calta\AppData\Local\Temp\VMBuilds\AcquisitionSketch_v1\arduino_due_x_dbg\Release\variant\variant.cpp.o
                0x000802e4                serialEvent1()
 .text._Z12serialEvent2v
                0x000802e6        0x2 C:\Users\calta\AppData\Local\Temp\VMBuilds\AcquisitionSketch_v1\arduino_due_x_dbg\Release\variant\variant.cpp.o
                0x000802e6                serialEvent2()
 .text._Z12serialEvent3v
                0x000802e8        0x2 C:\Users\calta\AppData\Local\Temp\VMBuilds\AcquisitionSketch_v1\arduino_due_x_dbg\Release\variant\variant.cpp.o
                0x000802e8                serialEvent3()
 *fill*         0x000802ea        0x2 
 .text.USART0_Handler
                0x000802ec        0xc C:\Users\calta\AppData\Local\Temp\VMBuilds\AcquisitionSketch_v1\arduino_due_x_dbg\Release\variant\variant.cpp.o
                0x000802ec                USART0_Handler
 .text.USART1_Handler
                0x000802f8        0xc C:\Users\calta\AppData\Local\Temp\VMBuilds\AcquisitionSketch_v1\arduino_due_x_dbg\Release\variant\variant.cpp.o
                0x000802f8                USART1_Handler
 .text.USART3_Handler
                0x00080304        0xc C:\Users\calta\AppData\Local\Temp\VMBuilds\AcquisitionSketch_v1\arduino_due_x_dbg\Release\variant\variant.cpp.o
                0x00080304                USART3_Handler
 .text.init     0x00080310      0x128 C:\Users\calta\AppData\Local\Temp\VMBuilds\AcquisitionSketch_v1\arduino_due_x_dbg\Release\variant\variant.cpp.o
                0x00080310                init
 .text.startup._GLOBAL__sub_I_g_APinDescription
                0x00080438       0xd4 C:\Users\calta\AppData\Local\Temp\VMBuilds\AcquisitionSketch_v1\arduino_due_x_dbg\Release\variant\variant.cpp.o
 .text._Z14serialEventRunv
                0x0008050c       0x44 C:\Users\calta\AppData\Local\Temp\VMBuilds\AcquisitionSketch_v1\arduino_due_x_dbg\Release\variant\variant.cpp.o
                0x0008050c                serialEventRun()
 .text.PIO_PullUp
                0x00080550        0xa C:\Users\calta\AppData\Local\arduino15\packages\arduino\hardware\sam\1.6.11\variants\arduino_due_x/libsam_sam3x8e_gcc_rel.a(pio.o)
                0x00080550                PIO_PullUp
 .text.PIO_SetPeripheral
                0x0008055a       0x26 C:\Users\calta\AppData\Local\arduino15\packages\arduino\hardware\sam\1.6.11\variants\arduino_due_x/libsam_sam3x8e_gcc_rel.a(pio.o)
                0x0008055a                PIO_SetPeripheral
 .text.PIO_SetInput
                0x00080580       0x26 C:\Users\calta\AppData\Local\arduino15\packages\arduino\hardware\sam\1.6.11\variants\arduino_due_x/libsam_sam3x8e_gcc_rel.a(pio.o)
                0x00080580                PIO_SetInput
 .text.PIO_SetOutput
                0x000805a6       0x24 C:\Users\calta\AppData\Local\arduino15\packages\arduino\hardware\sam\1.6.11\variants\arduino_due_x/libsam_sam3x8e_gcc_rel.a(pio.o)
                0x000805a6                PIO_SetOutput
 *fill*         0x000805ca        0x2 
 .text.PIO_Configure
                0x000805cc       0x64 C:\Users\calta\AppData\Local\arduino15\packages\arduino\hardware\sam\1.6.11\variants\arduino_due_x/libsam_sam3x8e_gcc_rel.a(pio.o)
                0x000805cc                PIO_Configure
 .text.PIO_GetOutputDataStatus
                0x00080630       0x14 C:\Users\calta\AppData\Local\arduino15\packages\arduino\hardware\sam\1.6.11\variants\arduino_due_x/libsam_sam3x8e_gcc_rel.a(pio.o)
                0x00080630                PIO_GetOutputDataStatus
 .text.pmc_enable_upll_clock
                0x00080644       0x14 C:\Users\calta\AppData\Local\arduino15\packages\arduino\hardware\sam\1.6.11\variants\arduino_due_x/libsam_sam3x8e_gcc_rel.a(pmc.o)
                0x00080644                pmc_enable_upll_clock
 .text.pmc_enable_periph_clk
                0x00080658       0x44 C:\Users\calta\AppData\Local\arduino15\packages\arduino\hardware\sam\1.6.11\variants\arduino_due_x/libsam_sam3x8e_gcc_rel.a(pmc.o)
                0x00080658                pmc_enable_periph_clk
 .text.pmc_disable_periph_clk
                0x0008069c       0x40 C:\Users\calta\AppData\Local\arduino15\packages\arduino\hardware\sam\1.6.11\variants\arduino_due_x/libsam_sam3x8e_gcc_rel.a(pmc.o)
                0x0008069c                pmc_disable_periph_clk
 .text.pmc_switch_udpck_to_upllck
                0x000806dc       0x14 C:\Users\calta\AppData\Local\arduino15\packages\arduino\hardware\sam\1.6.11\variants\arduino_due_x/libsam_sam3x8e_gcc_rel.a(pmc.o)
                0x000806dc                pmc_switch_udpck_to_upllck
 .text.pmc_enable_udpck
                0x000806f0        0xc C:\Users\calta\AppData\Local\arduino15\packages\arduino\hardware\sam\1.6.11\variants\arduino_due_x/libsam_sam3x8e_gcc_rel.a(pmc.o)
                0x000806f0                pmc_enable_udpck
 .text.SystemInit
                0x000806fc       0x88 C:\Users\calta\AppData\Local\arduino15\packages\arduino\hardware\sam\1.6.11\variants\arduino_due_x/libsam_sam3x8e_gcc_rel.a(system_sam3xa.o)
                0x000806fc                SystemInit
 .text.Reset_Handler
                0x00080784       0x78 C:\Users\calta\AppData\Local\arduino15\packages\arduino\hardware\sam\1.6.11\variants\arduino_due_x/libsam_sam3x8e_gcc_rel.a(startup_sam3xa.o)
                0x00080784                Reset_Handler
 .text.adc_init
                0x000807fc       0x98 C:\Users\calta\AppData\Local\arduino15\packages\arduino\hardware\sam\1.6.11\variants\arduino_due_x/libsam_sam3x8e_gcc_rel.a(adc.o)
                0x000807fc                adc_init
 .text.adc_configure_trigger
                0x00080894        0xe C:\Users\calta\AppData\Local\arduino15\packages\arduino\hardware\sam\1.6.11\variants\arduino_due_x/libsam_sam3x8e_gcc_rel.a(adc.o)
                0x00080894                adc_configure_trigger
 .text.adc_configure_timing
                0x000808a2       0x1a C:\Users\calta\AppData\Local\arduino15\packages\arduino\hardware\sam\1.6.11\variants\arduino_due_x/libsam_sam3x8e_gcc_rel.a(adc.o)
                0x000808a2                adc_configure_timing
 .text.adc_start
                0x000808bc        0x6 C:\Users\calta\AppData\Local\arduino15\packages\arduino\hardware\sam\1.6.11\variants\arduino_due_x/libsam_sam3x8e_gcc_rel.a(adc.o)
                0x000808bc                adc_start
 .text.adc_enable_channel
                0x000808c2        0xa C:\Users\calta\AppData\Local\arduino15\packages\arduino\hardware\sam\1.6.11\variants\arduino_due_x/libsam_sam3x8e_gcc_rel.a(adc.o)
                0x000808c2                adc_enable_channel
 .text.adc_disable_channel
                0x000808cc        0xa C:\Users\calta\AppData\Local\arduino15\packages\arduino\hardware\sam\1.6.11\variants\arduino_due_x/libsam_sam3x8e_gcc_rel.a(adc.o)
                0x000808cc                adc_disable_channel
 .text.adc_disable_all_channel
                0x000808d6        0x8 C:\Users\calta\AppData\Local\arduino15\packages\arduino\hardware\sam\1.6.11\variants\arduino_due_x/libsam_sam3x8e_gcc_rel.a(adc.o)
                0x000808d6                adc_disable_all_channel
 .text.adc_get_channel_status
                0x000808de        0xa C:\Users\calta\AppData\Local\arduino15\packages\arduino\hardware\sam\1.6.11\variants\arduino_due_x/libsam_sam3x8e_gcc_rel.a(adc.o)
                0x000808de                adc_get_channel_status
 .text.adc_get_latest_value
                0x000808e8        0x4 C:\Users\calta\AppData\Local\arduino15\packages\arduino\hardware\sam\1.6.11\variants\arduino_due_x/libsam_sam3x8e_gcc_rel.a(adc.o)
                0x000808e8                adc_get_latest_value
 .text.adc_disable_interrupt
                0x000808ec        0x4 C:\Users\calta\AppData\Local\arduino15\packages\arduino\hardware\sam\1.6.11\variants\arduino_due_x/libsam_sam3x8e_gcc_rel.a(adc.o)
                0x000808ec                adc_disable_interrupt
 .text.adc_get_status
                0x000808f0        0x4 C:\Users\calta\AppData\Local\arduino15\packages\arduino\hardware\sam\1.6.11\variants\arduino_due_x/libsam_sam3x8e_gcc_rel.a(adc.o)
                0x000808f0                adc_get_status
 .text.UOTGHS_Handler
                0x000808f4       0x10 C:\Users\calta\AppData\Local\arduino15\packages\arduino\hardware\sam\1.6.11\variants\arduino_due_x/libsam_sam3x8e_gcc_rel.a(uotghs.o)
                0x000808f4                UOTGHS_Handler
 .text.__halt   0x00080904        0x2 C:\Users\calta\AppData\Local\Temp\VMBuilds\AcquisitionSketch_v1\arduino_due_x_dbg\Release/core.a(cortex_handlers.c.o)
                0x00080904                DACC_Handler
                0x00080904                DebugMon_Handler
                0x00080904                DMAC_Handler
                0x00080904                TRNG_Handler
                0x00080904                HardFault_Handler
                0x00080904                TC2_Handler
                0x00080904                TWI1_Handler
                0x00080904                NMI_Handler
                0x00080904                TC7_Handler
                0x00080904                ADC_Handler
                0x00080904                SMC_Handler
                0x00080904                RTT_Handler
                0x00080904                EFC1_Handler
                0x00080904                PIOB_Handler
                0x00080904                RTC_Handler
                0x00080904                UsageFault_Handler
                0x00080904                TC6_Handler
                0x00080904                WDT_Handler
                0x00080904                CAN0_Handler
                0x00080904                TC4_Handler
                0x00080904                TC1_Handler
                0x00080904                HSMCI_Handler
                0x00080904                TC3_Handler
                0x00080904                TWI0_Handler
                0x00080904                PIOA_Handler
                0x00080904                SSC_Handler
                0x00080904                EFC0_Handler
                0x00080904                PMC_Handler
                0x00080904                PWM_Handler
                0x00080904                CAN1_Handler
                0x00080904                MemManage_Handler
                0x00080904                SUPC_Handler
                0x00080904                TC8_Handler
                0x00080904                USART2_Handler
                0x00080904                PIOD_Handler
                0x00080904                EMAC_Handler
                0x00080904                PIOC_Handler
                0x00080904                BusFault_Handler
                0x00080904                RSTC_Handler
                0x00080904                TC0_Handler
                0x00080904                TC5_Handler
                0x00080904                SPI0_Handler
 .text.SVC_Handler
                0x00080906        0x4 C:\Users\calta\AppData\Local\Temp\VMBuilds\AcquisitionSketch_v1\arduino_due_x_dbg\Release/core.a(cortex_handlers.c.o)
                0x00080906                SVC_Handler
 .text.PendSV_Handler
                0x0008090a        0x4 C:\Users\calta\AppData\Local\Temp\VMBuilds\AcquisitionSketch_v1\arduino_due_x_dbg\Release/core.a(cortex_handlers.c.o)
                0x0008090a                PendSV_Handler
 .text.SysTick_Handler
                0x0008090e       0x16 C:\Users\calta\AppData\Local\Temp\VMBuilds\AcquisitionSketch_v1\arduino_due_x_dbg\Release/core.a(cortex_handlers.c.o)
                0x0008090e                SysTick_Handler
 .text.__empty  0x00080924        0x2 C:\Users\calta\AppData\Local\Temp\VMBuilds\AcquisitionSketch_v1\arduino_due_x_dbg\Release/core.a(hooks.c.o)
                0x00080924                yield
 .text.__false  0x00080926        0x4 C:\Users\calta\AppData\Local\Temp\VMBuilds\AcquisitionSketch_v1\arduino_due_x_dbg\Release/core.a(hooks.c.o)
                0x00080926                sysTickHook
 .text.__halt   0x0008092a        0x2 C:\Users\calta\AppData\Local\Temp\VMBuilds\AcquisitionSketch_v1\arduino_due_x_dbg\Release/core.a(hooks.c.o)
                0x0008092a                svcHook
                0x0008092a                pendSVHook
 .text._sbrk    0x0008092c       0x1c C:\Users\calta\AppData\Local\Temp\VMBuilds\AcquisitionSketch_v1\arduino_due_x_dbg\Release/core.a(syscalls_sam3.c.o)
                0x0008092c                _sbrk
 .text.link     0x00080948        0x6 C:\Users\calta\AppData\Local\Temp\VMBuilds\AcquisitionSketch_v1\arduino_due_x_dbg\Release/core.a(syscalls_sam3.c.o)
                0x00080948                link
 .text._close   0x0008094e        0x6 C:\Users\calta\AppData\Local\Temp\VMBuilds\AcquisitionSketch_v1\arduino_due_x_dbg\Release/core.a(syscalls_sam3.c.o)
                0x0008094e                _close
 .text._fstat   0x00080954        0xa C:\Users\calta\AppData\Local\Temp\VMBuilds\AcquisitionSketch_v1\arduino_due_x_dbg\Release/core.a(syscalls_sam3.c.o)
                0x00080954                _fstat
 .text._isatty  0x0008095e        0x4 C:\Users\calta\AppData\Local\Temp\VMBuilds\AcquisitionSketch_v1\arduino_due_x_dbg\Release/core.a(syscalls_sam3.c.o)
                0x0008095e                _isatty
 .text._lseek   0x00080962        0x4 C:\Users\calta\AppData\Local\Temp\VMBuilds\AcquisitionSketch_v1\arduino_due_x_dbg\Release/core.a(syscalls_sam3.c.o)
                0x00080962                _lseek
 .text._read    0x00080966        0x4 C:\Users\calta\AppData\Local\Temp\VMBuilds\AcquisitionSketch_v1\arduino_due_x_dbg\Release/core.a(syscalls_sam3.c.o)
                0x00080966                _read
 *fill*         0x0008096a        0x2 
 .text._write   0x0008096c       0x24 C:\Users\calta\AppData\Local\Temp\VMBuilds\AcquisitionSketch_v1\arduino_due_x_dbg\Release/core.a(syscalls_sam3.c.o)
                0x0008096c                _write
 .text._exit    0x00080990       0x10 C:\Users\calta\AppData\Local\Temp\VMBuilds\AcquisitionSketch_v1\arduino_due_x_dbg\Release/core.a(syscalls_sam3.c.o)
                0x00080990                _exit
 .text._kill    0x000809a0        0x2 C:\Users\calta\AppData\Local\Temp\VMBuilds\AcquisitionSketch_v1\arduino_due_x_dbg\Release/core.a(syscalls_sam3.c.o)
                0x000809a0                _kill
 .text._getpid  0x000809a2        0x6 C:\Users\calta\AppData\Local\Temp\VMBuilds\AcquisitionSketch_v1\arduino_due_x_dbg\Release/core.a(syscalls_sam3.c.o)
                0x000809a2                _getpid
 .text.mapResolution
                0x000809a8       0x12 C:\Users\calta\AppData\Local\Temp\VMBuilds\AcquisitionSketch_v1\arduino_due_x_dbg\Release/core.a(wiring_analog.c.o)
 *fill*         0x000809ba        0x2 
 .text.analogReadResolution
                0x000809bc        0xc C:\Users\calta\AppData\Local\Temp\VMBuilds\AcquisitionSketch_v1\arduino_due_x_dbg\Release/core.a(wiring_analog.c.o)
                0x000809bc                analogReadResolution
 .text.analogRead
                0x000809c8       0x9c C:\Users\calta\AppData\Local\Temp\VMBuilds\AcquisitionSketch_v1\arduino_due_x_dbg\Release/core.a(wiring_analog.c.o)
                0x000809c8                analogRead
 .text.analogOutputInit
                0x00080a64        0x2 C:\Users\calta\AppData\Local\Temp\VMBuilds\AcquisitionSketch_v1\arduino_due_x_dbg\Release/core.a(wiring_analog.c.o)
                0x00080a64                analogOutputInit
 *fill*         0x00080a66        0x2 
 .text.pinMode  0x00080a68      0x108 C:\Users\calta\AppData\Local\Temp\VMBuilds\AcquisitionSketch_v1\arduino_due_x_dbg\Release/core.a(wiring_digital.c.o)
                0x00080a68                pinMode
 .text.digitalWrite
                0x00080b70       0x70 C:\Users\calta\AppData\Local\Temp\VMBuilds\AcquisitionSketch_v1\arduino_due_x_dbg\Release/core.a(wiring_digital.c.o)
                0x00080b70                digitalWrite
 .text.initVariant
                0x00080be0        0x2 C:\Users\calta\AppData\Local\Temp\VMBuilds\AcquisitionSketch_v1\arduino_due_x_dbg\Release/core.a(main.cpp.o)
                0x00080be0                initVariant
 *fill*         0x00080be2        0x2 
 .text.startup.main
                0x00080be4       0x38 C:\Users\calta\AppData\Local\Temp\VMBuilds\AcquisitionSketch_v1\arduino_due_x_dbg\Release/core.a(main.cpp.o)
                0x00080be4                main
 .text._ZN5Print5writeEPKhj
                0x00080c1c       0x22 C:\Users\calta\AppData\Local\Temp\VMBuilds\AcquisitionSketch_v1\arduino_due_x_dbg\Release/core.a(Print.cpp.o)
                0x00080c1c                Print::write(unsigned char const*, unsigned int)
 .text._ZN5Print5writeEPKc
                0x00080c3e       0x1e C:\Users\calta\AppData\Local\Temp\VMBuilds\AcquisitionSketch_v1\arduino_due_x_dbg\Release/core.a(Print.cpp.o)
                0x00080c3e                Print::write(char const*)
 .text._ZN5Print5printEPKc
                0x00080c5c        0x8 C:\Users\calta\AppData\Local\Temp\VMBuilds\AcquisitionSketch_v1\arduino_due_x_dbg\Release/core.a(Print.cpp.o)
                0x00080c5c                Print::print(char const*)
 .text._ZN5Print5printEc
                0x00080c64        0xa C:\Users\calta\AppData\Local\Temp\VMBuilds\AcquisitionSketch_v1\arduino_due_x_dbg\Release/core.a(Print.cpp.o)
                0x00080c64                Print::print(char)
 *fill*         0x00080c6e        0x2 
 .text._ZN5Print7printlnEv
                0x00080c70       0x10 C:\Users\calta\AppData\Local\Temp\VMBuilds\AcquisitionSketch_v1\arduino_due_x_dbg\Release/core.a(Print.cpp.o)
                0x00080c70                Print::println()
 .text._ZN5Print7printlnEPKc
                0x00080c80       0x14 C:\Users\calta\AppData\Local\Temp\VMBuilds\AcquisitionSketch_v1\arduino_due_x_dbg\Release/core.a(Print.cpp.o)
                0x00080c80                Print::println(char const*)
 .text._ZN5Print11printNumberEmh
                0x00080c94       0x3e C:\Users\calta\AppData\Local\Temp\VMBuilds\AcquisitionSketch_v1\arduino_due_x_dbg\Release/core.a(Print.cpp.o)
                0x00080c94                Print::printNumber(unsigned long, unsigned char)
 .text._ZN5Print5printEli
                0x00080cd2       0x3c C:\Users\calta\AppData\Local\Temp\VMBuilds\AcquisitionSketch_v1\arduino_due_x_dbg\Release/core.a(Print.cpp.o)
                0x00080cd2                Print::print(long, int)
 .text._ZN5Print5printEii
                0x00080d0e        0x4 C:\Users\calta\AppData\Local\Temp\VMBuilds\AcquisitionSketch_v1\arduino_due_x_dbg\Release/core.a(Print.cpp.o)
                0x00080d0e                Print::print(int, int)
 *fill*         0x00080d12        0x2 
 .text.initiateReset
                0x00080d14        0xc C:\Users\calta\AppData\Local\Temp\VMBuilds\AcquisitionSketch_v1\arduino_due_x_dbg\Release/core.a(Reset.cpp.o)
                0x00080d14                initiateReset
 .text.cancelReset
                0x00080d20       0x10 C:\Users\calta\AppData\Local\Temp\VMBuilds\AcquisitionSketch_v1\arduino_due_x_dbg\Release/core.a(Reset.cpp.o)
                0x00080d20                cancelReset
 .text.tickReset
                0x00080d30       0x20 C:\Users\calta\AppData\Local\Temp\VMBuilds\AcquisitionSketch_v1\arduino_due_x_dbg\Release/core.a(Reset.cpp.o)
                0x00080d30                tickReset
 .text._ZN10RingBufferC2Ev
                0x00080d50       0x1a C:\Users\calta\AppData\Local\Temp\VMBuilds\AcquisitionSketch_v1\arduino_due_x_dbg\Release/core.a(RingBuffer.cpp.o)
                0x00080d50                RingBuffer::RingBuffer()
                0x00080d50                RingBuffer::RingBuffer()
 .text._ZN10RingBuffer10store_charEh
                0x00080d6a       0x1e C:\Users\calta\AppData\Local\Temp\VMBuilds\AcquisitionSketch_v1\arduino_due_x_dbg\Release/core.a(RingBuffer.cpp.o)
                0x00080d6a                RingBuffer::store_char(unsigned char)
 .text._ZN9UARTClasscvbEv
                0x00080d88        0x4 C:\Users\calta\AppData\Local\Temp\VMBuilds\AcquisitionSketch_v1\arduino_due_x_dbg\Release/core.a(UARTClass.cpp.o)
                0x00080d88                UARTClass::operator bool()
 .text._ZN9UARTClass9availableEv
                0x00080d8c       0x12 C:\Users\calta\AppData\Local\Temp\VMBuilds\AcquisitionSketch_v1\arduino_due_x_dbg\Release/core.a(UARTClass.cpp.o)
                0x00080d8c                UARTClass::available()
 .text._ZN9UARTClass4peekEv
                0x00080d9e       0x1c C:\Users\calta\AppData\Local\Temp\VMBuilds\AcquisitionSketch_v1\arduino_due_x_dbg\Release/core.a(UARTClass.cpp.o)
                0x00080d9e                UARTClass::peek()
 .text._ZN9UARTClass4readEv
                0x00080dba       0x2a C:\Users\calta\AppData\Local\Temp\VMBuilds\AcquisitionSketch_v1\arduino_due_x_dbg\Release/core.a(UARTClass.cpp.o)
                0x00080dba                UARTClass::read()
 .text._ZN9UARTClass5flushEv
                0x00080de4       0x18 C:\Users\calta\AppData\Local\Temp\VMBuilds\AcquisitionSketch_v1\arduino_due_x_dbg\Release/core.a(UARTClass.cpp.o)
                0x00080de4                UARTClass::flush()
 .text._ZN9UARTClass5writeEh
                0x00080dfc       0x54 C:\Users\calta\AppData\Local\Temp\VMBuilds\AcquisitionSketch_v1\arduino_due_x_dbg\Release/core.a(UARTClass.cpp.o)
                0x00080dfc                UARTClass::write(unsigned char)
 .text._ZN9UARTClass3endEv
                0x00080e50       0x3c C:\Users\calta\AppData\Local\Temp\VMBuilds\AcquisitionSketch_v1\arduino_due_x_dbg\Release/core.a(UARTClass.cpp.o)
                0x00080e50                UARTClass::end()
 .text._ZN9UARTClassC2EP4Uart4IRQnmP10RingBufferS4_
                0x00080e8c       0x24 C:\Users\calta\AppData\Local\Temp\VMBuilds\AcquisitionSketch_v1\arduino_due_x_dbg\Release/core.a(UARTClass.cpp.o)
                0x00080e8c                UARTClass::UARTClass(Uart*, IRQn, unsigned long, RingBuffer*, RingBuffer*)
                0x00080e8c                UARTClass::UARTClass(Uart*, IRQn, unsigned long, RingBuffer*, RingBuffer*)
 .text._ZN9UARTClass4initEmm
                0x00080eb0       0x70 C:\Users\calta\AppData\Local\Temp\VMBuilds\AcquisitionSketch_v1\arduino_due_x_dbg\Release/core.a(UARTClass.cpp.o)
                0x00080eb0                UARTClass::init(unsigned long, unsigned long)
 .text._ZN9UARTClass5beginEm
                0x00080f20        0x8 C:\Users\calta\AppData\Local\Temp\VMBuilds\AcquisitionSketch_v1\arduino_due_x_dbg\Release/core.a(UARTClass.cpp.o)
                0x00080f20                UARTClass::begin(unsigned long)
 .text._ZN9UARTClass10IrqHandlerEv
                0x00080f28       0x5a C:\Users\calta\AppData\Local\Temp\VMBuilds\AcquisitionSketch_v1\arduino_due_x_dbg\Release/core.a(UARTClass.cpp.o)
                0x00080f28                UARTClass::IrqHandler()
 .text._ZN10USARTClass5beginEm
                0x00080f82        0x8 C:\Users\calta\AppData\Local\Temp\VMBuilds\AcquisitionSketch_v1\arduino_due_x_dbg\Release/core.a(USARTClass.cpp.o)
                0x00080f82                USARTClass::begin(unsigned long)
 *fill*         0x00080f8a        0x2 
 .text._ZN10USARTClassC2EP5Usart4IRQnmP10RingBufferS4_
                0x00080f8c       0x24 C:\Users\calta\AppData\Local\Temp\VMBuilds\AcquisitionSketch_v1\arduino_due_x_dbg\Release/core.a(USARTClass.cpp.o)
                0x00080f8c                USARTClass::USARTClass(Usart*, IRQn, unsigned long, RingBuffer*, RingBuffer*)
                0x00080f8c                USARTClass::USARTClass(Usart*, IRQn, unsigned long, RingBuffer*, RingBuffer*)
 .text._watchdogDefaultSetup
                0x00080fb0        0xc C:\Users\calta\AppData\Local\Temp\VMBuilds\AcquisitionSketch_v1\arduino_due_x_dbg\Release/core.a(watchdog.cpp.o)
                0x00080fb0                _watchdogDefaultSetup
                0x00080fb0                watchdogSetup()
 .text.unlikely._ZL11USB_SendZlpv
                0x00080fbc       0x20 C:\Users\calta\AppData\Local\Temp\VMBuilds\AcquisitionSketch_v1\arduino_due_x_dbg\Release/core.a(USBCore.cpp.o)
 .text._Z14USBD_Availablem
                0x00080fdc       0x2c C:\Users\calta\AppData\Local\Temp\VMBuilds\AcquisitionSketch_v1\arduino_due_x_dbg\Release/core.a(USBCore.cpp.o)
                0x00080fdc                USBD_Available(unsigned long)
 .text._Z9USBD_RecvmPvm
                0x00081008       0x7c C:\Users\calta\AppData\Local\Temp\VMBuilds\AcquisitionSketch_v1\arduino_due_x_dbg\Release/core.a(USBCore.cpp.o)
                0x00081008                USBD_Recv(unsigned long, void*, unsigned long)
 .text._Z9USBD_Recvm
                0x00081084       0x22 C:\Users\calta\AppData\Local\Temp\VMBuilds\AcquisitionSketch_v1\arduino_due_x_dbg\Release/core.a(USBCore.cpp.o)
                0x00081084                USBD_Recv(unsigned long)
 *fill*         0x000810a6        0x2 
 .text._Z9USBD_SendmPKvm
                0x000810a8       0x4c C:\Users\calta\AppData\Local\Temp\VMBuilds\AcquisitionSketch_v1\arduino_due_x_dbg\Release/core.a(USBCore.cpp.o)
                0x000810a8                USBD_Send(unsigned long, void const*, unsigned long)
 .text._Z16USBD_SendControlhPKvm
                0x000810f4       0x40 C:\Users\calta\AppData\Local\Temp\VMBuilds\AcquisitionSketch_v1\arduino_due_x_dbg\Release/core.a(USBCore.cpp.o)
                0x000810f4                USBD_SendControl(unsigned char, void const*, unsigned long)
 .text.unlikely._ZL24USB_SendStringDescriptorPKhi
                0x00081134       0x64 C:\Users\calta\AppData\Local\Temp\VMBuilds\AcquisitionSketch_v1\arduino_due_x_dbg\Release/core.a(USBCore.cpp.o)
 .text._Z16USBD_RecvControlPvm
                0x00081198       0x1c C:\Users\calta\AppData\Local\Temp\VMBuilds\AcquisitionSketch_v1\arduino_due_x_dbg\Release/core.a(USBCore.cpp.o)
                0x00081198                USBD_RecvControl(void*, unsigned long)
 .text._Z26USBD_ClassInterfaceRequestR8USBSetup
                0x000811b4       0x1e C:\Users\calta\AppData\Local\Temp\VMBuilds\AcquisitionSketch_v1\arduino_due_x_dbg\Release/core.a(USBCore.cpp.o)
                0x000811b4                USBD_ClassInterfaceRequest(USBSetup&)
 .text._Z19USBD_SendInterfacesv
                0x000811d2       0x22 C:\Users\calta\AppData\Local\Temp\VMBuilds\AcquisitionSketch_v1\arduino_due_x_dbg\Release/core.a(USBCore.cpp.o)
                0x000811d2                USBD_SendInterfaces()
 .text._Z24USBD_SendOtherInterfacesv
                0x000811f4       0x22 C:\Users\calta\AppData\Local\Temp\VMBuilds\AcquisitionSketch_v1\arduino_due_x_dbg\Release/core.a(USBCore.cpp.o)
                0x000811f4                USBD_SendOtherInterfaces()
 .text._Z10USBD_Flushm
                0x00081216       0x16 C:\Users\calta\AppData\Local\Temp\VMBuilds\AcquisitionSketch_v1\arduino_due_x_dbg\Release/core.a(USBCore.cpp.o)
                0x00081216                USBD_Flush(unsigned long)
 .text._ZN10USBDevice_C2Ev
                0x0008122c       0x24 C:\Users\calta\AppData\Local\Temp\VMBuilds\AcquisitionSketch_v1\arduino_due_x_dbg\Release/core.a(USBCore.cpp.o)
                0x0008122c                USBDevice_::USBDevice_()
                0x0008122c                USBDevice_::USBDevice_()
 .text._ZN10USBDevice_6attachEv
                0x00081250       0x20 C:\Users\calta\AppData\Local\Temp\VMBuilds\AcquisitionSketch_v1\arduino_due_x_dbg\Release/core.a(USBCore.cpp.o)
                0x00081250                USBDevice_::attach()
 .text.startup._GLOBAL__sub_I_EndPoints
                0x00081270        0xc C:\Users\calta\AppData\Local\Temp\VMBuilds\AcquisitionSketch_v1\arduino_due_x_dbg\Release/core.a(USBCore.cpp.o)
 .text._ZL7USB_ISRv
                0x0008127c      0x454 C:\Users\calta\AppData\Local\Temp\VMBuilds\AcquisitionSketch_v1\arduino_due_x_dbg\Release/core.a(USBCore.cpp.o)
 .text.delay    0x000816d0       0x1c C:\Users\calta\AppData\Local\Temp\VMBuilds\AcquisitionSketch_v1\arduino_due_x_dbg\Release/core.a(wiring.c.o)
                0x000816d0                delay
 .text._ZN7Serial_9availableEv
                0x000816ec       0x18 C:\Users\calta\AppData\Local\Temp\VMBuilds\AcquisitionSketch_v1\arduino_due_x_dbg\Release/core.a(CDC.cpp.o)
                0x000816ec                Serial_::available()
 .text._ZN7Serial_17availableForWriteEv
                0x00081704        0x6 C:\Users\calta\AppData\Local\Temp\VMBuilds\AcquisitionSketch_v1\arduino_due_x_dbg\Release/core.a(CDC.cpp.o)
                0x00081704                Serial_::availableForWrite()
 *fill*         0x0008170a        0x2 
 .text._ZN7Serial_4peekEv
                0x0008170c       0x20 C:\Users\calta\AppData\Local\Temp\VMBuilds\AcquisitionSketch_v1\arduino_due_x_dbg\Release/core.a(CDC.cpp.o)
                0x0008170c                Serial_::peek()
 .text._ZN7Serial_5writeEh
                0x0008172c       0x16 C:\Users\calta\AppData\Local\Temp\VMBuilds\AcquisitionSketch_v1\arduino_due_x_dbg\Release/core.a(CDC.cpp.o)
                0x0008172c                Serial_::write(unsigned char)
 *fill*         0x00081742        0x2 
 .text._ZN7Serial_4readEv
                0x00081744       0x44 C:\Users\calta\AppData\Local\Temp\VMBuilds\AcquisitionSketch_v1\arduino_due_x_dbg\Release/core.a(CDC.cpp.o)
                0x00081744                Serial_::read()
 .text._ZN7Serial_5flushEv
                0x00081788        0x6 C:\Users\calta\AppData\Local\Temp\VMBuilds\AcquisitionSketch_v1\arduino_due_x_dbg\Release/core.a(CDC.cpp.o)
                0x00081788                Serial_::flush()
 *fill*         0x0008178e        0x2 
 .text._ZN7Serial_6acceptEv
                0x00081790       0x70 C:\Users\calta\AppData\Local\Temp\VMBuilds\AcquisitionSketch_v1\arduino_due_x_dbg\Release/core.a(CDC.cpp.o)
                0x00081790                Serial_::accept()
 .text._ZN7Serial_5writeEPKhj
                0x00081800       0x2c C:\Users\calta\AppData\Local\Temp\VMBuilds\AcquisitionSketch_v1\arduino_due_x_dbg\Release/core.a(CDC.cpp.o)
                0x00081800                Serial_::write(unsigned char const*, unsigned int)
 .text._Z16CDC_GetInterfacePh
                0x0008182c       0x14 C:\Users\calta\AppData\Local\Temp\VMBuilds\AcquisitionSketch_v1\arduino_due_x_dbg\Release/core.a(CDC.cpp.o)
                0x0008182c                CDC_GetInterface(unsigned char*)
 .text._Z21CDC_GetOtherInterfacePh
                0x00081840       0x14 C:\Users\calta\AppData\Local\Temp\VMBuilds\AcquisitionSketch_v1\arduino_due_x_dbg\Release/core.a(CDC.cpp.o)
                0x00081840                CDC_GetOtherInterface(unsigned char*)
 .text._Z9CDC_SetupR8USBSetup
                0x00081854       0x78 C:\Users\calta\AppData\Local\Temp\VMBuilds\AcquisitionSketch_v1\arduino_due_x_dbg\Release/core.a(CDC.cpp.o)
                0x00081854                CDC_Setup(USBSetup&)
 .text.startup._GLOBAL__sub_I_cdc_rx_buffer
                0x000818cc       0x1c C:\Users\calta\AppData\Local\Temp\VMBuilds\AcquisitionSketch_v1\arduino_due_x_dbg\Release/core.a(CDC.cpp.o)
 .text._ZN13PluggableUSB_12getInterfaceEPh
                0x000818e8       0x28 C:\Users\calta\AppData\Local\Temp\VMBuilds\AcquisitionSketch_v1\arduino_due_x_dbg\Release/core.a(PluggableUSB.cpp.o)
                0x000818e8                PluggableUSB_::getInterface(unsigned char*)
 .text._ZN13PluggableUSB_13getDescriptorER8USBSetup
                0x00081910       0x1c C:\Users\calta\AppData\Local\Temp\VMBuilds\AcquisitionSketch_v1\arduino_due_x_dbg\Release/core.a(PluggableUSB.cpp.o)
                0x00081910                PluggableUSB_::getDescriptor(USBSetup&)
 .text._ZN13PluggableUSB_12getShortNameEPc
                0x0008192c       0x1c C:\Users\calta\AppData\Local\Temp\VMBuilds\AcquisitionSketch_v1\arduino_due_x_dbg\Release/core.a(PluggableUSB.cpp.o)
                0x0008192c                PluggableUSB_::getShortName(char*)
 .text._ZN13PluggableUSB_5setupER8USBSetup
                0x00081948       0x20 C:\Users\calta\AppData\Local\Temp\VMBuilds\AcquisitionSketch_v1\arduino_due_x_dbg\Release/core.a(PluggableUSB.cpp.o)
                0x00081948                PluggableUSB_::setup(USBSetup&)
 .text._Z12PluggableUSBv
                0x00081968       0x28 C:\Users\calta\AppData\Local\Temp\VMBuilds\AcquisitionSketch_v1\arduino_due_x_dbg\Release/core.a(PluggableUSB.cpp.o)
                0x00081968                PluggableUSB()
 .text.TimeTick_Increment
                0x00081990       0x10 C:\Users\calta\AppData\Local\arduino15\packages\arduino\hardware\sam\1.6.11\variants\arduino_due_x/libsam_sam3x8e_gcc_rel.a(timetick.o)
                0x00081990                TimeTick_Increment
 .text.GetTickCount
                0x000819a0        0xc C:\Users\calta\AppData\Local\arduino15\packages\arduino\hardware\sam\1.6.11\variants\arduino_due_x/libsam_sam3x8e_gcc_rel.a(timetick.o)
                0x000819a0                GetTickCount
 .text.WDT_Disable
                0x000819ac        0x8 C:\Users\calta\AppData\Local\arduino15\packages\arduino\hardware\sam\1.6.11\variants\arduino_due_x/libsam_sam3x8e_gcc_rel.a(wdt.o)
                0x000819ac                WDT_Disable
 .text.UDD_SetStack
                0x000819b4        0xc C:\Users\calta\AppData\Local\arduino15\packages\arduino\hardware\sam\1.6.11\variants\arduino_due_x/libsam_sam3x8e_gcc_rel.a(uotghs_device.o)
                0x000819b4                UDD_SetStack
 .text.UDD_Init
                0x000819c0       0xd0 C:\Users\calta\AppData\Local\arduino15\packages\arduino\hardware\sam\1.6.11\variants\arduino_due_x/libsam_sam3x8e_gcc_rel.a(uotghs_device.o)
                0x000819c0                UDD_Init
 .text.UDD_Attach
                0x00081a90       0x50 C:\Users\calta\AppData\Local\arduino15\packages\arduino\hardware\sam\1.6.11\variants\arduino_due_x/libsam_sam3x8e_gcc_rel.a(uotghs_device.o)
                0x00081a90                UDD_Attach
 .text.UDD_InitEP
                0x00081ae0       0x2c C:\Users\calta\AppData\Local\arduino15\packages\arduino\hardware\sam\1.6.11\variants\arduino_due_x/libsam_sam3x8e_gcc_rel.a(uotghs_device.o)
                0x00081ae0                UDD_InitEP
 .text.UDD_InitEndpoints
                0x00081b0c       0x3c C:\Users\calta\AppData\Local\arduino15\packages\arduino\hardware\sam\1.6.11\variants\arduino_due_x/libsam_sam3x8e_gcc_rel.a(uotghs_device.o)
                0x00081b0c                UDD_InitEndpoints
 .text.UDD_WaitIN
                0x00081b48       0x10 C:\Users\calta\AppData\Local\arduino15\packages\arduino\hardware\sam\1.6.11\variants\arduino_due_x/libsam_sam3x8e_gcc_rel.a(uotghs_device.o)
                0x00081b48                UDD_WaitIN
 .text.UDD_WaitOUT
                0x00081b58       0x10 C:\Users\calta\AppData\Local\arduino15\packages\arduino\hardware\sam\1.6.11\variants\arduino_due_x/libsam_sam3x8e_gcc_rel.a(uotghs_device.o)
                0x00081b58                UDD_WaitOUT
 .text.UDD_ClearIN
                0x00081b68       0x18 C:\Users\calta\AppData\Local\arduino15\packages\arduino\hardware\sam\1.6.11\variants\arduino_due_x/libsam_sam3x8e_gcc_rel.a(uotghs_device.o)
                0x00081b68                UDD_ClearIN
 .text.UDD_ClearOUT
                0x00081b80       0x18 C:\Users\calta\AppData\Local\arduino15\packages\arduino\hardware\sam\1.6.11\variants\arduino_due_x/libsam_sam3x8e_gcc_rel.a(uotghs_device.o)
                0x00081b80                UDD_ClearOUT
 .text.UDD_ReceivedSetupInt
                0x00081b98       0x10 C:\Users\calta\AppData\Local\arduino15\packages\arduino\hardware\sam\1.6.11\variants\arduino_due_x/libsam_sam3x8e_gcc_rel.a(uotghs_device.o)
                0x00081b98                UDD_ReceivedSetupInt
 .text.UDD_ClearSetupInt
                0x00081ba8       0x10 C:\Users\calta\AppData\Local\arduino15\packages\arduino\hardware\sam\1.6.11\variants\arduino_due_x/libsam_sam3x8e_gcc_rel.a(uotghs_device.o)
                0x00081ba8                UDD_ClearSetupInt
 .text.UDD_Send
                0x00081bb8       0x88 C:\Users\calta\AppData\Local\arduino15\packages\arduino\hardware\sam\1.6.11\variants\arduino_due_x/libsam_sam3x8e_gcc_rel.a(uotghs_device.o)
                0x00081bb8                UDD_Send
 .text.UDD_Send8
                0x00081c40       0x24 C:\Users\calta\AppData\Local\arduino15\packages\arduino\hardware\sam\1.6.11\variants\arduino_due_x/libsam_sam3x8e_gcc_rel.a(uotghs_device.o)
                0x00081c40                UDD_Send8
 .text.UDD_Recv8
                0x00081c64       0x28 C:\Users\calta\AppData\Local\arduino15\packages\arduino\hardware\sam\1.6.11\variants\arduino_due_x/libsam_sam3x8e_gcc_rel.a(uotghs_device.o)
                0x00081c64                UDD_Recv8
 .text.UDD_Recv
                0x00081c8c       0x34 C:\Users\calta\AppData\Local\arduino15\packages\arduino\hardware\sam\1.6.11\variants\arduino_due_x/libsam_sam3x8e_gcc_rel.a(uotghs_device.o)
                0x00081c8c                UDD_Recv
 .text.UDD_Stall
                0x00081cc0       0x14 C:\Users\calta\AppData\Local\arduino15\packages\arduino\hardware\sam\1.6.11\variants\arduino_due_x/libsam_sam3x8e_gcc_rel.a(uotghs_device.o)
                0x00081cc0                UDD_Stall
 .text.UDD_FifoByteCount
                0x00081cd4       0x14 C:\Users\calta\AppData\Local\arduino15\packages\arduino\hardware\sam\1.6.11\variants\arduino_due_x/libsam_sam3x8e_gcc_rel.a(uotghs_device.o)
                0x00081cd4                UDD_FifoByteCount
 .text.UDD_ReleaseRX
                0x00081ce8       0x28 C:\Users\calta\AppData\Local\arduino15\packages\arduino\hardware\sam\1.6.11\variants\arduino_due_x/libsam_sam3x8e_gcc_rel.a(uotghs_device.o)
                0x00081ce8                UDD_ReleaseRX
 .text.UDD_ReleaseTX
                0x00081d10       0x28 C:\Users\calta\AppData\Local\arduino15\packages\arduino\hardware\sam\1.6.11\variants\arduino_due_x/libsam_sam3x8e_gcc_rel.a(uotghs_device.o)
                0x00081d10                UDD_ReleaseTX
 .text.UDD_SetAddress
                0x00081d38       0x20 C:\Users\calta\AppData\Local\arduino15\packages\arduino\hardware\sam\1.6.11\variants\arduino_due_x/libsam_sam3x8e_gcc_rel.a(uotghs_device.o)
                0x00081d38                UDD_SetAddress
 .text.__libc_init_array
                0x00081d58       0x50 c:/users/calta/appdata/local/arduino15/packages/arduino/tools/arm-none-eabi-gcc/4.8.3-2014q1/bin/../lib/gcc/arm-none-eabi/4.8.3/../../../../arm-none-eabi/lib/armv7-m\libg.a(lib_a-init.o)
                0x00081d58                __libc_init_array
 .text.iprintf  0x00081da8       0x28 c:/users/calta/appdata/local/arduino15/packages/arduino/tools/arm-none-eabi-gcc/4.8.3-2014q1/bin/../lib/gcc/arm-none-eabi/4.8.3/../../../../arm-none-eabi/lib/armv7-m\libg.a(lib_a-iprintf.o)
                0x00081da8                iprintf
 .text.memset   0x00081dd0       0x94 c:/users/calta/appdata/local/arduino15/packages/arduino/tools/arm-none-eabi-gcc/4.8.3-2014q1/bin/../lib/gcc/arm-none-eabi/4.8.3/../../../../arm-none-eabi/lib/armv7-m\libg.a(lib_a-memset.o)
                0x00081dd0                memset
 .text.strlen   0x00081e64       0x60 c:/users/calta/appdata/local/arduino15/packages/arduino/tools/arm-none-eabi-gcc/4.8.3-2014q1/bin/../lib/gcc/arm-none-eabi/4.8.3/../../../../arm-none-eabi/lib/armv7-m\libg.a(lib_a-strlen.o)
                0x00081e64                strlen
 .text.kill     0x00081ec4       0x10 c:/users/calta/appdata/local/arduino15/packages/arduino/tools/arm-none-eabi-gcc/4.8.3-2014q1/bin/../lib/gcc/arm-none-eabi/4.8.3/../../../../arm-none-eabi/lib/armv7-m\libg.a(lib_a-syskill.o)
                0x00081ec4                kill
 .text.__sprint_r.part.0
                0x00081ed4       0x78 c:/users/calta/appdata/local/arduino15/packages/arduino/tools/arm-none-eabi-gcc/4.8.3-2014q1/bin/../lib/gcc/arm-none-eabi/4.8.3/../../../../arm-none-eabi/lib/armv7-m\libg.a(lib_a-vfiprintf.o)
 .text._vfiprintf_r
                0x00081f4c      0xc54 c:/users/calta/appdata/local/arduino15/packages/arduino/tools/arm-none-eabi-gcc/4.8.3-2014q1/bin/../lib/gcc/arm-none-eabi/4.8.3/../../../../arm-none-eabi/lib/armv7-m\libg.a(lib_a-vfiprintf.o)
                0x00081f4c                _vfiprintf_r
 .text.__sbprintf
                0x00082ba0       0x7c c:/users/calta/appdata/local/arduino15/packages/arduino/tools/arm-none-eabi-gcc/4.8.3-2014q1/bin/../lib/gcc/arm-none-eabi/4.8.3/../../../../arm-none-eabi/lib/armv7-m\libg.a(lib_a-vfiprintf.o)
 .text.__swsetup_r
                0x00082c1c       0xc4 c:/users/calta/appdata/local/arduino15/packages/arduino/tools/arm-none-eabi-gcc/4.8.3-2014q1/bin/../lib/gcc/arm-none-eabi/4.8.3/../../../../arm-none-eabi/lib/armv7-m\libg.a(lib_a-wsetup.o)
                0x00082c1c                __swsetup_r
 .text.startup.register_fini
                0x00082ce0       0x14 c:/users/calta/appdata/local/arduino15/packages/arduino/tools/arm-none-eabi-gcc/4.8.3-2014q1/bin/../lib/gcc/arm-none-eabi/4.8.3/../../../../arm-none-eabi/lib/armv7-m\libg.a(lib_a-__call_atexit.o)
 .text.atexit   0x00082cf4        0xc c:/users/calta/appdata/local/arduino15/packages/arduino/tools/arm-none-eabi-gcc/4.8.3-2014q1/bin/../lib/gcc/arm-none-eabi/4.8.3/../../../../arm-none-eabi/lib/armv7-m\libg.a(lib_a-atexit.o)
                0x00082cf4                atexit
 .text.__sflush_r
                0x00082d00      0x148 c:/users/calta/appdata/local/arduino15/packages/arduino/tools/arm-none-eabi-gcc/4.8.3-2014q1/bin/../lib/gcc/arm-none-eabi/4.8.3/../../../../arm-none-eabi/lib/armv7-m\libg.a(lib_a-fflush.o)
                0x00082d00                __sflush_r
 .text._fflush_r
                0x00082e48       0x2c c:/users/calta/appdata/local/arduino15/packages/arduino/tools/arm-none-eabi-gcc/4.8.3-2014q1/bin/../lib/gcc/arm-none-eabi/4.8.3/../../../../arm-none-eabi/lib/armv7-m\libg.a(lib_a-fflush.o)
                0x00082e48                _fflush_r
 .text._cleanup_r
                0x00082e74        0xc c:/users/calta/appdata/local/arduino15/packages/arduino/tools/arm-none-eabi-gcc/4.8.3-2014q1/bin/../lib/gcc/arm-none-eabi/4.8.3/../../../../arm-none-eabi/lib/armv7-m\libg.a(lib_a-findfp.o)
                0x00082e74                _cleanup_r
 .text.__sinit  0x00082e80       0xf4 c:/users/calta/appdata/local/arduino15/packages/arduino/tools/arm-none-eabi-gcc/4.8.3-2014q1/bin/../lib/gcc/arm-none-eabi/4.8.3/../../../../arm-none-eabi/lib/armv7-m\libg.a(lib_a-findfp.o)
                0x00082e80                __sinit
 .text.__sfp_lock_acquire
                0x00082f74        0x4 c:/users/calta/appdata/local/arduino15/packages/arduino/tools/arm-none-eabi-gcc/4.8.3-2014q1/bin/../lib/gcc/arm-none-eabi/4.8.3/../../../../arm-none-eabi/lib/armv7-m\libg.a(lib_a-findfp.o)
                0x00082f74                __sfp_lock_acquire
 .text.__sfp_lock_release
                0x00082f78        0x4 c:/users/calta/appdata/local/arduino15/packages/arduino/tools/arm-none-eabi-gcc/4.8.3-2014q1/bin/../lib/gcc/arm-none-eabi/4.8.3/../../../../arm-none-eabi/lib/armv7-m\libg.a(lib_a-findfp.o)
                0x00082f78                __sfp_lock_release
 .text.__libc_fini_array
                0x00082f7c       0x30 c:/users/calta/appdata/local/arduino15/packages/arduino/tools/arm-none-eabi-gcc/4.8.3-2014q1/bin/../lib/gcc/arm-none-eabi/4.8.3/../../../../arm-none-eabi/lib/armv7-m\libg.a(lib_a-fini.o)
                0x00082f7c                __libc_fini_array
 .text._fputwc_r
                0x00082fac       0xc0 c:/users/calta/appdata/local/arduino15/packages/arduino/tools/arm-none-eabi-gcc/4.8.3-2014q1/bin/../lib/gcc/arm-none-eabi/4.8.3/../../../../arm-none-eabi/lib/armv7-m\libg.a(lib_a-fputwc.o)
                0x00082fac                _fputwc_r
 .text._malloc_trim_r
                0x0008306c       0x9c c:/users/calta/appdata/local/arduino15/packages/arduino/tools/arm-none-eabi-gcc/4.8.3-2014q1/bin/../lib/gcc/arm-none-eabi/4.8.3/../../../../arm-none-eabi/lib/armv7-m\libg.a(lib_a-freer.o)
                0x0008306c                _malloc_trim_r
 .text._free_r  0x00083108      0x198 c:/users/calta/appdata/local/arduino15/packages/arduino/tools/arm-none-eabi-gcc/4.8.3-2014q1/bin/../lib/gcc/arm-none-eabi/4.8.3/../../../../arm-none-eabi/lib/armv7-m\libg.a(lib_a-freer.o)
                0x00083108                _free_r
 .text.__sfvwrite_r
                0x000832a0      0x314 c:/users/calta/appdata/local/arduino15/packages/arduino/tools/arm-none-eabi-gcc/4.8.3-2014q1/bin/../lib/gcc/arm-none-eabi/4.8.3/../../../../arm-none-eabi/lib/armv7-m\libg.a(lib_a-fvwrite.o)
                0x000832a0                __sfvwrite_r
 .text._fwalk   0x000835b4       0x48 c:/users/calta/appdata/local/arduino15/packages/arduino/tools/arm-none-eabi-gcc/4.8.3-2014q1/bin/../lib/gcc/arm-none-eabi/4.8.3/../../../../arm-none-eabi/lib/armv7-m\libg.a(lib_a-fwalk.o)
                0x000835b4                _fwalk
 .text.__locale_charset
                0x000835fc        0x8 c:/users/calta/appdata/local/arduino15/packages/arduino/tools/arm-none-eabi-gcc/4.8.3-2014q1/bin/../lib/gcc/arm-none-eabi/4.8.3/../../../../arm-none-eabi/lib/armv7-m\libg.a(lib_a-locale.o)
                0x000835fc                __locale_charset
 .text.__locale_mb_cur_max
                0x00083604        0xc c:/users/calta/appdata/local/arduino15/packages/arduino/tools/arm-none-eabi-gcc/4.8.3-2014q1/bin/../lib/gcc/arm-none-eabi/4.8.3/../../../../arm-none-eabi/lib/armv7-m\libg.a(lib_a-locale.o)
                0x00083604                __locale_mb_cur_max
 .text.__smakebuf_r
                0x00083610       0xe0 c:/users/calta/appdata/local/arduino15/packages/arduino/tools/arm-none-eabi-gcc/4.8.3-2014q1/bin/../lib/gcc/arm-none-eabi/4.8.3/../../../../arm-none-eabi/lib/armv7-m\libg.a(lib_a-makebuf.o)
                0x00083610                __smakebuf_r
 .text._malloc_r
                0x000836f0      0x538 c:/users/calta/appdata/local/arduino15/packages/arduino/tools/arm-none-eabi-gcc/4.8.3-2014q1/bin/../lib/gcc/arm-none-eabi/4.8.3/../../../../arm-none-eabi/lib/armv7-m\libg.a(lib_a-mallocr.o)
                0x000836f0                _malloc_r
 .text.memchr   0x00083c28       0x94 c:/users/calta/appdata/local/arduino15/packages/arduino/tools/arm-none-eabi-gcc/4.8.3-2014q1/bin/../lib/gcc/arm-none-eabi/4.8.3/../../../../arm-none-eabi/lib/armv7-m\libg.a(lib_a-memchr-stub.o)
                0x00083c28                memchr
 .text          0x00083cbc       0xec c:/users/calta/appdata/local/arduino15/packages/arduino/tools/arm-none-eabi-gcc/4.8.3-2014q1/bin/../lib/gcc/arm-none-eabi/4.8.3/../../../../arm-none-eabi/lib/armv7-m\libg.a(lib_a-memcpy.o)
                0x00083cbc                memcpy
 .text.memmove  0x00083da8       0xcc c:/users/calta/appdata/local/arduino15/packages/arduino/tools/arm-none-eabi-gcc/4.8.3-2014q1/bin/../lib/gcc/arm-none-eabi/4.8.3/../../../../arm-none-eabi/lib/armv7-m\libg.a(lib_a-memmove.o)
                0x00083da8                memmove
 .text.__malloc_lock
                0x00083e74        0x4 c:/users/calta/appdata/local/arduino15/packages/arduino/tools/arm-none-eabi-gcc/4.8.3-2014q1/bin/../lib/gcc/arm-none-eabi/4.8.3/../../../../arm-none-eabi/lib/armv7-m\libg.a(lib_a-mlock.o)
                0x00083e74                __malloc_lock
 .text.__malloc_unlock
                0x00083e78        0x4 c:/users/calta/appdata/local/arduino15/packages/arduino/tools/arm-none-eabi-gcc/4.8.3-2014q1/bin/../lib/gcc/arm-none-eabi/4.8.3/../../../../arm-none-eabi/lib/armv7-m\libg.a(lib_a-mlock.o)
                0x00083e78                __malloc_unlock
 .text._realloc_r
                0x00083e7c      0x3c0 c:/users/calta/appdata/local/arduino15/packages/arduino/tools/arm-none-eabi-gcc/4.8.3-2014q1/bin/../lib/gcc/arm-none-eabi/4.8.3/../../../../arm-none-eabi/lib/armv7-m\libg.a(lib_a-reallocr.o)
                0x00083e7c                _realloc_r
 .text._sbrk_r  0x0008423c       0x24 c:/users/calta/appdata/local/arduino15/packages/arduino/tools/arm-none-eabi-gcc/4.8.3-2014q1/bin/../lib/gcc/arm-none-eabi/4.8.3/../../../../arm-none-eabi/lib/armv7-m\libg.a(lib_a-sbrkr.o)
                0x0008423c                _sbrk_r
 .text._kill_r  0x00084260       0x28 c:/users/calta/appdata/local/arduino15/packages/arduino/tools/arm-none-eabi-gcc/4.8.3-2014q1/bin/../lib/gcc/arm-none-eabi/4.8.3/../../../../arm-none-eabi/lib/armv7-m\libg.a(lib_a-signalr.o)
                0x00084260                _kill_r
 .text.__sread  0x00084288       0x24 c:/users/calta/appdata/local/arduino15/packages/arduino/tools/arm-none-eabi-gcc/4.8.3-2014q1/bin/../lib/gcc/arm-none-eabi/4.8.3/../../../../arm-none-eabi/lib/armv7-m\libg.a(lib_a-stdio.o)
                0x00084288                __sread
 .text.__swrite
                0x000842ac       0x38 c:/users/calta/appdata/local/arduino15/packages/arduino/tools/arm-none-eabi-gcc/4.8.3-2014q1/bin/../lib/gcc/arm-none-eabi/4.8.3/../../../../arm-none-eabi/lib/armv7-m\libg.a(lib_a-stdio.o)
                0x000842ac                __swrite
 .text.__sseek  0x000842e4       0x20 c:/users/calta/appdata/local/arduino15/packages/arduino/tools/arm-none-eabi-gcc/4.8.3-2014q1/bin/../lib/gcc/arm-none-eabi/4.8.3/../../../../arm-none-eabi/lib/armv7-m\libg.a(lib_a-stdio.o)
                0x000842e4                __sseek
 .text.__sclose
                0x00084304        0x8 c:/users/calta/appdata/local/arduino15/packages/arduino/tools/arm-none-eabi-gcc/4.8.3-2014q1/bin/../lib/gcc/arm-none-eabi/4.8.3/../../../../arm-none-eabi/lib/armv7-m\libg.a(lib_a-stdio.o)
                0x00084304                __sclose
 .text.__swbuf_r
                0x0008430c       0xa8 c:/users/calta/appdata/local/arduino15/packages/arduino/tools/arm-none-eabi-gcc/4.8.3-2014q1/bin/../lib/gcc/arm-none-eabi/4.8.3/../../../../arm-none-eabi/lib/armv7-m\libg.a(lib_a-wbuf.o)
                0x0008430c                __swbuf_r
 .text._wcrtomb_r
                0x000843b4       0x50 c:/users/calta/appdata/local/arduino15/packages/arduino/tools/arm-none-eabi-gcc/4.8.3-2014q1/bin/../lib/gcc/arm-none-eabi/4.8.3/../../../../arm-none-eabi/lib/armv7-m\libg.a(lib_a-wcrtomb.o)
                0x000843b4                _wcrtomb_r
 .text.__ascii_wctomb
                0x00084404       0x1c c:/users/calta/appdata/local/arduino15/packages/arduino/tools/arm-none-eabi-gcc/4.8.3-2014q1/bin/../lib/gcc/arm-none-eabi/4.8.3/../../../../arm-none-eabi/lib/armv7-m\libg.a(lib_a-wctomb_r.o)
                0x00084404                __ascii_wctomb
 .text._write_r
                0x00084420       0x28 c:/users/calta/appdata/local/arduino15/packages/arduino/tools/arm-none-eabi-gcc/4.8.3-2014q1/bin/../lib/gcc/arm-none-eabi/4.8.3/../../../../arm-none-eabi/lib/armv7-m\libg.a(lib_a-writer.o)
                0x00084420                _write_r
 .text.__register_exitproc
                0x00084448       0xa8 c:/users/calta/appdata/local/arduino15/packages/arduino/tools/arm-none-eabi-gcc/4.8.3-2014q1/bin/../lib/gcc/arm-none-eabi/4.8.3/../../../../arm-none-eabi/lib/armv7-m\libg.a(lib_a-__atexit.o)
                0x00084448                __register_exitproc
 .text._close_r
                0x000844f0       0x24 c:/users/calta/appdata/local/arduino15/packages/arduino/tools/arm-none-eabi-gcc/4.8.3-2014q1/bin/../lib/gcc/arm-none-eabi/4.8.3/../../../../arm-none-eabi/lib/armv7-m\libg.a(lib_a-closer.o)
                0x000844f0                _close_r
 .text._fclose_r
                0x00084514       0x80 c:/users/calta/appdata/local/arduino15/packages/arduino/tools/arm-none-eabi-gcc/4.8.3-2014q1/bin/../lib/gcc/arm-none-eabi/4.8.3/../../../../arm-none-eabi/lib/armv7-m\libg.a(lib_a-fclose.o)
                0x00084514                _fclose_r
 .text.fclose   0x00084594       0x10 c:/users/calta/appdata/local/arduino15/packages/arduino/tools/arm-none-eabi-gcc/4.8.3-2014q1/bin/../lib/gcc/arm-none-eabi/4.8.3/../../../../arm-none-eabi/lib/armv7-m\libg.a(lib_a-fclose.o)
                0x00084594                fclose
 .text._fstat_r
                0x000845a4       0x28 c:/users/calta/appdata/local/arduino15/packages/arduino/tools/arm-none-eabi-gcc/4.8.3-2014q1/bin/../lib/gcc/arm-none-eabi/4.8.3/../../../../arm-none-eabi/lib/armv7-m\libg.a(lib_a-fstatr.o)
                0x000845a4                _fstat_r
 .text._isatty_r
                0x000845cc       0x24 c:/users/calta/appdata/local/arduino15/packages/arduino/tools/arm-none-eabi-gcc/4.8.3-2014q1/bin/../lib/gcc/arm-none-eabi/4.8.3/../../../../arm-none-eabi/lib/armv7-m\libg.a(lib_a-isattyr.o)
                0x000845cc                _isatty_r
 .text._lseek_r
                0x000845f0       0x28 c:/users/calta/appdata/local/arduino15/packages/arduino/tools/arm-none-eabi-gcc/4.8.3-2014q1/bin/../lib/gcc/arm-none-eabi/4.8.3/../../../../arm-none-eabi/lib/armv7-m\libg.a(lib_a-lseekr.o)
                0x000845f0                _lseek_r
 .text._read_r  0x00084618       0x28 c:/users/calta/appdata/local/arduino15/packages/arduino/tools/arm-none-eabi-gcc/4.8.3-2014q1/bin/../lib/gcc/arm-none-eabi/4.8.3/../../../../arm-none-eabi/lib/armv7-m\libg.a(lib_a-readr.o)
                0x00084618                _read_r
 .text          0x00084640       0x2c c:/users/calta/appdata/local/arduino15/packages/arduino/tools/arm-none-eabi-gcc/4.8.3-2014q1/bin/../lib/gcc/arm-none-eabi/4.8.3/armv7-m\libgcc.a(_aeabi_uldivmod.o)
                0x00084640                __aeabi_uldivmod
 .text          0x0008466c       0x60 c:/users/calta/appdata/local/arduino15/packages/arduino/tools/arm-none-eabi-gcc/4.8.3-2014q1/bin/../lib/gcc/arm-none-eabi/4.8.3/armv7-m\libgcc.a(bpabi.o)
                0x0008466c                __gnu_ldivmod_helper
                0x0008469c                __gnu_uldivmod_helper
 .text          0x000846cc        0x4 c:/users/calta/appdata/local/arduino15/packages/arduino/tools/arm-none-eabi-gcc/4.8.3-2014q1/bin/../lib/gcc/arm-none-eabi/4.8.3/armv7-m\libgcc.a(_dvmd_tls.o)
                0x000846cc                __aeabi_idiv0
                0x000846cc                __aeabi_ldiv0
 .text          0x000846d0      0x2a0 c:/users/calta/appdata/local/arduino15/packages/arduino/tools/arm-none-eabi-gcc/4.8.3-2014q1/bin/../lib/gcc/arm-none-eabi/4.8.3/armv7-m\libgcc.a(_divdi3.o)
                0x000846d0                __divdi3
 .text          0x00084970      0x290 c:/users/calta/appdata/local/arduino15/packages/arduino/tools/arm-none-eabi-gcc/4.8.3-2014q1/bin/../lib/gcc/arm-none-eabi/4.8.3/armv7-m\libgcc.a(_udivdi3.o)
                0x00084970                __udivdi3
 *(.glue_7t)
 .glue_7t       0x00000000        0x0 linker stubs
 *(.glue_7)
 .glue_7        0x00000000        0x0 linker stubs
 *(.rodata .rodata* .gnu.linkonce.r.*)
 .rodata.str1.1
                0x00084c00        0x4 C:\Users\calta\AppData\Local\Temp\VMBuilds\AcquisitionSketch_v1\arduino_due_x_dbg\Release\AcquisitionSketch_v1.cpp.o
                                  0x5 (size before relaxing)
 .rodata.g_APinDescription
                0x00084c04      0xa2c C:\Users\calta\AppData\Local\Temp\VMBuilds\AcquisitionSketch_v1\arduino_due_x_dbg\Release\variant\variant.cpp.o
                0x00084c04                g_APinDescription
 .rodata        0x00085630       0x40 C:\Users\calta\AppData\Local\arduino15\packages\arduino\hardware\sam\1.6.11\variants\arduino_due_x/libsam_sam3x8e_gcc_rel.a(adc.o)
 .rodata.str1.1
                0x00085670       0x19 C:\Users\calta\AppData\Local\Temp\VMBuilds\AcquisitionSketch_v1\arduino_due_x_dbg\Release/core.a(syscalls_sam3.c.o)
 .rodata.str1.1
                0x00085689        0xf C:\Users\calta\AppData\Local\Temp\VMBuilds\AcquisitionSketch_v1\arduino_due_x_dbg\Release/core.a(Print.cpp.o)
 .rodata._ZTV9UARTClass
                0x00085698       0x30 C:\Users\calta\AppData\Local\Temp\VMBuilds\AcquisitionSketch_v1\arduino_due_x_dbg\Release/core.a(UARTClass.cpp.o)
                0x00085698                vtable for UARTClass
 .rodata._ZTV10USARTClass
                0x000856c8       0x30 C:\Users\calta\AppData\Local\Temp\VMBuilds\AcquisitionSketch_v1\arduino_due_x_dbg\Release/core.a(USARTClass.cpp.o)
                0x000856c8                vtable for USARTClass
 .rodata.STRING_PRODUCT
                0x000856f8        0xc C:\Users\calta\AppData\Local\Temp\VMBuilds\AcquisitionSketch_v1\arduino_due_x_dbg\Release/core.a(USBCore.cpp.o)
                0x000856f8                STRING_PRODUCT
 .rodata.USB_DeviceDescriptor
                0x00085704       0x12 C:\Users\calta\AppData\Local\Temp\VMBuilds\AcquisitionSketch_v1\arduino_due_x_dbg\Release/core.a(USBCore.cpp.o)
                0x00085704                USB_DeviceDescriptor
 .rodata.STRING_LANGUAGE
                0x00085716        0x4 C:\Users\calta\AppData\Local\Temp\VMBuilds\AcquisitionSketch_v1\arduino_due_x_dbg\Release/core.a(USBCore.cpp.o)
                0x00085716                STRING_LANGUAGE
 .rodata._ZL18test_packet_buffer
                0x0008571a       0x35 C:\Users\calta\AppData\Local\Temp\VMBuilds\AcquisitionSketch_v1\arduino_due_x_dbg\Release/core.a(USBCore.cpp.o)
 .rodata.STRING_MANUFACTURER
                0x0008574f        0xc C:\Users\calta\AppData\Local\Temp\VMBuilds\AcquisitionSketch_v1\arduino_due_x_dbg\Release/core.a(USBCore.cpp.o)
                0x0008574f                STRING_MANUFACTURER
 .rodata.USB_DeviceDescriptorA
                0x0008575b       0x12 C:\Users\calta\AppData\Local\Temp\VMBuilds\AcquisitionSketch_v1\arduino_due_x_dbg\Release/core.a(USBCore.cpp.o)
                0x0008575b                USB_DeviceDescriptorA
 .rodata._ZL19USB_DeviceQualifier
                0x0008576d        0x9 C:\Users\calta\AppData\Local\Temp\VMBuilds\AcquisitionSketch_v1\arduino_due_x_dbg\Release/core.a(USBCore.cpp.o)
 *fill*         0x00085776        0x2 
 .rodata._ZTV7Serial_
                0x00085778       0x28 C:\Users\calta\AppData\Local\Temp\VMBuilds\AcquisitionSketch_v1\arduino_due_x_dbg\Release/core.a(CDC.cpp.o)
                0x00085778                vtable for Serial_
 .rodata._ZL18_cdcOtherInterface
                0x000857a0       0x42 C:\Users\calta\AppData\Local\Temp\VMBuilds\AcquisitionSketch_v1\arduino_due_x_dbg\Release/core.a(CDC.cpp.o)
 .rodata._ZL13_cdcInterface
                0x000857e2       0x42 C:\Users\calta\AppData\Local\Temp\VMBuilds\AcquisitionSketch_v1\arduino_due_x_dbg\Release/core.a(CDC.cpp.o)
 .rodata.str1.4
                0x00085824        0x2 c:/users/calta/appdata/local/arduino15/packages/arduino/tools/arm-none-eabi-gcc/4.8.3-2014q1/bin/../lib/gcc/arm-none-eabi/4.8.3/../../../../arm-none-eabi/lib/armv7-m\libg.a(lib_a-impure.o)
                                  0x4 (size before relaxing)
 *fill*         0x00085826        0x2 
 .rodata._global_impure_ptr
                0x00085828        0x4 c:/users/calta/appdata/local/arduino15/packages/arduino/tools/arm-none-eabi-gcc/4.8.3-2014q1/bin/../lib/gcc/arm-none-eabi/4.8.3/../../../../arm-none-eabi/lib/armv7-m\libg.a(lib_a-impure.o)
                0x00085828                _global_impure_ptr
 .rodata.blanks.6717
                0x0008582c       0x10 c:/users/calta/appdata/local/arduino15/packages/arduino/tools/arm-none-eabi-gcc/4.8.3-2014q1/bin/../lib/gcc/arm-none-eabi/4.8.3/../../../../arm-none-eabi/lib/armv7-m\libg.a(lib_a-vfiprintf.o)
 .rodata.str1.4
                0x0008583c       0x30 c:/users/calta/appdata/local/arduino15/packages/arduino/tools/arm-none-eabi-gcc/4.8.3-2014q1/bin/../lib/gcc/arm-none-eabi/4.8.3/../../../../arm-none-eabi/lib/armv7-m\libg.a(lib_a-vfiprintf.o)
 .rodata.zeroes.6718
                0x0008586c       0x10 c:/users/calta/appdata/local/arduino15/packages/arduino/tools/arm-none-eabi-gcc/4.8.3-2014q1/bin/../lib/gcc/arm-none-eabi/4.8.3/../../../../arm-none-eabi/lib/armv7-m\libg.a(lib_a-vfiprintf.o)
 *(.ARM.extab* .gnu.linkonce.armextab.*)
                0x0008587c                . = ALIGN (0x4)
 *(.init)
 .init          0x0008587c        0x4 c:/users/calta/appdata/local/arduino15/packages/arduino/tools/arm-none-eabi-gcc/4.8.3-2014q1/bin/../lib/gcc/arm-none-eabi/4.8.3/armv7-m/crti.o
                0x0008587c                _init
 .init          0x00085880        0x8 c:/users/calta/appdata/local/arduino15/packages/arduino/tools/arm-none-eabi-gcc/4.8.3-2014q1/bin/../lib/gcc/arm-none-eabi/4.8.3/armv7-m/crtn.o
                0x00085888                . = ALIGN (0x4)
                0x00085888                __preinit_array_start = .
 *(.preinit_array)
                0x00085888                __preinit_array_end = .
                0x00085888                . = ALIGN (0x4)
                0x00085888                __init_array_start = .
 *(SORT(.init_array.*))
 .init_array.00000
                0x00085888        0x4 c:/users/calta/appdata/local/arduino15/packages/arduino/tools/arm-none-eabi-gcc/4.8.3-2014q1/bin/../lib/gcc/arm-none-eabi/4.8.3/../../../../arm-none-eabi/lib/armv7-m\libg.a(lib_a-__call_atexit.o)
 *(.init_array)
 .init_array    0x0008588c        0x4 c:/users/calta/appdata/local/arduino15/packages/arduino/tools/arm-none-eabi-gcc/4.8.3-2014q1/bin/../lib/gcc/arm-none-eabi/4.8.3/armv7-m/crtbegin.o
 .init_array    0x00085890        0x4 C:\Users\calta\AppData\Local\Temp\VMBuilds\AcquisitionSketch_v1\arduino_due_x_dbg\Release\variant\variant.cpp.o
 .init_array    0x00085894        0x4 C:\Users\calta\AppData\Local\Temp\VMBuilds\AcquisitionSketch_v1\arduino_due_x_dbg\Release/core.a(USBCore.cpp.o)
 .init_array    0x00085898        0x4 C:\Users\calta\AppData\Local\Temp\VMBuilds\AcquisitionSketch_v1\arduino_due_x_dbg\Release/core.a(CDC.cpp.o)
                0x0008589c                __init_array_end = .
                0x0008589c                . = ALIGN (0x4)
 *crtbegin.o(.ctors)
 *(EXCLUDE_FILE(*crtend.o) .ctors)
 *(SORT(.ctors.*))
 *crtend.o(.ctors)
                0x0008589c                . = ALIGN (0x4)
 *(.fini)
 .fini          0x0008589c        0x4 c:/users/calta/appdata/local/arduino15/packages/arduino/tools/arm-none-eabi-gcc/4.8.3-2014q1/bin/../lib/gcc/arm-none-eabi/4.8.3/armv7-m/crti.o
                0x0008589c                _fini
 .fini          0x000858a0        0x8 c:/users/calta/appdata/local/arduino15/packages/arduino/tools/arm-none-eabi-gcc/4.8.3-2014q1/bin/../lib/gcc/arm-none-eabi/4.8.3/armv7-m/crtn.o
                0x000858a8                . = ALIGN (0x4)
                0x000858a8                __fini_array_start = .
 *(.fini_array)
 .fini_array    0x000858a8        0x4 c:/users/calta/appdata/local/arduino15/packages/arduino/tools/arm-none-eabi-gcc/4.8.3-2014q1/bin/../lib/gcc/arm-none-eabi/4.8.3/armv7-m/crtbegin.o
 *(SORT(.fini_array.*))
                0x000858ac                __fini_array_end = .
 *crtbegin.o(.dtors)
 *(EXCLUDE_FILE(*crtend.o) .dtors)
 *(SORT(.dtors.*))
 *crtend.o(.dtors)
                0x000858ac                . = ALIGN (0x4)
                0x000858ac                _efixed = .
                0x000858ac                PROVIDE (__exidx_start, .)

.vfp11_veneer   0x000858ac        0x0
 .vfp11_veneer  0x00000000        0x0 linker stubs

.v4_bx          0x000858ac        0x0
 .v4_bx         0x00000000        0x0 linker stubs

.iplt           0x000858ac        0x0
 .iplt          0x00000000        0x0 c:/users/calta/appdata/local/arduino15/packages/arduino/tools/arm-none-eabi-gcc/4.8.3-2014q1/bin/../lib/gcc/arm-none-eabi/4.8.3/armv7-m/crtbegin.o

.ARM.exidx      0x000858ac        0x8
 *(.ARM.exidx* .gnu.linkonce.armexidx.*)
 .ARM.exidx     0x000858ac        0x8 c:/users/calta/appdata/local/arduino15/packages/arduino/tools/arm-none-eabi-gcc/4.8.3-2014q1/bin/../lib/gcc/arm-none-eabi/4.8.3/armv7-m\libgcc.a(_divdi3.o)
 .ARM.exidx     0x000858b4        0x0 c:/users/calta/appdata/local/arduino15/packages/arduino/tools/arm-none-eabi-gcc/4.8.3-2014q1/bin/../lib/gcc/arm-none-eabi/4.8.3/armv7-m\libgcc.a(_udivdi3.o)
                                  0x8 (size before relaxing)
                0x000858b4                PROVIDE (__exidx_end, .)

.eh_frame       0x000858b4        0x0
 .eh_frame      0x000858b4        0x0 c:/users/calta/appdata/local/arduino15/packages/arduino/tools/arm-none-eabi-gcc/4.8.3-2014q1/bin/../lib/gcc/arm-none-eabi/4.8.3/armv7-m/crtbegin.o

.rel.dyn        0x000858b4        0x0
 .rel.iplt      0x00000000        0x0 c:/users/calta/appdata/local/arduino15/packages/arduino/tools/arm-none-eabi-gcc/4.8.3-2014q1/bin/../lib/gcc/arm-none-eabi/4.8.3/armv7-m/crtbegin.o

.jcr            0x000858b4        0x0
 .jcr           0x000858b4        0x0 c:/users/calta/appdata/local/arduino15/packages/arduino/tools/arm-none-eabi-gcc/4.8.3-2014q1/bin/../lib/gcc/arm-none-eabi/4.8.3/armv7-m/crtbegin.o

.igot.plt       0x000858b4        0x0
 .igot.plt      0x00000000        0x0 c:/users/calta/appdata/local/arduino15/packages/arduino/tools/arm-none-eabi-gcc/4.8.3-2014q1/bin/../lib/gcc/arm-none-eabi/4.8.3/armv7-m/crtbegin.o
                0x000858b4                . = ALIGN (0x4)
                0x000858b4                _etext = .

.relocate       0x20070000      0x93c load address 0x000858b4
                0x20070000                . = ALIGN (0x4)
                0x20070000                _srelocate = .
 *(.ramfunc .ramfunc.*)
 .ramfunc       0x20070000       0x2c C:\Users\calta\AppData\Local\Temp\VMBuilds\AcquisitionSketch_v1\arduino_due_x_dbg\Release/core.a(Reset.cpp.o)
                0x20070000                banzai
 *(.data .data.*)
 .data.subtileOffset
                0x2007002c       0x10 C:\Users\calta\AppData\Local\Temp\VMBuilds\AcquisitionSketch_v1\arduino_due_x_dbg\Release\AcquisitionSketch_v1.cpp.o
                0x2007002c                subtileOffset
 .data.subtileOrder
                0x2007003c       0x10 C:\Users\calta\AppData\Local\Temp\VMBuilds\AcquisitionSketch_v1\arduino_due_x_dbg\Release\AcquisitionSketch_v1.cpp.o
                0x2007003c                subtileOrder
 .data.pixelOrder
                0x2007004c       0x40 C:\Users\calta\AppData\Local\Temp\VMBuilds\AcquisitionSketch_v1\arduino_due_x_dbg\Release\AcquisitionSketch_v1.cpp.o
                0x2007004c                pixelOrder
 .data.SystemCoreClock
                0x2007008c        0x4 C:\Users\calta\AppData\Local\arduino15\packages\arduino\hardware\sam\1.6.11\variants\arduino_due_x/libsam_sam3x8e_gcc_rel.a(system_sam3xa.o)
                0x2007008c                SystemCoreClock
 .data.latestSelectedChannel.9384
                0x20070090        0x4 C:\Users\calta\AppData\Local\Temp\VMBuilds\AcquisitionSketch_v1\arduino_due_x_dbg\Release/core.a(wiring_analog.c.o)
 .data._readResolution
                0x20070094        0x4 C:\Users\calta\AppData\Local\Temp\VMBuilds\AcquisitionSketch_v1\arduino_due_x_dbg\Release/core.a(wiring_analog.c.o)
 .data._ZL5ticks
                0x20070098        0x4 C:\Users\calta\AppData\Local\Temp\VMBuilds\AcquisitionSketch_v1\arduino_due_x_dbg\Release/core.a(Reset.cpp.o)
 .data.EndPoints
                0x2007009c       0x28 C:\Users\calta\AppData\Local\Temp\VMBuilds\AcquisitionSketch_v1\arduino_due_x_dbg\Release/core.a(USBCore.cpp.o)
                0x2007009c                EndPoints
 .data._ZL10breakValue
                0x200700c4        0x4 C:\Users\calta\AppData\Local\Temp\VMBuilds\AcquisitionSketch_v1\arduino_due_x_dbg\Release/core.a(CDC.cpp.o)
 .data._ZL12_usbLineInfo
                0x200700c8        0x8 C:\Users\calta\AppData\Local\Temp\VMBuilds\AcquisitionSketch_v1\arduino_due_x_dbg\Release/core.a(CDC.cpp.o)
 .data.g_interrupt_enabled
                0x200700d0        0x4 C:\Users\calta\AppData\Local\arduino15\packages\arduino\hardware\sam\1.6.11\variants\arduino_due_x/libsam_sam3x8e_gcc_rel.a(interrupt_sam_nvic.o)
                0x200700d0                g_interrupt_enabled
 *fill*         0x200700d4        0x4 
 .data.impure_data
                0x200700d8      0x428 c:/users/calta/appdata/local/arduino15/packages/arduino/tools/arm-none-eabi-gcc/4.8.3-2014q1/bin/../lib/gcc/arm-none-eabi/4.8.3/../../../../arm-none-eabi/lib/armv7-m\libg.a(lib_a-impure.o)
 .data._impure_ptr
                0x20070500        0x4 c:/users/calta/appdata/local/arduino15/packages/arduino/tools/arm-none-eabi-gcc/4.8.3-2014q1/bin/../lib/gcc/arm-none-eabi/4.8.3/../../../../arm-none-eabi/lib/armv7-m\libg.a(lib_a-impure.o)
                0x20070500                _impure_ptr
 .data.lc_ctype_charset
                0x20070504       0x20 c:/users/calta/appdata/local/arduino15/packages/arduino/tools/arm-none-eabi-gcc/4.8.3-2014q1/bin/../lib/gcc/arm-none-eabi/4.8.3/../../../../arm-none-eabi/lib/armv7-m\libg.a(lib_a-locale.o)
 .data.__mb_cur_max
                0x20070524        0x4 c:/users/calta/appdata/local/arduino15/packages/arduino/tools/arm-none-eabi-gcc/4.8.3-2014q1/bin/../lib/gcc/arm-none-eabi/4.8.3/../../../../arm-none-eabi/lib/armv7-m\libg.a(lib_a-locale.o)
                0x20070524                __mb_cur_max
 .data.__malloc_av_
                0x20070528      0x408 c:/users/calta/appdata/local/arduino15/packages/arduino/tools/arm-none-eabi-gcc/4.8.3-2014q1/bin/../lib/gcc/arm-none-eabi/4.8.3/../../../../arm-none-eabi/lib/armv7-m\libg.a(lib_a-mallocr.o)
                0x20070528                __malloc_av_
 .data.__malloc_trim_threshold
                0x20070930        0x4 c:/users/calta/appdata/local/arduino15/packages/arduino/tools/arm-none-eabi-gcc/4.8.3-2014q1/bin/../lib/gcc/arm-none-eabi/4.8.3/../../../../arm-none-eabi/lib/armv7-m\libg.a(lib_a-mallocr.o)
                0x20070930                __malloc_trim_threshold
 .data.__malloc_sbrk_base
                0x20070934        0x4 c:/users/calta/appdata/local/arduino15/packages/arduino/tools/arm-none-eabi-gcc/4.8.3-2014q1/bin/../lib/gcc/arm-none-eabi/4.8.3/../../../../arm-none-eabi/lib/armv7-m\libg.a(lib_a-mallocr.o)
                0x20070934                __malloc_sbrk_base
 .data.__wctomb
                0x20070938        0x4 c:/users/calta/appdata/local/arduino15/packages/arduino/tools/arm-none-eabi-gcc/4.8.3-2014q1/bin/../lib/gcc/arm-none-eabi/4.8.3/../../../../arm-none-eabi/lib/armv7-m\libg.a(lib_a-wctomb_r.o)
                0x20070938                __wctomb
                0x2007093c                . = ALIGN (0x4)
                0x2007093c                _erelocate = .

.bss            0x2007093c      0x8ac load address 0x000861f0
                0x2007093c                . = ALIGN (0x4)
                0x2007093c                _sbss = .
                0x2007093c                _szero = .
 *(.bss .bss.*)
 .bss           0x2007093c       0x1c c:/users/calta/appdata/local/arduino15/packages/arduino/tools/arm-none-eabi-gcc/4.8.3-2014q1/bin/../lib/gcc/arm-none-eabi/4.8.3/armv7-m/crtbegin.o
 .bss.frame     0x20070958       0x80 C:\Users\calta\AppData\Local\Temp\VMBuilds\AcquisitionSketch_v1\arduino_due_x_dbg\Release\AcquisitionSketch_v1.cpp.o
                0x20070958                frame
 .bss.previousState
                0x200709d8        0x1 C:\Users\calta\AppData\Local\Temp\VMBuilds\AcquisitionSketch_v1\arduino_due_x_dbg\Release\AcquisitionSketch_v1.cpp.o
                0x200709d8                previousState
 .bss.actualState
                0x200709d9        0x1 C:\Users\calta\AppData\Local\Temp\VMBuilds\AcquisitionSketch_v1\arduino_due_x_dbg\Release\AcquisitionSketch_v1.cpp.o
                0x200709d9                actualState
 *fill*         0x200709da        0x2 
 .bss.tx_buffer2
                0x200709dc       0x88 C:\Users\calta\AppData\Local\Temp\VMBuilds\AcquisitionSketch_v1\arduino_due_x_dbg\Release\variant\variant.cpp.o
                0x200709dc                tx_buffer2
 .bss.tx_buffer1
                0x20070a64       0x88 C:\Users\calta\AppData\Local\Temp\VMBuilds\AcquisitionSketch_v1\arduino_due_x_dbg\Release\variant\variant.cpp.o
                0x20070a64                tx_buffer1
 .bss.Serial    0x20070aec       0x24 C:\Users\calta\AppData\Local\Temp\VMBuilds\AcquisitionSketch_v1\arduino_due_x_dbg\Release\variant\variant.cpp.o
                0x20070aec                Serial
 .bss.rx_buffer1
                0x20070b10       0x88 C:\Users\calta\AppData\Local\Temp\VMBuilds\AcquisitionSketch_v1\arduino_due_x_dbg\Release\variant\variant.cpp.o
                0x20070b10                rx_buffer1
 .bss.Serial1   0x20070b98       0x28 C:\Users\calta\AppData\Local\Temp\VMBuilds\AcquisitionSketch_v1\arduino_due_x_dbg\Release\variant\variant.cpp.o
                0x20070b98                Serial1
 .bss.Serial2   0x20070bc0       0x28 C:\Users\calta\AppData\Local\Temp\VMBuilds\AcquisitionSketch_v1\arduino_due_x_dbg\Release\variant\variant.cpp.o
                0x20070bc0                Serial2
 .bss.Serial3   0x20070be8       0x28 C:\Users\calta\AppData\Local\Temp\VMBuilds\AcquisitionSketch_v1\arduino_due_x_dbg\Release\variant\variant.cpp.o
                0x20070be8                Serial3
 .bss.tx_buffer3
                0x20070c10       0x88 C:\Users\calta\AppData\Local\Temp\VMBuilds\AcquisitionSketch_v1\arduino_due_x_dbg\Release\variant\variant.cpp.o
                0x20070c10                tx_buffer3
 .bss.tx_buffer4
                0x20070c98       0x88 C:\Users\calta\AppData\Local\Temp\VMBuilds\AcquisitionSketch_v1\arduino_due_x_dbg\Release\variant\variant.cpp.o
                0x20070c98                tx_buffer4
 .bss.g_pinStatus
                0x20070d20       0x4f C:\Users\calta\AppData\Local\Temp\VMBuilds\AcquisitionSketch_v1\arduino_due_x_dbg\Release\variant\variant.cpp.o
                0x20070d20                g_pinStatus
 *fill*         0x20070d6f        0x1 
 .bss.rx_buffer2
                0x20070d70       0x88 C:\Users\calta\AppData\Local\Temp\VMBuilds\AcquisitionSketch_v1\arduino_due_x_dbg\Release\variant\variant.cpp.o
                0x20070d70                rx_buffer2
 .bss.rx_buffer3
                0x20070df8       0x88 C:\Users\calta\AppData\Local\Temp\VMBuilds\AcquisitionSketch_v1\arduino_due_x_dbg\Release\variant\variant.cpp.o
                0x20070df8                rx_buffer3
 .bss.rx_buffer4
                0x20070e80       0x88 C:\Users\calta\AppData\Local\Temp\VMBuilds\AcquisitionSketch_v1\arduino_due_x_dbg\Release\variant\variant.cpp.o
                0x20070e80                rx_buffer4
 .bss.gpf_isr   0x20070f08        0x4 C:\Users\calta\AppData\Local\arduino15\packages\arduino\hardware\sam\1.6.11\variants\arduino_due_x/libsam_sam3x8e_gcc_rel.a(uotghs.o)
                0x20070f08                gpf_isr
 .bss.heap.6420
                0x20070f0c        0x4 C:\Users\calta\AppData\Local\Temp\VMBuilds\AcquisitionSketch_v1\arduino_due_x_dbg\Release/core.a(syscalls_sam3.c.o)
 .bss._cmark    0x20070f10        0x2 C:\Users\calta\AppData\Local\Temp\VMBuilds\AcquisitionSketch_v1\arduino_due_x_dbg\Release/core.a(USBCore.cpp.o)
                0x20070f10                _cmark
 .bss._ZL14isEndpointHalt
                0x20070f12        0x1 C:\Users\calta\AppData\Local\Temp\VMBuilds\AcquisitionSketch_v1\arduino_due_x_dbg\Release/core.a(USBCore.cpp.o)
 *fill*         0x20070f13        0x1 
 .bss._cdcComposite
                0x20070f14        0x4 C:\Users\calta\AppData\Local\Temp\VMBuilds\AcquisitionSketch_v1\arduino_due_x_dbg\Release/core.a(USBCore.cpp.o)
                0x20070f14                _cdcComposite
 .bss._ZL21isRemoteWakeUpEnabled
                0x20070f18        0x1 C:\Users\calta\AppData\Local\Temp\VMBuilds\AcquisitionSketch_v1\arduino_due_x_dbg\Release/core.a(USBCore.cpp.o)
 *fill*         0x20070f19        0x3 
 .bss._usbInitialized
                0x20070f1c        0x4 C:\Users\calta\AppData\Local\Temp\VMBuilds\AcquisitionSketch_v1\arduino_due_x_dbg\Release/core.a(USBCore.cpp.o)
                0x20070f1c                _usbInitialized
 .bss.USBDevice
                0x20070f20        0x1 C:\Users\calta\AppData\Local\Temp\VMBuilds\AcquisitionSketch_v1\arduino_due_x_dbg\Release/core.a(USBCore.cpp.o)
                0x20070f20                USBDevice
 *fill*         0x20070f21        0x3 
 .bss._usbSetInterface
                0x20070f24        0x4 C:\Users\calta\AppData\Local\Temp\VMBuilds\AcquisitionSketch_v1\arduino_due_x_dbg\Release/core.a(USBCore.cpp.o)
                0x20070f24                _usbSetInterface
 .bss._cend     0x20070f28        0x2 C:\Users\calta\AppData\Local\Temp\VMBuilds\AcquisitionSketch_v1\arduino_due_x_dbg\Release/core.a(USBCore.cpp.o)
                0x20070f28                _cend
 *fill*         0x20070f2a        0x2 
 .bss._usbConfiguration
                0x20070f2c        0x4 C:\Users\calta\AppData\Local\Temp\VMBuilds\AcquisitionSketch_v1\arduino_due_x_dbg\Release/core.a(USBCore.cpp.o)
                0x20070f2c                _usbConfiguration
 .bss.cdc_rx_buffer
                0x20070f30      0x208 C:\Users\calta\AppData\Local\Temp\VMBuilds\AcquisitionSketch_v1\arduino_due_x_dbg\Release/core.a(CDC.cpp.o)
                0x20070f30                cdc_rx_buffer
 .bss._ZZN7Serial_6acceptEvE5guard
                0x20071138        0x4 C:\Users\calta\AppData\Local\Temp\VMBuilds\AcquisitionSketch_v1\arduino_due_x_dbg\Release/core.a(CDC.cpp.o)
 .bss.SerialUSB
                0x2007113c       0x14 C:\Users\calta\AppData\Local\Temp\VMBuilds\AcquisitionSketch_v1\arduino_due_x_dbg\Release/core.a(CDC.cpp.o)
                0x2007113c                SerialUSB
 .bss._ZZ12PluggableUSBvE3obj
                0x20071150        0x8 C:\Users\calta\AppData\Local\Temp\VMBuilds\AcquisitionSketch_v1\arduino_due_x_dbg\Release/core.a(PluggableUSB.cpp.o)
 .bss._ZGVZ12PluggableUSBvE3obj
                0x20071158        0x4 C:\Users\calta\AppData\Local\Temp\VMBuilds\AcquisitionSketch_v1\arduino_due_x_dbg\Release/core.a(PluggableUSB.cpp.o)
 .bss._dwTickCount
                0x2007115c        0x4 C:\Users\calta\AppData\Local\arduino15\packages\arduino\hardware\sam\1.6.11\variants\arduino_due_x/libsam_sam3x8e_gcc_rel.a(timetick.o)
 .bss.ul_recv_fifo_ptr
                0x20071160       0x28 C:\Users\calta\AppData\Local\arduino15\packages\arduino\hardware\sam\1.6.11\variants\arduino_due_x/libsam_sam3x8e_gcc_rel.a(uotghs_device.o)
 .bss.ul_send_fifo_ptr
                0x20071188       0x28 C:\Users\calta\AppData\Local\arduino15\packages\arduino\hardware\sam\1.6.11\variants\arduino_due_x/libsam_sam3x8e_gcc_rel.a(uotghs_device.o)
 .bss.__malloc_max_total_mem
                0x200711b0        0x4 c:/users/calta/appdata/local/arduino15/packages/arduino/tools/arm-none-eabi-gcc/4.8.3-2014q1/bin/../lib/gcc/arm-none-eabi/4.8.3/../../../../arm-none-eabi/lib/armv7-m\libg.a(lib_a-mallocr.o)
                0x200711b0                __malloc_max_total_mem
 .bss.__malloc_max_sbrked_mem
                0x200711b4        0x4 c:/users/calta/appdata/local/arduino15/packages/arduino/tools/arm-none-eabi-gcc/4.8.3-2014q1/bin/../lib/gcc/arm-none-eabi/4.8.3/../../../../arm-none-eabi/lib/armv7-m\libg.a(lib_a-mallocr.o)
                0x200711b4                __malloc_max_sbrked_mem
 .bss.__malloc_top_pad
                0x200711b8        0x4 c:/users/calta/appdata/local/arduino15/packages/arduino/tools/arm-none-eabi-gcc/4.8.3-2014q1/bin/../lib/gcc/arm-none-eabi/4.8.3/../../../../arm-none-eabi/lib/armv7-m\libg.a(lib_a-mallocr.o)
                0x200711b8                __malloc_top_pad
 .bss.__malloc_current_mallinfo
                0x200711bc       0x28 c:/users/calta/appdata/local/arduino15/packages/arduino/tools/arm-none-eabi-gcc/4.8.3-2014q1/bin/../lib/gcc/arm-none-eabi/4.8.3/../../../../arm-none-eabi/lib/armv7-m\libg.a(lib_a-mallocr.o)
                0x200711bc                __malloc_current_mallinfo
 *(COMMON)
 COMMON         0x200711e4        0x4 c:/users/calta/appdata/local/arduino15/packages/arduino/tools/arm-none-eabi-gcc/4.8.3-2014q1/bin/../lib/gcc/arm-none-eabi/4.8.3/../../../../arm-none-eabi/lib/armv7-m\libg.a(lib_a-reent.o)
                0x200711e4                errno
                0x200711e8                . = ALIGN (0x4)
                0x200711e8                _ebss = .
                0x200711e8                _ezero = .
                0x200711e8                . = ALIGN (0x4)
                0x200711e8                _end = .

.stack_dummy    0x200711e8        0x0
 *(.stack*)
                0x20088000                __StackTop = (ORIGIN (ram) + 0x18000)
                0x20088000                __StackLimit = (__StackTop - SIZEOF (.stack_dummy))
                0x20088000                PROVIDE (_sstack, __StackLimit)
                0x20088000                PROVIDE (_estack, __StackTop)
OUTPUT(C:\Users\calta\AppData\Local\Temp\VMBuilds\AcquisitionSketch_v1\arduino_due_x_dbg\Release/AcquisitionSketch_v1.ino.elf elf32-littlearm)

.ARM.attributes
                0x00000000       0x29
 .ARM.attributes
                0x00000000       0x1d c:/users/calta/appdata/local/arduino15/packages/arduino/tools/arm-none-eabi-gcc/4.8.3-2014q1/bin/../lib/gcc/arm-none-eabi/4.8.3/armv7-m/crti.o
 .ARM.attributes
                0x0000001d       0x2d c:/users/calta/appdata/local/arduino15/packages/arduino/tools/arm-none-eabi-gcc/4.8.3-2014q1/bin/../lib/gcc/arm-none-eabi/4.8.3/armv7-m/crtbegin.o
 .ARM.attributes
                0x0000004a       0x33 C:\Users\calta\AppData\Local\Temp\VMBuilds\AcquisitionSketch_v1\arduino_due_x_dbg\Release\AcquisitionSketch_v1.cpp.o
 .ARM.attributes
                0x0000007d       0x33 C:\Users\calta\AppData\Local\Temp\VMBuilds\AcquisitionSketch_v1\arduino_due_x_dbg\Release\variant\variant.cpp.o
 .ARM.attributes
                0x000000b0       0x33 C:\Users\calta\AppData\Local\arduino15\packages\arduino\hardware\sam\1.6.11\variants\arduino_due_x/libsam_sam3x8e_gcc_rel.a(pio.o)
 .ARM.attributes
                0x000000e3       0x33 C:\Users\calta\AppData\Local\arduino15\packages\arduino\hardware\sam\1.6.11\variants\arduino_due_x/libsam_sam3x8e_gcc_rel.a(pmc.o)
 .ARM.attributes
                0x00000116       0x33 C:\Users\calta\AppData\Local\arduino15\packages\arduino\hardware\sam\1.6.11\variants\arduino_due_x/libsam_sam3x8e_gcc_rel.a(system_sam3xa.o)
 .ARM.attributes
                0x00000149       0x33 C:\Users\calta\AppData\Local\arduino15\packages\arduino\hardware\sam\1.6.11\variants\arduino_due_x/libsam_sam3x8e_gcc_rel.a(startup_sam3xa.o)
 .ARM.attributes
                0x0000017c       0x33 C:\Users\calta\AppData\Local\arduino15\packages\arduino\hardware\sam\1.6.11\variants\arduino_due_x/libsam_sam3x8e_gcc_rel.a(adc.o)
 .ARM.attributes
                0x000001af       0x33 C:\Users\calta\AppData\Local\arduino15\packages\arduino\hardware\sam\1.6.11\variants\arduino_due_x/libsam_sam3x8e_gcc_rel.a(uotghs.o)
 .ARM.attributes
                0x000001e2       0x33 C:\Users\calta\AppData\Local\Temp\VMBuilds\AcquisitionSketch_v1\arduino_due_x_dbg\Release/core.a(cortex_handlers.c.o)
 .ARM.attributes
                0x00000215       0x33 C:\Users\calta\AppData\Local\Temp\VMBuilds\AcquisitionSketch_v1\arduino_due_x_dbg\Release/core.a(hooks.c.o)
 .ARM.attributes
                0x00000248       0x33 C:\Users\calta\AppData\Local\Temp\VMBuilds\AcquisitionSketch_v1\arduino_due_x_dbg\Release/core.a(syscalls_sam3.c.o)
 .ARM.attributes
                0x0000027b       0x33 C:\Users\calta\AppData\Local\Temp\VMBuilds\AcquisitionSketch_v1\arduino_due_x_dbg\Release/core.a(wiring_analog.c.o)
 .ARM.attributes
                0x000002ae       0x33 C:\Users\calta\AppData\Local\Temp\VMBuilds\AcquisitionSketch_v1\arduino_due_x_dbg\Release/core.a(wiring_digital.c.o)
 .ARM.attributes
                0x000002e1       0x33 C:\Users\calta\AppData\Local\Temp\VMBuilds\AcquisitionSketch_v1\arduino_due_x_dbg\Release/core.a(main.cpp.o)
 .ARM.attributes
                0x00000314       0x33 C:\Users\calta\AppData\Local\Temp\VMBuilds\AcquisitionSketch_v1\arduino_due_x_dbg\Release/core.a(Print.cpp.o)
 .ARM.attributes
                0x00000347       0x33 C:\Users\calta\AppData\Local\Temp\VMBuilds\AcquisitionSketch_v1\arduino_due_x_dbg\Release/core.a(Reset.cpp.o)
 .ARM.attributes
                0x0000037a       0x33 C:\Users\calta\AppData\Local\Temp\VMBuilds\AcquisitionSketch_v1\arduino_due_x_dbg\Release/core.a(RingBuffer.cpp.o)
 .ARM.attributes
                0x000003ad       0x33 C:\Users\calta\AppData\Local\Temp\VMBuilds\AcquisitionSketch_v1\arduino_due_x_dbg\Release/core.a(UARTClass.cpp.o)
 .ARM.attributes
                0x000003e0       0x33 C:\Users\calta\AppData\Local\Temp\VMBuilds\AcquisitionSketch_v1\arduino_due_x_dbg\Release/core.a(USARTClass.cpp.o)
 .ARM.attributes
                0x00000413       0x33 C:\Users\calta\AppData\Local\Temp\VMBuilds\AcquisitionSketch_v1\arduino_due_x_dbg\Release/core.a(watchdog.cpp.o)
 .ARM.attributes
                0x00000446       0x33 C:\Users\calta\AppData\Local\Temp\VMBuilds\AcquisitionSketch_v1\arduino_due_x_dbg\Release/core.a(USBCore.cpp.o)
 .ARM.attributes
                0x00000479       0x33 C:\Users\calta\AppData\Local\Temp\VMBuilds\AcquisitionSketch_v1\arduino_due_x_dbg\Release/core.a(wiring.c.o)
 .ARM.attributes
                0x000004ac       0x33 C:\Users\calta\AppData\Local\Temp\VMBuilds\AcquisitionSketch_v1\arduino_due_x_dbg\Release/core.a(CDC.cpp.o)
 .ARM.attributes
                0x000004df       0x33 C:\Users\calta\AppData\Local\Temp\VMBuilds\AcquisitionSketch_v1\arduino_due_x_dbg\Release/core.a(PluggableUSB.cpp.o)
 .ARM.attributes
                0x00000512       0x33 C:\Users\calta\AppData\Local\arduino15\packages\arduino\hardware\sam\1.6.11\variants\arduino_due_x/libsam_sam3x8e_gcc_rel.a(timetick.o)
 .ARM.attributes
                0x00000545       0x33 C:\Users\calta\AppData\Local\arduino15\packages\arduino\hardware\sam\1.6.11\variants\arduino_due_x/libsam_sam3x8e_gcc_rel.a(wdt.o)
 .ARM.attributes
                0x00000578       0x33 C:\Users\calta\AppData\Local\arduino15\packages\arduino\hardware\sam\1.6.11\variants\arduino_due_x/libsam_sam3x8e_gcc_rel.a(interrupt_sam_nvic.o)
 .ARM.attributes
                0x000005ab       0x33 C:\Users\calta\AppData\Local\arduino15\packages\arduino\hardware\sam\1.6.11\variants\arduino_due_x/libsam_sam3x8e_gcc_rel.a(uotghs_device.o)
 .ARM.attributes
                0x000005de       0x2d c:/users/calta/appdata/local/arduino15/packages/arduino/tools/arm-none-eabi-gcc/4.8.3-2014q1/bin/../lib/gcc/arm-none-eabi/4.8.3/../../../../arm-none-eabi/lib/armv7-m\libg.a(lib_a-impure.o)
 .ARM.attributes
                0x0000060b       0x2d c:/users/calta/appdata/local/arduino15/packages/arduino/tools/arm-none-eabi-gcc/4.8.3-2014q1/bin/../lib/gcc/arm-none-eabi/4.8.3/../../../../arm-none-eabi/lib/armv7-m\libg.a(lib_a-init.o)
 .ARM.attributes
                0x00000638       0x2d c:/users/calta/appdata/local/arduino15/packages/arduino/tools/arm-none-eabi-gcc/4.8.3-2014q1/bin/../lib/gcc/arm-none-eabi/4.8.3/../../../../arm-none-eabi/lib/armv7-m\libg.a(lib_a-iprintf.o)
 .ARM.attributes
                0x00000665       0x2d c:/users/calta/appdata/local/arduino15/packages/arduino/tools/arm-none-eabi-gcc/4.8.3-2014q1/bin/../lib/gcc/arm-none-eabi/4.8.3/../../../../arm-none-eabi/lib/armv7-m\libg.a(lib_a-memset.o)
 .ARM.attributes
                0x00000692       0x2d c:/users/calta/appdata/local/arduino15/packages/arduino/tools/arm-none-eabi-gcc/4.8.3-2014q1/bin/../lib/gcc/arm-none-eabi/4.8.3/../../../../arm-none-eabi/lib/armv7-m\libg.a(lib_a-strlen.o)
 .ARM.attributes
                0x000006bf       0x2d c:/users/calta/appdata/local/arduino15/packages/arduino/tools/arm-none-eabi-gcc/4.8.3-2014q1/bin/../lib/gcc/arm-none-eabi/4.8.3/../../../../arm-none-eabi/lib/armv7-m\libg.a(lib_a-syskill.o)
 .ARM.attributes
                0x000006ec       0x2d c:/users/calta/appdata/local/arduino15/packages/arduino/tools/arm-none-eabi-gcc/4.8.3-2014q1/bin/../lib/gcc/arm-none-eabi/4.8.3/../../../../arm-none-eabi/lib/armv7-m\libg.a(lib_a-vfiprintf.o)
 .ARM.attributes
                0x00000719       0x2d c:/users/calta/appdata/local/arduino15/packages/arduino/tools/arm-none-eabi-gcc/4.8.3-2014q1/bin/../lib/gcc/arm-none-eabi/4.8.3/../../../../arm-none-eabi/lib/armv7-m\libg.a(lib_a-wsetup.o)
 .ARM.attributes
                0x00000746       0x2d c:/users/calta/appdata/local/arduino15/packages/arduino/tools/arm-none-eabi-gcc/4.8.3-2014q1/bin/../lib/gcc/arm-none-eabi/4.8.3/../../../../arm-none-eabi/lib/armv7-m\libg.a(lib_a-__call_atexit.o)
 .ARM.attributes
                0x00000773       0x2d c:/users/calta/appdata/local/arduino15/packages/arduino/tools/arm-none-eabi-gcc/4.8.3-2014q1/bin/../lib/gcc/arm-none-eabi/4.8.3/../../../../arm-none-eabi/lib/armv7-m\libg.a(lib_a-atexit.o)
 .ARM.attributes
                0x000007a0       0x2d c:/users/calta/appdata/local/arduino15/packages/arduino/tools/arm-none-eabi-gcc/4.8.3-2014q1/bin/../lib/gcc/arm-none-eabi/4.8.3/../../../../arm-none-eabi/lib/armv7-m\libg.a(lib_a-fflush.o)
 .ARM.attributes
                0x000007cd       0x2d c:/users/calta/appdata/local/arduino15/packages/arduino/tools/arm-none-eabi-gcc/4.8.3-2014q1/bin/../lib/gcc/arm-none-eabi/4.8.3/../../../../arm-none-eabi/lib/armv7-m\libg.a(lib_a-findfp.o)
 .ARM.attributes
                0x000007fa       0x2d c:/users/calta/appdata/local/arduino15/packages/arduino/tools/arm-none-eabi-gcc/4.8.3-2014q1/bin/../lib/gcc/arm-none-eabi/4.8.3/../../../../arm-none-eabi/lib/armv7-m\libg.a(lib_a-fini.o)
 .ARM.attributes
                0x00000827       0x2d c:/users/calta/appdata/local/arduino15/packages/arduino/tools/arm-none-eabi-gcc/4.8.3-2014q1/bin/../lib/gcc/arm-none-eabi/4.8.3/../../../../arm-none-eabi/lib/armv7-m\libg.a(lib_a-fputwc.o)
 .ARM.attributes
                0x00000854       0x2d c:/users/calta/appdata/local/arduino15/packages/arduino/tools/arm-none-eabi-gcc/4.8.3-2014q1/bin/../lib/gcc/arm-none-eabi/4.8.3/../../../../arm-none-eabi/lib/armv7-m\libg.a(lib_a-freer.o)
 .ARM.attributes
                0x00000881       0x2d c:/users/calta/appdata/local/arduino15/packages/arduino/tools/arm-none-eabi-gcc/4.8.3-2014q1/bin/../lib/gcc/arm-none-eabi/4.8.3/../../../../arm-none-eabi/lib/armv7-m\libg.a(lib_a-fvwrite.o)
 .ARM.attributes