Archive member included because of file (symbol)

C:\Users\calta\AppData\Local\arduino15\packages\arduino\hardware\sam\1.6.11\variants\arduino_due_x/libsam_sam3x8e_gcc_rel.a(pio.o)
                              C:\Users\calta\AppData\Local\Temp\VMBuilds\AcquisitionSketch_v1\arduino_due_x_dbg\Debug\variant\variant.cpp.o (PIO_Configure)
C:\Users\calta\AppData\Local\arduino15\packages\arduino\hardware\sam\1.6.11\variants\arduino_due_x/libsam_sam3x8e_gcc_rel.a(pmc.o)
                              C:\Users\calta\AppData\Local\Temp\VMBuilds\AcquisitionSketch_v1\arduino_due_x_dbg\Debug\variant\variant.cpp.o (pmc_enable_periph_clk)
C:\Users\calta\AppData\Local\arduino15\packages\arduino\hardware\sam\1.6.11\variants\arduino_due_x/libsam_sam3x8e_gcc_rel.a(system_sam3xa.o)
                              C:\Users\calta\AppData\Local\Temp\VMBuilds\AcquisitionSketch_v1\arduino_due_x_dbg\Debug\variant\variant.cpp.o (SystemInit)
C:\Users\calta\AppData\Local\arduino15\packages\arduino\hardware\sam\1.6.11\variants\arduino_due_x/libsam_sam3x8e_gcc_rel.a(startup_sam3xa.o)
                              (Reset_Handler)
C:\Users\calta\AppData\Local\arduino15\packages\arduino\hardware\sam\1.6.11\variants\arduino_due_x/libsam_sam3x8e_gcc_rel.a(adc.o)
                              C:\Users\calta\AppData\Local\Temp\VMBuilds\AcquisitionSketch_v1\arduino_due_x_dbg\Debug\variant\variant.cpp.o (adc_init)
C:\Users\calta\AppData\Local\arduino15\packages\arduino\hardware\sam\1.6.11\variants\arduino_due_x/libsam_sam3x8e_gcc_rel.a(uotghs.o)
                              C:\Users\calta\AppData\Local\arduino15\packages\arduino\hardware\sam\1.6.11\variants\arduino_due_x/libsam_sam3x8e_gcc_rel.a(startup_sam3xa.o) (UOTGHS_Handler)
C:\Users\calta\AppData\Local\Temp\VMBuilds\AcquisitionSketch_v1\arduino_due_x_dbg\Debug/core.a(cortex_handlers.c.o)
                              C:\Users\calta\AppData\Local\arduino15\packages\arduino\hardware\sam\1.6.11\variants\arduino_due_x/libsam_sam3x8e_gcc_rel.a(startup_sam3xa.o) (NMI_Handler)
C:\Users\calta\AppData\Local\Temp\VMBuilds\AcquisitionSketch_v1\arduino_due_x_dbg\Debug/core.a(hooks.c.o)
                              C:\Users\calta\AppData\Local\Temp\VMBuilds\AcquisitionSketch_v1\arduino_due_x_dbg\Debug/core.a(cortex_handlers.c.o) (sysTickHook)
C:\Users\calta\AppData\Local\Temp\VMBuilds\AcquisitionSketch_v1\arduino_due_x_dbg\Debug/core.a(syscalls_sam3.c.o)
                              (_sbrk)
C:\Users\calta\AppData\Local\Temp\VMBuilds\AcquisitionSketch_v1\arduino_due_x_dbg\Debug/core.a(wiring.c.o)
                              C:\Users\calta\AppData\Local\Temp\VMBuilds\AcquisitionSketch_v1\arduino_due_x_dbg\Debug\AcquisitionSketch_v1.cpp.o (millis)
C:\Users\calta\AppData\Local\Temp\VMBuilds\AcquisitionSketch_v1\arduino_due_x_dbg\Debug/core.a(wiring_analog.c.o)
                              C:\Users\calta\AppData\Local\Temp\VMBuilds\AcquisitionSketch_v1\arduino_due_x_dbg\Debug\AcquisitionSketch_v1.cpp.o (analogRead)
C:\Users\calta\AppData\Local\Temp\VMBuilds\AcquisitionSketch_v1\arduino_due_x_dbg\Debug/core.a(wiring_digital.c.o)
                              C:\Users\calta\AppData\Local\Temp\VMBuilds\AcquisitionSketch_v1\arduino_due_x_dbg\Debug\AcquisitionSketch_v1.cpp.o (pinMode)
C:\Users\calta\AppData\Local\Temp\VMBuilds\AcquisitionSketch_v1\arduino_due_x_dbg\Debug/core.a(main.cpp.o)
                              c:/users/calta/appdata/local/arduino15/packages/arduino/tools/arm-none-eabi-gcc/4.8.3-2014q1/bin/../lib/gcc/arm-none-eabi/4.8.3/../../../../arm-none-eabi/lib/armv7-m/crt0.o (main)
C:\Users\calta\AppData\Local\Temp\VMBuilds\AcquisitionSketch_v1\arduino_due_x_dbg\Debug/core.a(Print.cpp.o)
                              C:\Users\calta\AppData\Local\Temp\VMBuilds\AcquisitionSketch_v1\arduino_due_x_dbg\Debug\AcquisitionSketch_v1.cpp.o (Print::print(char const*))
C:\Users\calta\AppData\Local\Temp\VMBuilds\AcquisitionSketch_v1\arduino_due_x_dbg\Debug/core.a(Reset.cpp.o)
                              C:\Users\calta\AppData\Local\Temp\VMBuilds\AcquisitionSketch_v1\arduino_due_x_dbg\Debug/core.a(cortex_handlers.c.o) (tickReset)
C:\Users\calta\AppData\Local\Temp\VMBuilds\AcquisitionSketch_v1\arduino_due_x_dbg\Debug/core.a(RingBuffer.cpp.o)
                              C:\Users\calta\AppData\Local\Temp\VMBuilds\AcquisitionSketch_v1\arduino_due_x_dbg\Debug\variant\variant.cpp.o (RingBuffer::RingBuffer())
C:\Users\calta\AppData\Local\Temp\VMBuilds\AcquisitionSketch_v1\arduino_due_x_dbg\Debug/core.a(UARTClass.cpp.o)
                              C:\Users\calta\AppData\Local\Temp\VMBuilds\AcquisitionSketch_v1\arduino_due_x_dbg\Debug\AcquisitionSketch_v1.cpp.o (UARTClass::available())
C:\Users\calta\AppData\Local\Temp\VMBuilds\AcquisitionSketch_v1\arduino_due_x_dbg\Debug/core.a(USARTClass.cpp.o)
[...]
Memory Configuration

Name             Origin             Length             Attributes
rom              0x00080000         0x00080000         xr
sram0            0x20000000         0x00010000         xrw
sram1            0x20080000         0x00008000         xrw
ram              0x20070000         0x00018000         xrw
*default*        0x00000000         0xffffffff

Linker script and memory map

LOAD c:/users/calta/appdata/local/arduino15/packages/arduino/tools/arm-none-eabi-gcc/4.8.3-2014q1/bin/../lib/gcc/arm-none-eabi/4.8.3/armv7-m/crti.o
LOAD c:/users/calta/appdata/local/arduino15/packages/arduino/tools/arm-none-eabi-gcc/4.8.3-2014q1/bin/../lib/gcc/arm-none-eabi/4.8.3/armv7-m/crtbegin.o
LOAD c:/users/calta/appdata/local/arduino15/packages/arduino/tools/arm-none-eabi-gcc/4.8.3-2014q1/bin/../lib/gcc/arm-none-eabi/4.8.3/../../../../arm-none-eabi/lib/armv7-m/crt0.o
START GROUP
LOAD C:\Users\calta\AppData\Local\Temp\VMBuilds\AcquisitionSketch_v1\arduino_due_x_dbg\Debug\AcquisitionSketch_v1.cpp.o
LOAD C:\Users\calta\AppData\Local\Temp\VMBuilds\AcquisitionSketch_v1\arduino_due_x_dbg\Debug\VM_DBG\VM_DBG.cpp.o
LOAD C:\Users\calta\AppData\Local\Temp\VMBuilds\AcquisitionSketch_v1\arduino_due_x_dbg\Debug\VM_DBG\VM_mem_check_sam.cpp.o
LOAD C:\Users\calta\AppData\Local\Temp\VMBuilds\AcquisitionSketch_v1\arduino_due_x_dbg\Debug\variant\variant.cpp.o
LOAD C:\Users\calta\AppData\Local\arduino15\packages\arduino\hardware\sam\1.6.11\variants\arduino_due_x/libsam_sam3x8e_gcc_rel.a
LOAD C:\Users\calta\AppData\Local\Temp\VMBuilds\AcquisitionSketch_v1\arduino_due_x_dbg\Debug/core.a
END GROUP
LOAD c:/users/calta/appdata/local/arduino15/packages/arduino/tools/arm-none-eabi-gcc/4.8.3-2014q1/bin/../lib/gcc/arm-none-eabi/4.8.3/../../../../arm-none-eabi/lib/armv7-m\libm.a
START GROUP
LOAD c:/users/calta/appdata/local/arduino15/packages/arduino/tools/arm-none-eabi-gcc/4.8.3-2014q1/bin/../lib/gcc/arm-none-eabi/4.8.3/armv7-m\libgcc.a
LOAD c:/users/calta/appdata/local/arduino15/packages/arduino/tools/arm-none-eabi-gcc/4.8.3-2014q1/bin/../lib/gcc/arm-none-eabi/4.8.3/../../../../arm-none-eabi/lib/armv7-m\libg.a
LOAD c:/users/calta/appdata/local/arduino15/packages/arduino/tools/arm-none-eabi-gcc/4.8.3-2014q1/bin/../lib/gcc/arm-none-eabi/4.8.3/../../../../arm-none-eabi/lib/armv7-m\libc.a
END GROUP
LOAD c:/users/calta/appdata/local/arduino15/packages/arduino/tools/arm-none-eabi-gcc/4.8.3-2014q1/bin/../lib/gcc/arm-none-eabi/4.8.3/armv7-m/crtend.o
LOAD c:/users/calta/appdata/local/arduino15/packages/arduino/tools/arm-none-eabi-gcc/4.8.3-2014q1/bin/../lib/gcc/arm-none-eabi/4.8.3/armv7-m/crtn.o

.text           0x00080000     0x5c00
                0x00080000                . = ALIGN (0x4)
                0x00080000                _sfixed = .
 *(.vectors .vectors.*)
 .vectors       0x00080000       0xf4 C:\Users\calta\AppData\Local\arduino15\packages\arduino\hardware\sam\1.6.11\variants\arduino_due_x/libsam_sam3x8e_gcc_rel.a(startup_sam3xa.o)
                0x00080000                exception_table
 *(.text .text.* .gnu.linkonce.t.*)
 .text          0x000800f4       0x54 c:/users/calta/appdata/local/arduino15/packages/arduino/tools/arm-none-eabi-gcc/4.8.3-2014q1/bin/../lib/gcc/arm-none-eabi/4.8.3/armv7-m/crtbegin.o
 .text._Z12clearCounterv
                0x00080148       0x16 C:\Users\calta\AppData\Local\Temp\VMBuilds\AcquisitionSketch_v1\arduino_due_x_dbg\Debug\AcquisitionSketch_v1.cpp.o
                0x00080148                clearCounter()
 .text._Z16incrementCounterv
                0x0008015e       0x16 C:\Users\calta\AppData\Local\Temp\VMBuilds\AcquisitionSketch_v1\arduino_due_x_dbg\Debug\AcquisitionSketch_v1.cpp.o
                0x0008015e                incrementCounter()
 .text._Z9readMagelv
                0x00080174       0x1a C:\Users\calta\AppData\Local\Temp\VMBuilds\AcquisitionSketch_v1\arduino_due_x_dbg\Debug\AcquisitionSketch_v1.cpp.o
                0x00080174                readMagel()
 *fill*         0x0008018e        0x2 
 .text._Z9readFramev
                0x00080190       0x5c C:\Users\calta\AppData\Local\Temp\VMBuilds\AcquisitionSketch_v1\arduino_due_x_dbg\Debug\AcquisitionSketch_v1.cpp.o
                0x00080190                readFrame()
 .text._Z19displayCurrentFramev
                0x000801ec       0x50 C:\Users\calta\AppData\Local\Temp\VMBuilds\AcquisitionSketch_v1\arduino_due_x_dbg\Debug\AcquisitionSketch_v1.cpp.o
                0x000801ec                displayCurrentFrame()
 .text.setup    0x0008023c       0x78 C:\Users\calta\AppData\Local\Temp\VMBuilds\AcquisitionSketch_v1\arduino_due_x_dbg\Debug\AcquisitionSketch_v1.cpp.o
                0x0008023c                setup
 .text.loop     0x000802b4       0xc0 C:\Users\calta\AppData\Local\Temp\VMBuilds\AcquisitionSketch_v1\arduino_due_x_dbg\Debug\AcquisitionSketch_v1.cpp.o
                0x000802b4                loop
 .text._ZN16VisualMicroDebug16DBG_YieldAndWaitEmb
                0x00080374       0x1a C:\Users\calta\AppData\Local\Temp\VMBuilds\AcquisitionSketch_v1\arduino_due_x_dbg\Debug\VM_DBG\VM_DBG.cpp.o
                0x00080374                VisualMicroDebug::DBG_YieldAndWait(unsigned long, bool)
 .text._ZN16VisualMicroDebug16DBG_YieldAndWaitEm
                0x0008038e        0x6 C:\Users\calta\AppData\Local\Temp\VMBuilds\AcquisitionSketch_v1\arduino_due_x_dbg\Debug\VM_DBG\VM_DBG.cpp.o
                0x0008038e                VisualMicroDebug::DBG_YieldAndWait(unsigned long)
 .text._ZN16VisualMicroDebug10DBG_MillisEv
                0x00080394        0x4 C:\Users\calta\AppData\Local\Temp\VMBuilds\AcquisitionSketch_v1\arduino_due_x_dbg\Debug\VM_DBG\VM_DBG.cpp.o
                0x00080394                VisualMicroDebug::DBG_Millis()
 .text._ZN16VisualMicroDebug17OnBreakPointBeginEm
                0x00080398       0x16 C:\Users\calta\AppData\Local\Temp\VMBuilds\AcquisitionSketch_v1\arduino_due_x_dbg\Debug\VM_DBG\VM_DBG.cpp.o
                0x00080398                VisualMicroDebug::OnBreakPointBegin(unsigned long)
 *fill*         0x000803ae        0x2 
 .text._ZN16VisualMicroDebug22OnBreakPointPrintBeginEh
                0x000803b0       0x6c C:\Users\calta\AppData\Local\Temp\VMBuilds\AcquisitionSketch_v1\arduino_due_x_dbg\Debug\VM_DBG\VM_DBG.cpp.o
                0x000803b0                VisualMicroDebug::OnBreakPointPrintBegin(unsigned char)
 .text._ZN16VisualMicroDebug20OnBreakPointPrintEndEv
                0x0008041c        0xc C:\Users\calta\AppData\Local\Temp\VMBuilds\AcquisitionSketch_v1\arduino_due_x_dbg\Debug\VM_DBG\VM_DBG.cpp.o
                0x0008041c                VisualMicroDebug::OnBreakPointPrintEnd()
 .text._ZN16VisualMicroDebug15OnBreakPointEndEv
                0x00080428        0xc C:\Users\calta\AppData\Local\Temp\VMBuilds\AcquisitionSketch_v1\arduino_due_x_dbg\Debug\VM_DBG\VM_DBG.cpp.o
                0x00080428                VisualMicroDebug::OnBreakPointEnd()
 .text._ZN16VisualMicroDebug14outPacketStartEb
                0x00080434       0x28 C:\Users\calta\AppData\Local\Temp\VMBuilds\AcquisitionSketch_v1\arduino_due_x_dbg\Debug\VM_DBG\VM_DBG.cpp.o
                0x00080434                VisualMicroDebug::outPacketStart(bool)
 .text._ZN16VisualMicroDebug12outPacketEndEv
                0x0008045c        0x2 C:\Users\calta\AppData\Local\Temp\VMBuilds\AcquisitionSketch_v1\arduino_due_x_dbg\Debug\VM_DBG\VM_DBG.cpp.o
                0x0008045c                VisualMicroDebug::outPacketEnd()
 .text._ZN16VisualMicroDebug4initEm
                0x0008045e        0xe C:\Users\calta\AppData\Local\Temp\VMBuilds\AcquisitionSketch_v1\arduino_due_x_dbg\Debug\VM_DBG\VM_DBG.cpp.o
                0x0008045e                VisualMicroDebug::init(unsigned long)
 .text._ZN16VisualMicroDebug5beginEP9UARTClassm
                0x0008046c       0x10 C:\Users\calta\AppData\Local\Temp\VMBuilds\AcquisitionSketch_v1\arduino_due_x_dbg\Debug\VM_DBG\VM_DBG.cpp.o
                0x0008046c                VisualMicroDebug::begin(UARTClass*, unsigned long)
 .text._ZN16VisualMicroDebug4readEv
                0x0008047c        0xe C:\Users\calta\AppData\Local\Temp\VMBuilds\AcquisitionSketch_v1\arduino_due_x_dbg\Debug\VM_DBG\VM_DBG.cpp.o
                0x0008047c                VisualMicroDebug::read()
 .text._ZN16VisualMicroDebug9availableEv
                0x0008048a        0xe C:\Users\calta\AppData\Local\Temp\VMBuilds\AcquisitionSketch_v1\arduino_due_x_dbg\Debug\VM_DBG\VM_DBG.cpp.o
                0x0008048a                VisualMicroDebug::available()
 .text._ZN16VisualMicroDebug16sendContinuedACKEh
                0x00080498       0x3c C:\Users\calta\AppData\Local\Temp\VMBuilds\AcquisitionSketch_v1\arduino_due_x_dbg\Debug\VM_DBG\VM_DBG.cpp.o
                0x00080498                VisualMicroDebug::sendContinuedACK(unsigned char)
 .text._ZN16VisualMicroDebug9breakWaitEh
                0x000804d4       0x54 C:\Users\calta\AppData\Local\Temp\VMBuilds\AcquisitionSketch_v1\arduino_due_x_dbg\Debug\VM_DBG\VM_DBG.cpp.o
                0x000804d4                VisualMicroDebug::breakWait(unsigned char)
 .text._ZN16VisualMicroDebug5startEbb
                0x00080528       0x26 C:\Users\calta\AppData\Local\Temp\VMBuilds\AcquisitionSketch_v1\arduino_due_x_dbg\Debug\VM_DBG\VM_DBG.cpp.o
                0x00080528                VisualMicroDebug::start(bool, bool)
 *fill*         0x0008054e        0x2 
 .text.startup._GLOBAL__sub_I__ZN16VisualMicroDebug16DBG_YieldAndWaitEm
                0x00080550       0x14 C:\Users\calta\AppData\Local\Temp\VMBuilds\AcquisitionSketch_v1\arduino_due_x_dbg\Debug\VM_DBG\VM_DBG.cpp.o
 .text._Z11serialEventv
                0x00080564        0x2 C:\Users\calta\AppData\Local\Temp\VMBuilds\AcquisitionSketch_v1\arduino_due_x_dbg\Debug\variant\variant.cpp.o
                0x00080564                serialEvent()
 *fill*         0x00080566        0x2 
 .text.UART_Handler
                0x00080568        0xc C:\Users\calta\AppData\Local\Temp\VMBuilds\AcquisitionSketch_v1\arduino_due_x_dbg\Debug\variant\variant.cpp.o
                0x00080568                UART_Handler
 .text._Z12serialEvent1v
                0x00080574        0x2 C:\Users\calta\AppData\Local\Temp\VMBuilds\AcquisitionSketch_v1\arduino_due_x_dbg\Debug\variant\variant.cpp.o
                0x00080574                serialEvent1()
 .text._Z12serialEvent2v
                0x00080576        0x2 C:\Users\calta\AppData\Local\Temp\VMBuilds\AcquisitionSketch_v1\arduino_due_x_dbg\Debug\variant\variant.cpp.o
                0x00080576                serialEvent2()
 .text._Z12serialEvent3v
                0x00080578        0x2 C:\Users\calta\AppData\Local\Temp\VMBuilds\AcquisitionSketch_v1\arduino_due_x_dbg\Debug\variant\variant.cpp.o
                0x00080578                serialEvent3()
 *fill*         0x0008057a        0x2 
 .text.USART0_Handler
                0x0008057c        0xc C:\Users\calta\AppData\Local\Temp\VMBuilds\AcquisitionSketch_v1\arduino_due_x_dbg\Debug\variant\variant.cpp.o
                0x0008057c                USART0_Handler
 .text.USART1_Handler
                0x00080588        0xc C:\Users\calta\AppData\Local\Temp\VMBuilds\AcquisitionSketch_v1\arduino_due_x_dbg\Debug\variant\variant.cpp.o
                0x00080588                USART1_Handler
 .text.USART3_Handler
                0x00080594        0xc C:\Users\calta\AppData\Local\Temp\VMBuilds\AcquisitionSketch_v1\arduino_due_x_dbg\Debug\variant\variant.cpp.o
                0x00080594                USART3_Handler
 .text.init     0x000805a0      0x128 C:\Users\calta\AppData\Local\Temp\VMBuilds\AcquisitionSketch_v1\arduino_due_x_dbg\Debug\variant\variant.cpp.o
                0x000805a0                init
 .text.startup._GLOBAL__sub_I_g_APinDescription
                0x000806c8       0xd4 C:\Users\calta\AppData\Local\Temp\VMBuilds\AcquisitionSketch_v1\arduino_due_x_dbg\Debug\variant\variant.cpp.o
 .text._Z14serialEventRunv
                0x0008079c       0x44 C:\Users\calta\AppData\Local\Temp\VMBuilds\AcquisitionSketch_v1\arduino_due_x_dbg\Debug\variant\variant.cpp.o
                0x0008079c                serialEventRun()
 .text.PIO_PullUp
                0x000807e0        0xa C:\Users\calta\AppData\Local\arduino15\packages\arduino\hardware\sam\1.6.11\variants\arduino_due_x/libsam_sam3x8e_gcc_rel.a(pio.o)
                0x000807e0                PIO_PullUp
 .text.PIO_SetPeripheral
                0x000807ea       0x26 C:\Users\calta\AppData\Local\arduino15\packages\arduino\hardware\sam\1.6.11\variants\arduino_due_x/libsam_sam3x8e_gcc_rel.a(pio.o)
                0x000807ea                PIO_SetPeripheral
 .text.PIO_SetInput
                0x00080810       0x26 C:\Users\calta\AppData\Local\arduino15\packages\arduino\hardware\sam\1.6.11\variants\arduino_due_x/libsam_sam3x8e_gcc_rel.a(pio.o)
                0x00080810                PIO_SetInput
 .text.PIO_SetOutput
                0x00080836       0x24 C:\Users\calta\AppData\Local\arduino15\packages\arduino\hardware\sam\1.6.11\variants\arduino_due_x/libsam_sam3x8e_gcc_rel.a(pio.o)
                0x00080836                PIO_SetOutput
 *fill*         0x0008085a        0x2 
 .text.PIO_Configure
                0x0008085c       0x64 C:\Users\calta\AppData\Local\arduino15\packages\arduino\hardware\sam\1.6.11\variants\arduino_due_x/libsam_sam3x8e_gcc_rel.a(pio.o)
                0x0008085c                PIO_Configure
 .text.PIO_GetOutputDataStatus
                0x000808c0       0x14 C:\Users\calta\AppData\Local\arduino15\packages\arduino\hardware\sam\1.6.11\variants\arduino_due_x/libsam_sam3x8e_gcc_rel.a(pio.o)
                0x000808c0                PIO_GetOutputDataStatus
 .text.pmc_enable_upll_clock
                0x000808d4       0x14 C:\Users\calta\AppData\Local\arduino15\packages\arduino\hardware\sam\1.6.11\variants\arduino_due_x/libsam_sam3x8e_gcc_rel.a(pmc.o)
                0x000808d4                pmc_enable_upll_clock
 .text.pmc_enable_periph_clk
                0x000808e8       0x44 C:\Users\calta\AppData\Local\arduino15\packages\arduino\hardware\sam\1.6.11\variants\arduino_due_x/libsam_sam3x8e_gcc_rel.a(pmc.o)
                0x000808e8                pmc_enable_periph_clk
 .text.pmc_disable_periph_clk
                0x0008092c       0x40 C:\Users\calta\AppData\Local\arduino15\packages\arduino\hardware\sam\1.6.11\variants\arduino_due_x/libsam_sam3x8e_gcc_rel.a(pmc.o)
                0x0008092c                pmc_disable_periph_clk
 .text.pmc_switch_udpck_to_upllck
                0x0008096c       0x14 C:\Users\calta\AppData\Local\arduino15\packages\arduino\hardware\sam\1.6.11\variants\arduino_due_x/libsam_sam3x8e_gcc_rel.a(pmc.o)
                0x0008096c                pmc_switch_udpck_to_upllck
 .text.pmc_enable_udpck
                0x00080980        0xc C:\Users\calta\AppData\Local\arduino15\packages\arduino\hardware\sam\1.6.11\variants\arduino_due_x/libsam_sam3x8e_gcc_rel.a(pmc.o)
                0x00080980                pmc_enable_udpck
 .text.SystemInit
                0x0008098c       0x88 C:\Users\calta\AppData\Local\arduino15\packages\arduino\hardware\sam\1.6.11\variants\arduino_due_x/libsam_sam3x8e_gcc_rel.a(system_sam3xa.o)
                0x0008098c                SystemInit
 .text.Reset_Handler
                0x00080a14       0x78 C:\Users\calta\AppData\Local\arduino15\packages\arduino\hardware\sam\1.6.11\variants\arduino_due_x/libsam_sam3x8e_gcc_rel.a(startup_sam3xa.o)
                0x00080a14                Reset_Handler
 .text.adc_init
                0x00080a8c       0x98 C:\Users\calta\AppData\Local\arduino15\packages\arduino\hardware\sam\1.6.11\variants\arduino_due_x/libsam_sam3x8e_gcc_rel.a(adc.o)
                0x00080a8c                adc_init
 .text.adc_configure_trigger
                0x00080b24        0xe C:\Users\calta\AppData\Local\arduino15\packages\arduino\hardware\sam\1.6.11\variants\arduino_due_x/libsam_sam3x8e_gcc_rel.a(adc.o)
                0x00080b24                adc_configure_trigger
 .text.adc_configure_timing
                0x00080b32       0x1a C:\Users\calta\AppData\Local\arduino15\packages\arduino\hardware\sam\1.6.11\variants\arduino_due_x/libsam_sam3x8e_gcc_rel.a(adc.o)
                0x00080b32                adc_configure_timing
 .text.adc_start
                0x00080b4c        0x6 C:\Users\calta\AppData\Local\arduino15\packages\arduino\hardware\sam\1.6.11\variants\arduino_due_x/libsam_sam3x8e_gcc_rel.a(adc.o)
                0x00080b4c                adc_start
 .text.adc_enable_channel
                0x00080b52        0xa C:\Users\calta\AppData\Local\arduino15\packages\arduino\hardware\sam\1.6.11\variants\arduino_due_x/libsam_sam3x8e_gcc_rel.a(adc.o)
                0x00080b52                adc_enable_channel
 .text.adc_disable_channel
                0x00080b5c        0xa C:\Users\calta\AppData\Local\arduino15\packages\arduino\hardware\sam\1.6.11\variants\arduino_due_x/libsam_sam3x8e_gcc_rel.a(adc.o)
                0x00080b5c                adc_disable_channel
 .text.adc_disable_all_channel
                0x00080b66        0x8 C:\Users\calta\AppData\Local\arduino15\packages\arduino\hardware\sam\1.6.11\variants\arduino_due_x/libsam_sam3x8e_gcc_rel.a(adc.o)
                0x00080b66                adc_disable_all_channel
 .text.adc_get_channel_status
                0x00080b6e        0xa C:\Users\calta\AppData\Local\arduino15\packages\arduino\hardware\sam\1.6.11\variants\arduino_due_x/libsam_sam3x8e_gcc_rel.a(adc.o)
                0x00080b6e                adc_get_channel_status
 .text.adc_get_latest_value
                0x00080b78        0x4 C:\Users\calta\AppData\Local\arduino15\packages\arduino\hardware\sam\1.6.11\variants\arduino_due_x/libsam_sam3x8e_gcc_rel.a(adc.o)
                0x00080b78                adc_get_latest_value
 .text.adc_disable_interrupt
                0x00080b7c        0x4 C:\Users\calta\AppData\Local\arduino15\packages\arduino\hardware\sam\1.6.11\variants\arduino_due_x/libsam_sam3x8e_gcc_rel.a(adc.o)
                0x00080b7c                adc_disable_interrupt
 .text.adc_get_status
                0x00080b80        0x4 C:\Users\calta\AppData\Local\arduino15\packages\arduino\hardware\sam\1.6.11\variants\arduino_due_x/libsam_sam3x8e_gcc_rel.a(adc.o)
                0x00080b80                adc_get_status
 .text.UOTGHS_Handler
                0x00080b84       0x10 C:\Users\calta\AppData\Local\arduino15\packages\arduino\hardware\sam\1.6.11\variants\arduino_due_x/libsam_sam3x8e_gcc_rel.a(uotghs.o)
                0x00080b84                UOTGHS_Handler
 .text.__halt   0x00080b94        0x2 C:\Users\calta\AppData\Local\Temp\VMBuilds\AcquisitionSketch_v1\arduino_due_x_dbg\Debug/core.a(cortex_handlers.c.o)
                0x00080b94                DACC_Handler
                0x00080b94                DebugMon_Handler
                0x00080b94                DMAC_Handler
                0x00080b94                TRNG_Handler
                0x00080b94                HardFault_Handler
                0x00080b94                TC2_Handler
                0x00080b94                TWI1_Handler
                0x00080b94                NMI_Handler
                0x00080b94                TC7_Handler
                0x00080b94                ADC_Handler
                0x00080b94                SMC_Handler
                0x00080b94                RTT_Handler
                0x00080b94                EFC1_Handler
                0x00080b94                PIOB_Handler
                0x00080b94                RTC_Handler
                0x00080b94                UsageFault_Handler
                0x00080b94                TC6_Handler
                0x00080b94                WDT_Handler
                0x00080b94                CAN0_Handler
                0x00080b94                TC4_Handler
                0x00080b94                TC1_Handler
                0x00080b94                HSMCI_Handler
                0x00080b94                TC3_Handler
                0x00080b94                TWI0_Handler
                0x00080b94                PIOA_Handler
                0x00080b94                SSC_Handler
                0x00080b94                EFC0_Handler
                0x00080b94                PMC_Handler
                0x00080b94                PWM_Handler
                0x00080b94                CAN1_Handler
                0x00080b94                MemManage_Handler
                0x00080b94                SUPC_Handler
                0x00080b94                TC8_Handler
                0x00080b94                USART2_Handler
                0x00080b94                PIOD_Handler
                0x00080b94                EMAC_Handler
                0x00080b94                PIOC_Handler
                0x00080b94                BusFault_Handler
                0x00080b94                RSTC_Handler
                0x00080b94                TC0_Handler
                0x00080b94                TC5_Handler
                0x00080b94                SPI0_Handler
 .text.SVC_Handler
                0x00080b96        0x4 C:\Users\calta\AppData\Local\Temp\VMBuilds\AcquisitionSketch_v1\arduino_due_x_dbg\Debug/core.a(cortex_handlers.c.o)
                0x00080b96                SVC_Handler
 .text.PendSV_Handler
                0x00080b9a        0x4 C:\Users\calta\AppData\Local\Temp\VMBuilds\AcquisitionSketch_v1\arduino_due_x_dbg\Debug/core.a(cortex_handlers.c.o)
                0x00080b9a                PendSV_Handler
 .text.SysTick_Handler
                0x00080b9e       0x16 C:\Users\calta\AppData\Local\Temp\VMBuilds\AcquisitionSketch_v1\arduino_due_x_dbg\Debug/core.a(cortex_handlers.c.o)
                0x00080b9e                SysTick_Handler
 .text.__empty  0x00080bb4        0x2 C:\Users\calta\AppData\Local\Temp\VMBuilds\AcquisitionSketch_v1\arduino_due_x_dbg\Debug/core.a(hooks.c.o)
                0x00080bb4                yield
 .text.__false  0x00080bb6        0x4 C:\Users\calta\AppData\Local\Temp\VMBuilds\AcquisitionSketch_v1\arduino_due_x_dbg\Debug/core.a(hooks.c.o)
                0x00080bb6                sysTickHook
 .text.__halt   0x00080bba        0x2 C:\Users\calta\AppData\Local\Temp\VMBuilds\AcquisitionSketch_v1\arduino_due_x_dbg\Debug/core.a(hooks.c.o)
                0x00080bba                svcHook
                0x00080bba                pendSVHook
 .text._sbrk    0x00080bbc       0x1c C:\Users\calta\AppData\Local\Temp\VMBuilds\AcquisitionSketch_v1\arduino_due_x_dbg\Debug/core.a(syscalls_sam3.c.o)
                0x00080bbc                _sbrk
 .text.link     0x00080bd8        0x6 C:\Users\calta\AppData\Local\Temp\VMBuilds\AcquisitionSketch_v1\arduino_due_x_dbg\Debug/core.a(syscalls_sam3.c.o)
                0x00080bd8                link
 .text._close   0x00080bde        0x6 C:\Users\calta\AppData\Local\Temp\VMBuilds\AcquisitionSketch_v1\arduino_due_x_dbg\Debug/core.a(syscalls_sam3.c.o)
                0x00080bde                _close
 .text._fstat   0x00080be4        0xa C:\Users\calta\AppData\Local\Temp\VMBuilds\AcquisitionSketch_v1\arduino_due_x_dbg\Debug/core.a(syscalls_sam3.c.o)
                0x00080be4                _fstat
 .text._isatty  0x00080bee        0x4 C:\Users\calta\AppData\Local\Temp\VMBuilds\AcquisitionSketch_v1\arduino_due_x_dbg\Debug/core.a(syscalls_sam3.c.o)
                0x00080bee                _isatty
 .text._lseek   0x00080bf2        0x4 C:\Users\calta\AppData\Local\Temp\VMBuilds\AcquisitionSketch_v1\arduino_due_x_dbg\Debug/core.a(syscalls_sam3.c.o)
                0x00080bf2                _lseek
 .text._read    0x00080bf6        0x4 C:\Users\calta\AppData\Local\Temp\VMBuilds\AcquisitionSketch_v1\arduino_due_x_dbg\Debug/core.a(syscalls_sam3.c.o)
                0x00080bf6                _read
 *fill*         0x00080bfa        0x2 
 .text._write   0x00080bfc       0x24 C:\Users\calta\AppData\Local\Temp\VMBuilds\AcquisitionSketch_v1\arduino_due_x_dbg\Debug/core.a(syscalls_sam3.c.o)
                0x00080bfc                _write
 .text._exit    0x00080c20       0x10 C:\Users\calta\AppData\Local\Temp\VMBuilds\AcquisitionSketch_v1\arduino_due_x_dbg\Debug/core.a(syscalls_sam3.c.o)
                0x00080c20                _exit
 .text._kill    0x00080c30        0x2 C:\Users\calta\AppData\Local\Temp\VMBuilds\AcquisitionSketch_v1\arduino_due_x_dbg\Debug/core.a(syscalls_sam3.c.o)
                0x00080c30                _kill
 .text._getpid  0x00080c32        0x6 C:\Users\calta\AppData\Local\Temp\VMBuilds\AcquisitionSketch_v1\arduino_due_x_dbg\Debug/core.a(syscalls_sam3.c.o)
                0x00080c32                _getpid
 .text.millis   0x00080c38        0x4 C:\Users\calta\AppData\Local\Temp\VMBuilds\AcquisitionSketch_v1\arduino_due_x_dbg\Debug/core.a(wiring.c.o)
                0x00080c38                millis
 .text.delay    0x00080c3c       0x1c C:\Users\calta\AppData\Local\Temp\VMBuilds\AcquisitionSketch_v1\arduino_due_x_dbg\Debug/core.a(wiring.c.o)
                0x00080c3c                delay
 .text.mapResolution
                0x00080c58       0x12 C:\Users\calta\AppData\Local\Temp\VMBuilds\AcquisitionSketch_v1\arduino_due_x_dbg\Debug/core.a(wiring_analog.c.o)
 *fill*         0x00080c6a        0x2 
 .text.analogRead
                0x00080c6c       0x9c C:\Users\calta\AppData\Local\Temp\VMBuilds\AcquisitionSketch_v1\arduino_due_x_dbg\Debug/core.a(wiring_analog.c.o)
                0x00080c6c                analogRead
 .text.analogOutputInit
                0x00080d08        0x2 C:\Users\calta\AppData\Local\Temp\VMBuilds\AcquisitionSketch_v1\arduino_due_x_dbg\Debug/core.a(wiring_analog.c.o)
                0x00080d08                analogOutputInit
 *fill*         0x00080d0a        0x2 
 .text.pinMode  0x00080d0c      0x108 C:\Users\calta\AppData\Local\Temp\VMBuilds\AcquisitionSketch_v1\arduino_due_x_dbg\Debug/core.a(wiring_digital.c.o)
                0x00080d0c                pinMode
 .text.digitalWrite
                0x00080e14       0x70 C:\Users\calta\AppData\Local\Temp\VMBuilds\AcquisitionSketch_v1\arduino_due_x_dbg\Debug/core.a(wiring_digital.c.o)
                0x00080e14                digitalWrite
 .text.initVariant
                0x00080e84        0x2 C:\Users\calta\AppData\Local\Temp\VMBuilds\AcquisitionSketch_v1\arduino_due_x_dbg\Debug/core.a(main.cpp.o)
                0x00080e84                initVariant
 *fill*         0x00080e86        0x2 
 .text.startup.main
                0x00080e88       0x38 C:\Users\calta\AppData\Local\Temp\VMBuilds\AcquisitionSketch_v1\arduino_due_x_dbg\Debug/core.a(main.cpp.o)
                0x00080e88                main
 .text._ZN5Print5writeEPKhj
                0x00080ec0       0x22 C:\Users\calta\AppData\Local\Temp\VMBuilds\AcquisitionSketch_v1\arduino_due_x_dbg\Debug/core.a(Print.cpp.o)
                0x00080ec0                Print::write(unsigned char const*, unsigned int)
 .text._ZN5Print5printEmi.part.3
                0x00080ee2        0xc C:\Users\calta\AppData\Local\Temp\VMBuilds\AcquisitionSketch_v1\arduino_due_x_dbg\Debug/core.a(Print.cpp.o)
 .text._ZN5Print5writeEPKc
                0x00080eee       0x1e C:\Users\calta\AppData\Local\Temp\VMBuilds\AcquisitionSketch_v1\arduino_due_x_dbg\Debug/core.a(Print.cpp.o)
                0x00080eee                Print::write(char const*)
 .text._ZN5Print5printEPKc
                0x00080f0c        0x8 C:\Users\calta\AppData\Local\Temp\VMBuilds\AcquisitionSketch_v1\arduino_due_x_dbg\Debug/core.a(Print.cpp.o)
                0x00080f0c                Print::print(char const*)
 .text._ZN5Print5printEc
                0x00080f14        0xa C:\Users\calta\AppData\Local\Temp\VMBuilds\AcquisitionSketch_v1\arduino_due_x_dbg\Debug/core.a(Print.cpp.o)
                0x00080f14                Print::print(char)
 *fill*         0x00080f1e        0x2 
 .text._ZN5Print7printlnEv
                0x00080f20       0x10 C:\Users\calta\AppData\Local\Temp\VMBuilds\AcquisitionSketch_v1\arduino_due_x_dbg\Debug/core.a(Print.cpp.o)
                0x00080f20                Print::println()
 .text._ZN5Print7printlnEPKc
                0x00080f30       0x14 C:\Users\calta\AppData\Local\Temp\VMBuilds\AcquisitionSketch_v1\arduino_due_x_dbg\Debug/core.a(Print.cpp.o)
                0x00080f30                Print::println(char const*)
 .text._ZN5Print11printNumberEmh
                0x00080f44       0x3e C:\Users\calta\AppData\Local\Temp\VMBuilds\AcquisitionSketch_v1\arduino_due_x_dbg\Debug/core.a(Print.cpp.o)
                0x00080f44                Print::printNumber(unsigned long, unsigned char)
 .text._ZN5Print5printEli
                0x00080f82       0x3c C:\Users\calta\AppData\Local\Temp\VMBuilds\AcquisitionSketch_v1\arduino_due_x_dbg\Debug/core.a(Print.cpp.o)
                0x00080f82                Print::print(long, int)
 .text._ZN5Print5printEii
                0x00080fbe        0x4 C:\Users\calta\AppData\Local\Temp\VMBuilds\AcquisitionSketch_v1\arduino_due_x_dbg\Debug/core.a(Print.cpp.o)
                0x00080fbe                Print::print(int, int)
 .text._ZN5Print7printlnEii
                0x00080fc2       0x14 C:\Users\calta\AppData\Local\Temp\VMBuilds\AcquisitionSketch_v1\arduino_due_x_dbg\Debug/core.a(Print.cpp.o)
                0x00080fc2                Print::println(int, int)
 .text._ZN5Print5printEmi
                0x00080fd6        0xc C:\Users\calta\AppData\Local\Temp\VMBuilds\AcquisitionSketch_v1\arduino_due_x_dbg\Debug/core.a(Print.cpp.o)
                0x00080fd6                Print::print(unsigned long, int)
 .text._ZN5Print5printEhi
                0x00080fe2        0x4 C:\Users\calta\AppData\Local\Temp\VMBuilds\AcquisitionSketch_v1\arduino_due_x_dbg\Debug/core.a(Print.cpp.o)
                0x00080fe2                Print::print(unsigned char, int)
 *fill*         0x00080fe6        0x2 
 .text.initiateReset
                0x00080fe8        0xc C:\Users\calta\AppData\Local\Temp\VMBuilds\AcquisitionSketch_v1\arduino_due_x_dbg\Debug/core.a(Reset.cpp.o)
                0x00080fe8                initiateReset
 .text.cancelReset
                0x00080ff4       0x10 C:\Users\calta\AppData\Local\Temp\VMBuilds\AcquisitionSketch_v1\arduino_due_x_dbg\Debug/core.a(Reset.cpp.o)
                0x00080ff4                cancelReset
 .text.tickReset
                0x00081004       0x20 C:\Users\calta\AppData\Local\Temp\VMBuilds\AcquisitionSketch_v1\arduino_due_x_dbg\Debug/core.a(Reset.cpp.o)
                0x00081004                tickReset
 .text._ZN10RingBufferC2Ev
                0x00081024       0x1a C:\Users\calta\AppData\Local\Temp\VMBuilds\AcquisitionSketch_v1\arduino_due_x_dbg\Debug/core.a(RingBuffer.cpp.o)
                0x00081024                RingBuffer::RingBuffer()
                0x00081024                RingBuffer::RingBuffer()
 .text._ZN10RingBuffer10store_charEh
                0x0008103e       0x1e C:\Users\calta\AppData\Local\Temp\VMBuilds\AcquisitionSketch_v1\arduino_due_x_dbg\Debug/core.a(RingBuffer.cpp.o)
                0x0008103e                RingBuffer::store_char(unsigned char)
 .text._ZN9UARTClasscvbEv
                0x0008105c        0x4 C:\Users\calta\AppData\Local\Temp\VMBuilds\AcquisitionSketch_v1\arduino_due_x_dbg\Debug/core.a(UARTClass.cpp.o)
                0x0008105c                UARTClass::operator bool()
 .text._ZN9UARTClass9availableEv
                0x00081060       0x12 C:\Users\calta\AppData\Local\Temp\VMBuilds\AcquisitionSketch_v1\arduino_due_x_dbg\Debug/core.a(UARTClass.cpp.o)
                0x00081060                UARTClass::available()
 .text._ZN9UARTClass4peekEv
                0x00081072       0x1c C:\Users\calta\AppData\Local\Temp\VMBuilds\AcquisitionSketch_v1\arduino_due_x_dbg\Debug/core.a(UARTClass.cpp.o)
                0x00081072                UARTClass::peek()
 .text._ZN9UARTClass4readEv
                0x0008108e       0x2a C:\Users\calta\AppData\Local\Temp\VMBuilds\AcquisitionSketch_v1\arduino_due_x_dbg\Debug/core.a(UARTClass.cpp.o)
                0x0008108e                UARTClass::read()
 .text._ZN9UARTClass5flushEv
                0x000810b8       0x18 C:\Users\calta\AppData\Local\Temp\VMBuilds\AcquisitionSketch_v1\arduino_due_x_dbg\Debug/core.a(UARTClass.cpp.o)
                0x000810b8                UARTClass::flush()
 .text._ZN9UARTClass5writeEh
                0x000810d0       0x54 C:\Users\calta\AppData\Local\Temp\VMBuilds\AcquisitionSketch_v1\arduino_due_x_dbg\Debug/core.a(UARTClass.cpp.o)
                0x000810d0                UARTClass::write(unsigned char)
 .text._ZN9UARTClass3endEv
                0x00081124       0x3c C:\Users\calta\AppData\Local\Temp\VMBuilds\AcquisitionSketch_v1\arduino_due_x_dbg\Debug/core.a(UARTClass.cpp.o)
                0x00081124                UARTClass::end()
 .text._ZN9UARTClassC2EP4Uart4IRQnmP10RingBufferS4_
                0x00081160       0x24 C:\Users\calta\AppData\Local\Temp\VMBuilds\AcquisitionSketch_v1\arduino_due_x_dbg\Debug/core.a(UARTClass.cpp.o)
                0x00081160                UARTClass::UARTClass(Uart*, IRQn, unsigned long, RingBuffer*, RingBuffer*)
                0x00081160                UARTClass::UARTClass(Uart*, IRQn, unsigned long, RingBuffer*, RingBuffer*)
 .text._ZN9UARTClass4initEmm
                0x00081184       0x70 C:\Users\calta\AppData\Local\Temp\VMBuilds\AcquisitionSketch_v1\arduino_due_x_dbg\Debug/core.a(UARTClass.cpp.o)
                0x00081184                UARTClass::init(unsigned long, unsigned long)
 .text._ZN9UARTClass5beginEm
                0x000811f4        0x8 C:\Users\calta\AppData\Local\Temp\VMBuilds\AcquisitionSketch_v1\arduino_due_x_dbg\Debug/core.a(UARTClass.cpp.o)
                0x000811f4                UARTClass::begin(unsigned long)
 .text._ZN9UARTClass10IrqHandlerEv
                0x000811fc       0x5a C:\Users\calta\AppData\Local\Temp\VMBuilds\AcquisitionSketch_v1\arduino_due_x_dbg\Debug/core.a(UARTClass.cpp.o)
                0x000811fc                UARTClass::IrqHandler()
 .text._ZN10USARTClass5beginEm
                0x00081256        0x8 C:\Users\calta\AppData\Local\Temp\VMBuilds\AcquisitionSketch_v1\arduino_due_x_dbg\Debug/core.a(USARTClass.cpp.o)
                0x00081256                USARTClass::begin(unsigned long)
 *fill*         0x0008125e        0x2 
 .text._ZN10USARTClassC2EP5Usart4IRQnmP10RingBufferS4_
                0x00081260       0x24 C:\Users\calta\AppData\Local\Temp\VMBuilds\AcquisitionSketch_v1\arduino_due_x_dbg\Debug/core.a(USARTClass.cpp.o)
                0x00081260                USARTClass::USARTClass(Usart*, IRQn, unsigned long, RingBuffer*, RingBuffer*)
                0x00081260                USARTClass::USARTClass(Usart*, IRQn, unsigned long, RingBuffer*, RingBuffer*)
 .text._watchdogDefaultSetup
                0x00081284        0xc C:\Users\calta\AppData\Local\Temp\VMBuilds\AcquisitionSketch_v1\arduino_due_x_dbg\Debug/core.a(watchdog.cpp.o)
                0x00081284                _watchdogDefaultSetup
                0x00081284                watchdogSetup()
 .text.unlikely._ZL11USB_SendZlpv
                0x00081290       0x20 C:\Users\calta\AppData\Local\Temp\VMBuilds\AcquisitionSketch_v1\arduino_due_x_dbg\Debug/core.a(USBCore.cpp.o)
 .text._Z14USBD_Availablem
                0x000812b0       0x2c C:\Users\calta\AppData\Local\Temp\VMBuilds\AcquisitionSketch_v1\arduino_due_x_dbg\Debug/core.a(USBCore.cpp.o)
                0x000812b0                USBD_Available(unsigned long)
 .text._Z9USBD_RecvmPvm
                0x000812dc       0x7c C:\Users\calta\AppData\Local\Temp\VMBuilds\AcquisitionSketch_v1\arduino_due_x_dbg\Debug/core.a(USBCore.cpp.o)
                0x000812dc                USBD_Recv(unsigned long, void*, unsigned long)
 .text._Z9USBD_Recvm
                0x00081358       0x22 C:\Users\calta\AppData\Local\Temp\VMBuilds\AcquisitionSketch_v1\arduino_due_x_dbg\Debug/core.a(USBCore.cpp.o)
                0x00081358                USBD_Recv(unsigned long)
 *fill*         0x0008137a        0x2 
 .text._Z9USBD_SendmPKvm
                0x0008137c       0x4c C:\Users\calta\AppData\Local\Temp\VMBuilds\AcquisitionSketch_v1\arduino_due_x_dbg\Debug/core.a(USBCore.cpp.o)
                0x0008137c                USBD_Send(unsigned long, void const*, unsigned long)
 .text._Z16USBD_SendControlhPKvm
                0x000813c8       0x40 C:\Users\calta\AppData\Local\Temp\VMBuilds\AcquisitionSketch_v1\arduino_due_x_dbg\Debug/core.a(USBCore.cpp.o)
                0x000813c8                USBD_SendControl(unsigned char, void const*, unsigned long)
 .text.unlikely._ZL24USB_SendStringDescriptorPKhi
                0x00081408       0x64 C:\Users\calta\AppData\Local\Temp\VMBuilds\AcquisitionSketch_v1\arduino_due_x_dbg\Debug/core.a(USBCore.cpp.o)
 .text._Z16USBD_RecvControlPvm
                0x0008146c       0x1c C:\Users\calta\AppData\Local\Temp\VMBuilds\AcquisitionSketch_v1\arduino_due_x_dbg\Debug/core.a(USBCore.cpp.o)
                0x0008146c                USBD_RecvControl(void*, unsigned long)
 .text._Z26USBD_ClassInterfaceRequestR8USBSetup
                0x00081488       0x1e C:\Users\calta\AppData\Local\Temp\VMBuilds\AcquisitionSketch_v1\arduino_due_x_dbg\Debug/core.a(USBCore.cpp.o)
                0x00081488                USBD_ClassInterfaceRequest(USBSetup&)
 .text._Z19USBD_SendInterfacesv
                0x000814a6       0x22 C:\Users\calta\AppData\Local\Temp\VMBuilds\AcquisitionSketch_v1\arduino_due_x_dbg\Debug/core.a(USBCore.cpp.o)
                0x000814a6                USBD_SendInterfaces()
 .text._Z24USBD_SendOtherInterfacesv
                0x000814c8       0x22 C:\Users\calta\AppData\Local\Temp\VMBuilds\AcquisitionSketch_v1\arduino_due_x_dbg\Debug/core.a(USBCore.cpp.o)
                0x000814c8                USBD_SendOtherInterfaces()
 .text._Z10USBD_Flushm
                0x000814ea       0x16 C:\Users\calta\AppData\Local\Temp\VMBuilds\AcquisitionSketch_v1\arduino_due_x_dbg\Debug/core.a(USBCore.cpp.o)
                0x000814ea                USBD_Flush(unsigned long)
 .text._ZN10USBDevice_C2Ev
                0x00081500       0x24 C:\Users\calta\AppData\Local\Temp\VMBuilds\AcquisitionSketch_v1\arduino_due_x_dbg\Debug/core.a(USBCore.cpp.o)
                0x00081500                USBDevice_::USBDevice_()
                0x00081500                USBDevice_::USBDevice_()
 .text._ZN10USBDevice_6attachEv
                0x00081524       0x20 C:\Users\calta\AppData\Local\Temp\VMBuilds\AcquisitionSketch_v1\arduino_due_x_dbg\Debug/core.a(USBCore.cpp.o)
                0x00081524                USBDevice_::attach()
 .text.startup._GLOBAL__sub_I_EndPoints
                0x00081544        0xc C:\Users\calta\AppData\Local\Temp\VMBuilds\AcquisitionSketch_v1\arduino_due_x_dbg\Debug/core.a(USBCore.cpp.o)
 .text._ZL7USB_ISRv
                0x00081550      0x454 C:\Users\calta\AppData\Local\Temp\VMBuilds\AcquisitionSketch_v1\arduino_due_x_dbg\Debug/core.a(USBCore.cpp.o)
 .text._ZN7Serial_9availableEv
                0x000819a4       0x18 C:\Users\calta\AppData\Local\Temp\VMBuilds\AcquisitionSketch_v1\arduino_due_x_dbg\Debug/core.a(CDC.cpp.o)
                0x000819a4                Serial_::available()
 .text._ZN7Serial_17availableForWriteEv
                0x000819bc        0x6 C:\Users\calta\AppData\Local\Temp\VMBuilds\AcquisitionSketch_v1\arduino_due_x_dbg\Debug/core.a(CDC.cpp.o)
                0x000819bc                Serial_::availableForWrite()
 *fill*         0x000819c2        0x2 
 .text._ZN7Serial_4peekEv
                0x000819c4       0x20 C:\Users\calta\AppData\Local\Temp\VMBuilds\AcquisitionSketch_v1\arduino_due_x_dbg\Debug/core.a(CDC.cpp.o)
                0x000819c4                Serial_::peek()
 .text._ZN7Serial_5writeEh
                0x000819e4       0x16 C:\Users\calta\AppData\Local\Temp\VMBuilds\AcquisitionSketch_v1\arduino_due_x_dbg\Debug/core.a(CDC.cpp.o)
                0x000819e4                Serial_::write(unsigned char)
 *fill*         0x000819fa        0x2 
 .text._ZN7Serial_4readEv
                0x000819fc       0x44 C:\Users\calta\AppData\Local\Temp\VMBuilds\AcquisitionSketch_v1\arduino_due_x_dbg\Debug/core.a(CDC.cpp.o)
                0x000819fc                Serial_::read()
 .text._ZN7Serial_5flushEv
                0x00081a40        0x6 C:\Users\calta\AppData\Local\Temp\VMBuilds\AcquisitionSketch_v1\arduino_due_x_dbg\Debug/core.a(CDC.cpp.o)
                0x00081a40                Serial_::flush()
 *fill*         0x00081a46        0x2 
 .text._ZN7Serial_6acceptEv
                0x00081a48       0x70 C:\Users\calta\AppData\Local\Temp\VMBuilds\AcquisitionSketch_v1\arduino_due_x_dbg\Debug/core.a(CDC.cpp.o)
                0x00081a48                Serial_::accept()
 .text._ZN7Serial_5writeEPKhj
                0x00081ab8       0x2c C:\Users\calta\AppData\Local\Temp\VMBuilds\AcquisitionSketch_v1\arduino_due_x_dbg\Debug/core.a(CDC.cpp.o)
                0x00081ab8                Serial_::write(unsigned char const*, unsigned int)
 .text._Z16CDC_GetInterfacePh
                0x00081ae4       0x14 C:\Users\calta\AppData\Local\Temp\VMBuilds\AcquisitionSketch_v1\arduino_due_x_dbg\Debug/core.a(CDC.cpp.o)
                0x00081ae4                CDC_GetInterface(unsigned char*)
 .text._Z21CDC_GetOtherInterfacePh
                0x00081af8       0x14 C:\Users\calta\AppData\Local\Temp\VMBuilds\AcquisitionSketch_v1\arduino_due_x_dbg\Debug/core.a(CDC.cpp.o)
                0x00081af8                CDC_GetOtherInterface(unsigned char*)
 .text._Z9CDC_SetupR8USBSetup
                0x00081b0c       0x78 C:\Users\calta\AppData\Local\Temp\VMBuilds\AcquisitionSketch_v1\arduino_due_x_dbg\Debug/core.a(CDC.cpp.o)
                0x00081b0c                CDC_Setup(USBSetup&)
 .text.startup._GLOBAL__sub_I_cdc_rx_buffer
                0x00081b84       0x1c C:\Users\calta\AppData\Local\Temp\VMBuilds\AcquisitionSketch_v1\arduino_due_x_dbg\Debug/core.a(CDC.cpp.o)
 .text._ZN13PluggableUSB_12getInterfaceEPh
                0x00081ba0       0x28 C:\Users\calta\AppData\Local\Temp\VMBuilds\AcquisitionSketch_v1\arduino_due_x_dbg\Debug/core.a(PluggableUSB.cpp.o)
                0x00081ba0                PluggableUSB_::getInterface(unsigned char*)
 .text._ZN13PluggableUSB_13getDescriptorER8USBSetup
                0x00081bc8       0x1c C:\Users\calta\AppData\Local\Temp\VMBuilds\AcquisitionSketch_v1\arduino_due_x_dbg\Debug/core.a(PluggableUSB.cpp.o)
                0x00081bc8                PluggableUSB_::getDescriptor(USBSetup&)
 .text._ZN13PluggableUSB_12getShortNameEPc
                0x00081be4       0x1c C:\Users\calta\AppData\Local\Temp\VMBuilds\AcquisitionSketch_v1\arduino_due_x_dbg\Debug/core.a(PluggableUSB.cpp.o)
                0x00081be4                PluggableUSB_::getShortName(char*)
 .text._ZN13PluggableUSB_5setupER8USBSetup
                0x00081c00       0x20 C:\Users\calta\AppData\Local\Temp\VMBuilds\AcquisitionSketch_v1\arduino_due_x_dbg\Debug/core.a(PluggableUSB.cpp.o)
                0x00081c00                PluggableUSB_::setup(USBSetup&)
 .text._Z12PluggableUSBv
                0x00081c20       0x28 C:\Users\calta\AppData\Local\Temp\VMBuilds\AcquisitionSketch_v1\arduino_due_x_dbg\Debug/core.a(PluggableUSB.cpp.o)
                0x00081c20                PluggableUSB()
 .text.TimeTick_Increment
                0x00081c48       0x10 C:\Users\calta\AppData\Local\arduino15\packages\arduino\hardware\sam\1.6.11\variants\arduino_due_x/libsam_sam3x8e_gcc_rel.a(timetick.o)
                0x00081c48                TimeTick_Increment
 .text.GetTickCount
                0x00081c58        0xc C:\Users\calta\AppData\Local\arduino15\packages\arduino\hardware\sam\1.6.11\variants\arduino_due_x/libsam_sam3x8e_gcc_rel.a(timetick.o)
                0x00081c58                GetTickCount
 .text.WDT_Disable
                0x00081c64        0x8 C:\Users\calta\AppData\Local\arduino15\packages\arduino\hardware\sam\1.6.11\variants\arduino_due_x/libsam_sam3x8e_gcc_rel.a(wdt.o)
                0x00081c64                WDT_Disable
 .text.UDD_SetStack
                0x00081c6c        0xc C:\Users\calta\AppData\Local\arduino15\packages\arduino\hardware\sam\1.6.11\variants\arduino_due_x/libsam_sam3x8e_gcc_rel.a(uotghs_device.o)
                0x00081c6c                UDD_SetStack
 .text.UDD_Init
                0x00081c78       0xd0 C:\Users\calta\AppData\Local\arduino15\packages\arduino\hardware\sam\1.6.11\variants\arduino_due_x/libsam_sam3x8e_gcc_rel.a(uotghs_device.o)
                0x00081c78                UDD_Init
 .text.UDD_Attach
                0x00081d48       0x50 C:\Users\calta\AppData\Local\arduino15\packages\arduino\hardware\sam\1.6.11\variants\arduino_due_x/libsam_sam3x8e_gcc_rel.a(uotghs_device.o)
                0x00081d48                UDD_Attach
 .text.UDD_InitEP
                0x00081d98       0x2c C:\Users\calta\AppData\Local\arduino15\packages\arduino\hardware\sam\1.6.11\variants\arduino_due_x/libsam_sam3x8e_gcc_rel.a(uotghs_device.o)
                0x00081d98                UDD_InitEP
 .text.UDD_InitEndpoints
                0x00081dc4       0x3c C:\Users\calta\AppData\Local\arduino15\packages\arduino\hardware\sam\1.6.11\variants\arduino_due_x/libsam_sam3x8e_gcc_rel.a(uotghs_device.o)
                0x00081dc4                UDD_InitEndpoints
 .text.UDD_WaitIN
                0x00081e00       0x10 C:\Users\calta\AppData\Local\arduino15\packages\arduino\hardware\sam\1.6.11\variants\arduino_due_x/libsam_sam3x8e_gcc_rel.a(uotghs_device.o)
                0x00081e00                UDD_WaitIN
 .text.UDD_WaitOUT
                0x00081e10       0x10 C:\Users\calta\AppData\Local\arduino15\packages\arduino\hardware\sam\1.6.11\variants\arduino_due_x/libsam_sam3x8e_gcc_rel.a(uotghs_device.o)
                0x00081e10                UDD_WaitOUT
 .text.UDD_ClearIN
                0x00081e20       0x18 C:\Users\calta\AppData\Local\arduino15\packages\arduino\hardware\sam\1.6.11\variants\arduino_due_x/libsam_sam3x8e_gcc_rel.a(uotghs_device.o)
                0x00081e20                UDD_ClearIN
 .text.UDD_ClearOUT
                0x00081e38       0x18 C:\Users\calta\AppData\Local\arduino15\packages\arduino\hardware\sam\1.6.11\variants\arduino_due_x/libsam_sam3x8e_gcc_rel.a(uotghs_device.o)
                0x00081e38                UDD_ClearOUT
 .text.UDD_ReceivedSetupInt
                0x00081e50       0x10 C:\Users\calta\AppData\Local\arduino15\packages\arduino\hardware\sam\1.6.11\variants\arduino_due_x/libsam_sam3x8e_gcc_rel.a(uotghs_device.o)
                0x00081e50                UDD_ReceivedSetupInt
 .text.UDD_ClearSetupInt
                0x00081e60       0x10 C:\Users\calta\AppData\Local\arduino15\packages\arduino\hardware\sam\1.6.11\variants\arduino_due_x/libsam_sam3x8e_gcc_rel.a(uotghs_device.o)
                0x00081e60                UDD_ClearSetupInt
 .text.UDD_Send
                0x00081e70       0x88 C:\Users\calta\AppData\Local\arduino15\packages\arduino\hardware\sam\1.6.11\variants\arduino_due_x/libsam_sam3x8e_gcc_rel.a(uotghs_device.o)
                0x00081e70                UDD_Send
 .text.UDD_Send8
                0x00081ef8       0x24 C:\Users\calta\AppData\Local\arduino15\packages\arduino\hardware\sam\1.6.11\variants\arduino_due_x/libsam_sam3x8e_gcc_rel.a(uotghs_device.o)
                0x00081ef8                UDD_Send8
 .text.UDD_Recv8
                0x00081f1c       0x28 C:\Users\calta\AppData\Local\arduino15\packages\arduino\hardware\sam\1.6.11\variants\arduino_due_x/libsam_sam3x8e_gcc_rel.a(uotghs_device.o)
                0x00081f1c                UDD_Recv8
 .text.UDD_Recv
                0x00081f44       0x34 C:\Users\calta\AppData\Local\arduino15\packages\arduino\hardware\sam\1.6.11\variants\arduino_due_x/libsam_sam3x8e_gcc_rel.a(uotghs_device.o)
                0x00081f44                UDD_Recv
 .text.UDD_Stall
                0x00081f78       0x14 C:\Users\calta\AppData\Local\arduino15\packages\arduino\hardware\sam\1.6.11\variants\arduino_due_x/libsam_sam3x8e_gcc_rel.a(uotghs_device.o)
                0x00081f78                UDD_Stall
 .text.UDD_FifoByteCount
                0x00081f8c       0x14 C:\Users\calta\AppData\Local\arduino15\packages\arduino\hardware\sam\1.6.11\variants\arduino_due_x/libsam_sam3x8e_gcc_rel.a(uotghs_device.o)
                0x00081f8c                UDD_FifoByteCount
 .text.UDD_ReleaseRX
                0x00081fa0       0x28 C:\Users\calta\AppData\Local\arduino15\packages\arduino\hardware\sam\1.6.11\variants\arduino_due_x/libsam_sam3x8e_gcc_rel.a(uotghs_device.o)
                0x00081fa0                UDD_ReleaseRX
 .text.UDD_ReleaseTX
                0x00081fc8       0x28 C:\Users\calta\AppData\Local\arduino15\packages\arduino\hardware\sam\1.6.11\variants\arduino_due_x/libsam_sam3x8e_gcc_rel.a(uotghs_device.o)
                0x00081fc8                UDD_ReleaseTX
 .text.UDD_SetAddress
                0x00081ff0       0x20 C:\Users\calta\AppData\Local\arduino15\packages\arduino\hardware\sam\1.6.11\variants\arduino_due_x/libsam_sam3x8e_gcc_rel.a(uotghs_device.o)
                0x00081ff0                UDD_SetAddress
 .text.__libc_init_array
                0x00082010       0x50 c:/users/calta/appdata/local/arduino15/packages/arduino/tools/arm-none-eabi-gcc/4.8.3-2014q1/bin/../lib/gcc/arm-none-eabi/4.8.3/../../../../arm-none-eabi/lib/armv7-m\libg.a(lib_a-init.o)
                0x00082010                __libc_init_array
 .text.iprintf  0x00082060       0x28 c:/users/calta/appdata/local/arduino15/packages/arduino/tools/arm-none-eabi-gcc/4.8.3-2014q1/bin/../lib/gcc/arm-none-eabi/4.8.3/../../../../arm-none-eabi/lib/armv7-m\libg.a(lib_a-iprintf.o)
                0x00082060                iprintf
 .text.memset   0x00082088       0x94 c:/users/calta/appdata/local/arduino15/packages/arduino/tools/arm-none-eabi-gcc/4.8.3-2014q1/bin/../lib/gcc/arm-none-eabi/4.8.3/../../../../arm-none-eabi/lib/armv7-m\libg.a(lib_a-memset.o)
                0x00082088                memset
 .text.strlen   0x0008211c       0x60 c:/users/calta/appdata/local/arduino15/packages/arduino/tools/arm-none-eabi-gcc/4.8.3-2014q1/bin/../lib/gcc/arm-none-eabi/4.8.3/../../../../arm-none-eabi/lib/armv7-m\libg.a(lib_a-strlen.o)
                0x0008211c                strlen
 .text.kill     0x0008217c       0x10 c:/users/calta/appdata/local/arduino15/packages/arduino/tools/arm-none-eabi-gcc/4.8.3-2014q1/bin/../lib/gcc/arm-none-eabi/4.8.3/../../../../arm-none-eabi/lib/armv7-m\libg.a(lib_a-syskill.o)
                0x0008217c                kill
 .text.__sprint_r.part.0
                0x0008218c       0x78 c:/users/calta/appdata/local/arduino15/packages/arduino/tools/arm-none-eabi-gcc/4.8.3-2014q1/bin/../lib/gcc/arm-none-eabi/4.8.3/../../../../arm-none-eabi/lib/armv7-m\libg.a(lib_a-vfiprintf.o)
 .text._vfiprintf_r
                0x00082204      0xc54 c:/users/calta/appdata/local/arduino15/packages/arduino/tools/arm-none-eabi-gcc/4.8.3-2014q1/bin/../lib/gcc/arm-none-eabi/4.8.3/../../../../arm-none-eabi/lib/armv7-m\libg.a(lib_a-vfiprintf.o)
                0x00082204                _vfiprintf_r
 .text.__sbprintf
                0x00082e58       0x7c c:/users/calta/appdata/local/arduino15/packages/arduino/tools/arm-none-eabi-gcc/4.8.3-2014q1/bin/../lib/gcc/arm-none-eabi/4.8.3/../../../../arm-none-eabi/lib/armv7-m\libg.a(lib_a-vfiprintf.o)
 .text.__swsetup_r
                0x00082ed4       0xc4 c:/users/calta/appdata/local/arduino15/packages/arduino/tools/arm-none-eabi-gcc/4.8.3-2014q1/bin/../lib/gcc/arm-none-eabi/4.8.3/../../../../arm-none-eabi/lib/armv7-m\libg.a(lib_a-wsetup.o)
                0x00082ed4                __swsetup_r
 .text.startup.register_fini
                0x00082f98       0x14 c:/users/calta/appdata/local/arduino15/packages/arduino/tools/arm-none-eabi-gcc/4.8.3-2014q1/bin/../lib/gcc/arm-none-eabi/4.8.3/../../../../arm-none-eabi/lib/armv7-m\libg.a(lib_a-__call_atexit.o)
 .text.atexit   0x00082fac        0xc c:/users/calta/appdata/local/arduino15/packages/arduino/tools/arm-none-eabi-gcc/4.8.3-2014q1/bin/../lib/gcc/arm-none-eabi/4.8.3/../../../../arm-none-eabi/lib/armv7-m\libg.a(lib_a-atexit.o)
                0x00082fac                atexit
 .text.__sflush_r
                0x00082fb8      0x148 c:/users/calta/appdata/local/arduino15/packages/arduino/tools/arm-none-eabi-gcc/4.8.3-2014q1/bin/../lib/gcc/arm-none-eabi/4.8.3/../../../../arm-none-eabi/lib/armv7-m\libg.a(lib_a-fflush.o)
                0x00082fb8                __sflush_r
 .text._fflush_r
                0x00083100       0x2c c:/users/calta/appdata/local/arduino15/packages/arduino/tools/arm-none-eabi-gcc/4.8.3-2014q1/bin/../lib/gcc/arm-none-eabi/4.8.3/../../../../arm-none-eabi/lib/armv7-m\libg.a(lib_a-fflush.o)
                0x00083100                _fflush_r
 .text._cleanup_r
                0x0008312c        0xc c:/users/calta/appdata/local/arduino15/packages/arduino/tools/arm-none-eabi-gcc/4.8.3-2014q1/bin/../lib/gcc/arm-none-eabi/4.8.3/../../../../arm-none-eabi/lib/armv7-m\libg.a(lib_a-findfp.o)
                0x0008312c                _cleanup_r
 .text.__sinit  0x00083138       0xf4 c:/users/calta/appdata/local/arduino15/packages/arduino/tools/arm-none-eabi-gcc/4.8.3-2014q1/bin/../lib/gcc/arm-none-eabi/4.8.3/../../../../arm-none-eabi/lib/armv7-m\libg.a(lib_a-findfp.o)
                0x00083138                __sinit
 .text.__sfp_lock_acquire
                0x0008322c        0x4 c:/users/calta/appdata/local/arduino15/packages/arduino/tools/arm-none-eabi-gcc/4.8.3-2014q1/bin/../lib/gcc/arm-none-eabi/4.8.3/../../../../arm-none-eabi/lib/armv7-m\libg.a(lib_a-findfp.o)
                0x0008322c                __sfp_lock_acquire
 .text.__sfp_lock_release
                0x00083230        0x4 c:/users/calta/appdata/local/arduino15/packages/arduino/tools/arm-none-eabi-gcc/4.8.3-2014q1/bin/../lib/gcc/arm-none-eabi/4.8.3/../../../../arm-none-eabi/lib/armv7-m\libg.a(lib_a-findfp.o)
                0x00083230                __sfp_lock_release
 .text.__libc_fini_array
                0x00083234       0x30 c:/users/calta/appdata/local/arduino15/packages/arduino/tools/arm-none-eabi-gcc/4.8.3-2014q1/bin/../lib/gcc/arm-none-eabi/4.8.3/../../../../arm-none-eabi/lib/armv7-m\libg.a(lib_a-fini.o)
                0x00083234                __libc_fini_array
 .text._fputwc_r
                0x00083264       0xc0 c:/users/calta/appdata/local/arduino15/packages/arduino/tools/arm-none-eabi-gcc/4.8.3-2014q1/bin/../lib/gcc/arm-none-eabi/4.8.3/../../../../arm-none-eabi/lib/armv7-m\libg.a(lib_a-fputwc.o)
                0x00083264                _fputwc_r
 .text._malloc_trim_r
                0x00083324       0x9c c:/users/calta/appdata/local/arduino15/packages/arduino/tools/arm-none-eabi-gcc/4.8.3-2014q1/bin/../lib/gcc/arm-none-eabi/4.8.3/../../../../arm-none-eabi/lib/armv7-m\libg.a(lib_a-freer.o)
                0x00083324                _malloc_trim_r
 .text._free_r  0x000833c0      0x198 c:/users/calta/appdata/local/arduino15/packages/arduino/tools/arm-none-eabi-gcc/4.8.3-2014q1/bin/../lib/gcc/arm-none-eabi/4.8.3/../../../../arm-none-eabi/lib/armv7-m\libg.a(lib_a-freer.o)
                0x000833c0                _free_r
 .text.__sfvwrite_r
                0x00083558      0x314 c:/users/calta/appdata/local/arduino15/packages/arduino/tools/arm-none-eabi-gcc/4.8.3-2014q1/bin/../lib/gcc/arm-none-eabi/4.8.3/../../../../arm-none-eabi/lib/armv7-m\libg.a(lib_a-fvwrite.o)
                0x00083558                __sfvwrite_r
 .text._fwalk   0x0008386c       0x48 c:/users/calta/appdata/local/arduino15/packages/arduino/tools/arm-none-eabi-gcc/4.8.3-2014q1/bin/../lib/gcc/arm-none-eabi/4.8.3/../../../../arm-none-eabi/lib/armv7-m\libg.a(lib_a-fwalk.o)
                0x0008386c                _fwalk
 .text.__locale_charset
                0x000838b4        0x8 c:/users/calta/appdata/local/arduino15/packages/arduino/tools/arm-none-eabi-gcc/4.8.3-2014q1/bin/../lib/gcc/arm-none-eabi/4.8.3/../../../../arm-none-eabi/lib/armv7-m\libg.a(lib_a-locale.o)
                0x000838b4                __locale_charset
 .text.__locale_mb_cur_max
                0x000838bc        0xc c:/users/calta/appdata/local/arduino15/packages/arduino/tools/arm-none-eabi-gcc/4.8.3-2014q1/bin/../lib/gcc/arm-none-eabi/4.8.3/../../../../arm-none-eabi/lib/armv7-m\libg.a(lib_a-locale.o)
                0x000838bc                __locale_mb_cur_max
 .text.__smakebuf_r
                0x000838c8       0xe0 c:/users/calta/appdata/local/arduino15/packages/arduino/tools/arm-none-eabi-gcc/4.8.3-2014q1/bin/../lib/gcc/arm-none-eabi/4.8.3/../../../../arm-none-eabi/lib/armv7-m\libg.a(lib_a-makebuf.o)
                0x000838c8                __smakebuf_r
 .text._malloc_r
                0x000839a8      0x538 c:/users/calta/appdata/local/arduino15/packages/arduino/tools/arm-none-eabi-gcc/4.8.3-2014q1/bin/../lib/gcc/arm-none-eabi/4.8.3/../../../../arm-none-eabi/lib/armv7-m\libg.a(lib_a-mallocr.o)
                0x000839a8                _malloc_r
 .text.memchr   0x00083ee0       0x94 c:/users/calta/appdata/local/arduino15/packages/arduino/tools/arm-none-eabi-gcc/4.8.3-2014q1/bin/../lib/gcc/arm-none-eabi/4.8.3/../../../../arm-none-eabi/lib/armv7-m\libg.a(lib_a-memchr-stub.o)
                0x00083ee0                memchr
 .text          0x00083f74       0xec c:/users/calta/appdata/local/arduino15/packages/arduino/tools/arm-none-eabi-gcc/4.8.3-2014q1/bin/../lib/gcc/arm-none-eabi/4.8.3/../../../../arm-none-eabi/lib/armv7-m\libg.a(lib_a-memcpy.o)
                0x00083f74                memcpy
 .text.memmove  0x00084060       0xcc c:/users/calta/appdata/local/arduino15/packages/arduino/tools/arm-none-eabi-gcc/4.8.3-2014q1/bin/../lib/gcc/arm-none-eabi/4.8.3/../../../../arm-none-eabi/lib/armv7-m\libg.a(lib_a-memmove.o)
                0x00084060                memmove
 .text.__malloc_lock
                0x0008412c        0x4 c:/users/calta/appdata/local/arduino15/packages/arduino/tools/arm-none-eabi-gcc/4.8.3-2014q1/bin/../lib/gcc/arm-none-eabi/4.8.3/../../../../arm-none-eabi/lib/armv7-m\libg.a(lib_a-mlock.o)
                0x0008412c                __malloc_lock
 .text.__malloc_unlock
                0x00084130        0x4 c:/users/calta/appdata/local/arduino15/packages/arduino/tools/arm-none-eabi-gcc/4.8.3-2014q1/bin/../lib/gcc/arm-none-eabi/4.8.3/../../../../arm-none-eabi/lib/armv7-m\libg.a(lib_a-mlock.o)
                0x00084130                __malloc_unlock
 .text._realloc_r
                0x00084134      0x3c0 c:/users/calta/appdata/local/arduino15/packages/arduino/tools/arm-none-eabi-gcc/4.8.3-2014q1/bin/../lib/gcc/arm-none-eabi/4.8.3/../../../../arm-none-eabi/lib/armv7-m\libg.a(lib_a-reallocr.o)
                0x00084134                _realloc_r
 .text._sbrk_r  0x000844f4       0x24 c:/users/calta/appdata/local/arduino15/packages/arduino/tools/arm-none-eabi-gcc/4.8.3-2014q1/bin/../lib/gcc/arm-none-eabi/4.8.3/../../../../arm-none-eabi/lib/armv7-m\libg.a(lib_a-sbrkr.o)
                0x000844f4                _sbrk_r
 .text._kill_r  0x00084518       0x28 c:/users/calta/appdata/local/arduino15/packages/arduino/tools/arm-none-eabi-gcc/4.8.3-2014q1/bin/../lib/gcc/arm-none-eabi/4.8.3/../../../../arm-none-eabi/lib/armv7-m\libg.a(lib_a-signalr.o)
                0x00084518                _kill_r
 .text.__sread  0x00084540       0x24 c:/users/calta/appdata/local/arduino15/packages/arduino/tools/arm-none-eabi-gcc/4.8.3-2014q1/bin/../lib/gcc/arm-none-eabi/4.8.3/../../../../arm-none-eabi/lib/armv7-m\libg.a(lib_a-stdio.o)
                0x00084540                __sread
 .text.__swrite
                0x00084564       0x38 c:/users/calta/appdata/local/arduino15/packages/arduino/tools/arm-none-eabi-gcc/4.8.3-2014q1/bin/../lib/gcc/arm-none-eabi/4.8.3/../../../../arm-none-eabi/lib/armv7-m\libg.a(lib_a-stdio.o)
                0x00084564                __swrite
 .text.__sseek  0x0008459c       0x20 c:/users/calta/appdata/local/arduino15/packages/arduino/tools/arm-none-eabi-gcc/4.8.3-2014q1/bin/../lib/gcc/arm-none-eabi/4.8.3/../../../../arm-none-eabi/lib/armv7-m\libg.a(lib_a-stdio.o)
                0x0008459c                __sseek
 .text.__sclose
                0x000845bc        0x8 c:/users/calta/appdata/local/arduino15/packages/arduino/tools/arm-none-eabi-gcc/4.8.3-2014q1/bin/../lib/gcc/arm-none-eabi/4.8.3/../../../../arm-none-eabi/lib/armv7-m\libg.a(lib_a-stdio.o)
                0x000845bc                __sclose
 .text.__swbuf_r
                0x000845c4       0xa8 c:/users/calta/appdata/local/arduino15/packages/arduino/tools/arm-none-eabi-gcc/4.8.3-2014q1/bin/../lib/gcc/arm-none-eabi/4.8.3/../../../../arm-none-eabi/lib/armv7-m\libg.a(lib_a-wbuf.o)
                0x000845c4                __swbuf_r
 .text._wcrtomb_r
                0x0008466c       0x50 c:/users/calta/appdata/local/arduino15/packages/arduino/tools/arm-none-eabi-gcc/4.8.3-2014q1/bin/../lib/gcc/arm-none-eabi/4.8.3/../../../../arm-none-eabi/lib/armv7-m\libg.a(lib_a-wcrtomb.o)
                0x0008466c                _wcrtomb_r
 .text.__ascii_wctomb
                0x000846bc       0x1c c:/users/calta/appdata/local/arduino15/packages/arduino/tools/arm-none-eabi-gcc/4.8.3-2014q1/bin/../lib/gcc/arm-none-eabi/4.8.3/../../../../arm-none-eabi/lib/armv7-m\libg.a(lib_a-wctomb_r.o)
                0x000846bc                __ascii_wctomb
 .text._write_r
                0x000846d8       0x28 c:/users/calta/appdata/local/arduino15/packages/arduino/tools/arm-none-eabi-gcc/4.8.3-2014q1/bin/../lib/gcc/arm-none-eabi/4.8.3/../../../../arm-none-eabi/lib/armv7-m\libg.a(lib_a-writer.o)
                0x000846d8                _write_r
 .text.__register_exitproc
                0x00084700       0xa8 c:/users/calta/appdata/local/arduino15/packages/arduino/tools/arm-none-eabi-gcc/4.8.3-2014q1/bin/../lib/gcc/arm-none-eabi/4.8.3/../../../../arm-none-eabi/lib/armv7-m\libg.a(lib_a-__atexit.o)
                0x00084700                __register_exitproc
 .text._close_r
                0x000847a8       0x24 c:/users/calta/appdata/local/arduino15/packages/arduino/tools/arm-none-eabi-gcc/4.8.3-2014q1/bin/../lib/gcc/arm-none-eabi/4.8.3/../../../../arm-none-eabi/lib/armv7-m\libg.a(lib_a-closer.o)
                0x000847a8                _close_r
 .text._fclose_r
                0x000847cc       0x80 c:/users/calta/appdata/local/arduino15/packages/arduino/tools/arm-none-eabi-gcc/4.8.3-2014q1/bin/../lib/gcc/arm-none-eabi/4.8.3/../../../../arm-none-eabi/lib/armv7-m\libg.a(lib_a-fclose.o)
                0x000847cc                _fclose_r
 .text.fclose   0x0008484c       0x10 c:/users/calta/appdata/local/arduino15/packages/arduino/tools/arm-none-eabi-gcc/4.8.3-2014q1/bin/../lib/gcc/arm-none-eabi/4.8.3/../../../../arm-none-eabi/lib/armv7-m\libg.a(lib_a-fclose.o)
                0x0008484c                fclose
 .text._fstat_r
                0x0008485c       0x28 c:/users/calta/appdata/local/arduino15/packages/arduino/tools/arm-none-eabi-gcc/4.8.3-2014q1/bin/../lib/gcc/arm-none-eabi/4.8.3/../../../../arm-none-eabi/lib/armv7-m\libg.a(lib_a-fstatr.o)
                0x0008485c                _fstat_r
 .text._isatty_r
                0x00084884       0x24 c:/users/calta/appdata/local/arduino15/packages/arduino/tools/arm-none-eabi-gcc/4.8.3-2014q1/bin/../lib/gcc/arm-none-eabi/4.8.3/../../../../arm-none-eabi/lib/armv7-m\libg.a(lib_a-isattyr.o)
                0x00084884                _isatty_r
 .text._lseek_r
                0x000848a8       0x28 c:/users/calta/appdata/local/arduino15/packages/arduino/tools/arm-none-eabi-gcc/4.8.3-2014q1/bin/../lib/gcc/arm-none-eabi/4.8.3/../../../../arm-none-eabi/lib/armv7-m\libg.a(lib_a-lseekr.o)
                0x000848a8                _lseek_r
 .text._read_r  0x000848d0       0x28 c:/users/calta/appdata/local/arduino15/packages/arduino/tools/arm-none-eabi-gcc/4.8.3-2014q1/bin/../lib/gcc/arm-none-eabi/4.8.3/../../../../arm-none-eabi/lib/armv7-m\libg.a(lib_a-readr.o)
                0x000848d0                _read_r
 .text          0x000848f8       0x2c c:/users/calta/appdata/local/arduino15/packages/arduino/tools/arm-none-eabi-gcc/4.8.3-2014q1/bin/../lib/gcc/arm-none-eabi/4.8.3/armv7-m\libgcc.a(_aeabi_uldivmod.o)
                0x000848f8                __aeabi_uldivmod
 .text          0x00084924       0x60 c:/users/calta/appdata/local/arduino15/packages/arduino/tools/arm-none-eabi-gcc/4.8.3-2014q1/bin/../lib/gcc/arm-none-eabi/4.8.3/armv7-m\libgcc.a(bpabi.o)
                0x00084924                __gnu_ldivmod_helper
                0x00084954                __gnu_uldivmod_helper
 .text          0x00084984        0x4 c:/users/calta/appdata/local/arduino15/packages/arduino/tools/arm-none-eabi-gcc/4.8.3-2014q1/bin/../lib/gcc/arm-none-eabi/4.8.3/armv7-m\libgcc.a(_dvmd_tls.o)
                0x00084984                __aeabi_idiv0
                0x00084984                __aeabi_ldiv0
 .text          0x00084988      0x2a0 c:/users/calta/appdata/local/arduino15/packages/arduino/tools/arm-none-eabi-gcc/4.8.3-2014q1/bin/../lib/gcc/arm-none-eabi/4.8.3/armv7-m\libgcc.a(_divdi3.o)
                0x00084988                __divdi3
 .text          0x00084c28      0x290 c:/users/calta/appdata/local/arduino15/packages/arduino/tools/arm-none-eabi-gcc/4.8.3-2014q1/bin/../lib/gcc/arm-none-eabi/4.8.3/armv7-m\libgcc.a(_udivdi3.o)
                0x00084c28                __udivdi3
 *(.glue_7t)
 .glue_7t       0x00000000        0x0 linker stubs
 *(.glue_7)
 .glue_7        0x00000000        0x0 linker stubs
 *(.rodata .rodata* .gnu.linkonce.r.*)
 .rodata.str1.1
                0x00084eb8       0x2d C:\Users\calta\AppData\Local\Temp\VMBuilds\AcquisitionSketch_v1\arduino_due_x_dbg\Debug\AcquisitionSketch_v1.cpp.o
                                 0x2e (size before relaxing)
 .rodata.str1.1
                0x00084ee5       0x6a C:\Users\calta\AppData\Local\Temp\VMBuilds\AcquisitionSketch_v1\arduino_due_x_dbg\Debug\VM_DBG\VM_DBG.cpp.o
                                 0x6c (size before relaxing)
 *fill*         0x00084f4f        0x1 
 .rodata.g_APinDescription
                0x00084f50      0xa2c C:\Users\calta\AppData\Local\Temp\VMBuilds\AcquisitionSketch_v1\arduino_due_x_dbg\Debug\variant\variant.cpp.o
                0x00084f50                g_APinDescription
 .rodata        0x0008597c       0x40 C:\Users\calta\AppData\Local\arduino15\packages\arduino\hardware\sam\1.6.11\variants\arduino_due_x/libsam_sam3x8e_gcc_rel.a(adc.o)
 .rodata.str1.1
                0x000859bc       0x19 C:\Users\calta\AppData\Local\Temp\VMBuilds\AcquisitionSketch_v1\arduino_due_x_dbg\Debug/core.a(syscalls_sam3.c.o)
 .rodata.str1.1
                0x000859d5        0xc C:\Users\calta\AppData\Local\Temp\VMBuilds\AcquisitionSketch_v1\arduino_due_x_dbg\Debug/core.a(Print.cpp.o)
                                  0xf (size before relaxing)
 *fill*         0x000859e1        0x7 
 .rodata._ZTV9UARTClass
                0x000859e8       0x30 C:\Users\calta\AppData\Local\Temp\VMBuilds\AcquisitionSketch_v1\arduino_due_x_dbg\Debug/core.a(UARTClass.cpp.o)
                0x000859e8                vtable for UARTClass
 .rodata._ZTV10USARTClass
                0x00085a18       0x30 C:\Users\calta\AppData\Local\Temp\VMBuilds\AcquisitionSketch_v1\arduino_due_x_dbg\Debug/core.a(USARTClass.cpp.o)
                0x00085a18                vtable for USARTClass
 .rodata.STRING_PRODUCT
                0x00085a48        0xc C:\Users\calta\AppData\Local\Temp\VMBuilds\AcquisitionSketch_v1\arduino_due_x_dbg\Debug/core.a(USBCore.cpp.o)
                0x00085a48                STRING_PRODUCT
 .rodata.USB_DeviceDescriptor
                0x00085a54       0x12 C:\Users\calta\AppData\Local\Temp\VMBuilds\AcquisitionSketch_v1\arduino_due_x_dbg\Debug/core.a(USBCore.cpp.o)
                0x00085a54                USB_DeviceDescriptor
 .rodata.STRING_LANGUAGE
                0x00085a66        0x4 C:\Users\calta\AppData\Local\Temp\VMBuilds\AcquisitionSketch_v1\arduino_due_x_dbg\Debug/core.a(USBCore.cpp.o)
                0x00085a66                STRING_LANGUAGE
 .rodata._ZL18test_packet_buffer
                0x00085a6a       0x35 C:\Users\calta\AppData\Local\Temp\VMBuilds\AcquisitionSketch_v1\arduino_due_x_dbg\Debug/core.a(USBCore.cpp.o)
 .rodata.STRING_MANUFACTURER
                0x00085a9f        0xc C:\Users\calta\AppData\Local\Temp\VMBuilds\AcquisitionSketch_v1\arduino_due_x_dbg\Debug/core.a(USBCore.cpp.o)
                0x00085a9f                STRING_MANUFACTURER
 .rodata.USB_DeviceDescriptorA
                0x00085aab       0x12 C:\Users\calta\AppData\Local\Temp\VMBuilds\AcquisitionSketch_v1\arduino_due_x_dbg\Debug/core.a(USBCore.cpp.o)
                0x00085aab                USB_DeviceDescriptorA
 .rodata._ZL19USB_DeviceQualifier
                0x00085abd        0x9 C:\Users\calta\AppData\Local\Temp\VMBuilds\AcquisitionSketch_v1\arduino_due_x_dbg\Debug/core.a(USBCore.cpp.o)
 *fill*         0x00085ac6        0x2 
 .rodata._ZTV7Serial_
                0x00085ac8       0x28 C:\Users\calta\AppData\Local\Temp\VMBuilds\AcquisitionSketch_v1\arduino_due_x_dbg\Debug/core.a(CDC.cpp.o)
                0x00085ac8                vtable for Serial_
 .rodata._ZL18_cdcOtherInterface
                0x00085af0       0x42 C:\Users\calta\AppData\Local\Temp\VMBuilds\AcquisitionSketch_v1\arduino_due_x_dbg\Debug/core.a(CDC.cpp.o)
 .rodata._ZL13_cdcInterface
                0x00085b32       0x42 C:\Users\calta\AppData\Local\Temp\VMBuilds\AcquisitionSketch_v1\arduino_due_x_dbg\Debug/core.a(CDC.cpp.o)
 .rodata.str1.4
                0x00085b74        0x2 c:/users/calta/appdata/local/arduino15/packages/arduino/tools/arm-none-eabi-gcc/4.8.3-2014q1/bin/../lib/gcc/arm-none-eabi/4.8.3/../../../../arm-none-eabi/lib/armv7-m\libg.a(lib_a-impure.o)
                                  0x4 (size before relaxing)
 *fill*         0x00085b76        0x2 
 .rodata._global_impure_ptr
                0x00085b78        0x4 c:/users/calta/appdata/local/arduino15/packages/arduino/tools/arm-none-eabi-gcc/4.8.3-2014q1/bin/../lib/gcc/arm-none-eabi/4.8.3/../../../../arm-none-eabi/lib/armv7-m\libg.a(lib_a-impure.o)
                0x00085b78                _global_impure_ptr
 .rodata.blanks.6717
                0x00085b7c       0x10 c:/users/calta/appdata/local/arduino15/packages/arduino/tools/arm-none-eabi-gcc/4.8.3-2014q1/bin/../lib/gcc/arm-none-eabi/4.8.3/../../../../arm-none-eabi/lib/armv7-m\libg.a(lib_a-vfiprintf.o)
 .rodata.str1.4
                0x00085b8c       0x30 c:/users/calta/appdata/local/arduino15/packages/arduino/tools/arm-none-eabi-gcc/4.8.3-2014q1/bin/../lib/gcc/arm-none-eabi/4.8.3/../../../../arm-none-eabi/lib/armv7-m\libg.a(lib_a-vfiprintf.o)
 .rodata.zeroes.6718
                0x00085bbc       0x10 c:/users/calta/appdata/local/arduino15/packages/arduino/tools/arm-none-eabi-gcc/4.8.3-2014q1/bin/../lib/gcc/arm-none-eabi/4.8.3/../../../../arm-none-eabi/lib/armv7-m\libg.a(lib_a-vfiprintf.o)
 *(.ARM.extab* .gnu.linkonce.armextab.*)
                0x00085bcc                . = ALIGN (0x4)
 *(.init)
 .init          0x00085bcc        0x4 c:/users/calta/appdata/local/arduino15/packages/arduino/tools/arm-none-eabi-gcc/4.8.3-2014q1/bin/../lib/gcc/arm-none-eabi/4.8.3/armv7-m/crti.o
                0x00085bcc                _init
 .init          0x00085bd0        0x8 c:/users/calta/appdata/local/arduino15/packages/arduino/tools/arm-none-eabi-gcc/4.8.3-2014q1/bin/../lib/gcc/arm-none-eabi/4.8.3/armv7-m/crtn.o
                0x00085bd8                . = ALIGN (0x4)
                0x00085bd8                __preinit_array_start = .
 *(.preinit_array)
                0x00085bd8                __preinit_array_end = .
                0x00085bd8                . = ALIGN (0x4)
                0x00085bd8                __init_array_start = .
 *(SORT(.init_array.*))
 .init_array.00000
                0x00085bd8        0x4 c:/users/calta/appdata/local/arduino15/packages/arduino/tools/arm-none-eabi-gcc/4.8.3-2014q1/bin/../lib/gcc/arm-none-eabi/4.8.3/../../../../arm-none-eabi/lib/armv7-m\libg.a(lib_a-__call_atexit.o)
 *(.init_array)
 .init_array    0x00085bdc        0x4 c:/users/calta/appdata/local/arduino15/packages/arduino/tools/arm-none-eabi-gcc/4.8.3-2014q1/bin/../lib/gcc/arm-none-eabi/4.8.3/armv7-m/crtbegin.o
 .init_array    0x00085be0        0x4 C:\Users\calta\AppData\Local\Temp\VMBuilds\AcquisitionSketch_v1\arduino_due_x_dbg\Debug\VM_DBG\VM_DBG.cpp.o
 .init_array    0x00085be4        0x4 C:\Users\calta\AppData\Local\Temp\VMBuilds\AcquisitionSketch_v1\arduino_due_x_dbg\Debug\variant\variant.cpp.o
 .init_array    0x00085be8        0x4 C:\Users\calta\AppData\Local\Temp\VMBuilds\AcquisitionSketch_v1\arduino_due_x_dbg\Debug/core.a(USBCore.cpp.o)
 .init_array    0x00085bec        0x4 C:\Users\calta\AppData\Local\Temp\VMBuilds\AcquisitionSketch_v1\arduino_due_x_dbg\Debug/core.a(CDC.cpp.o)
                0x00085bf0                __init_array_end = .
                0x00085bf0                . = ALIGN (0x4)
 *crtbegin.o(.ctors)
 *(EXCLUDE_FILE(*crtend.o) .ctors)
 *(SORT(.ctors.*))
 *crtend.o(.ctors)
                0x00085bf0                . = ALIGN (0x4)
 *(.fini)
 .fini          0x00085bf0        0x4 c:/users/calta/appdata/local/arduino15/packages/arduino/tools/arm-none-eabi-gcc/4.8.3-2014q1/bin/../lib/gcc/arm-none-eabi/4.8.3/armv7-m/crti.o
                0x00085bf0                _fini
 .fini          0x00085bf4        0x8 c:/users/calta/appdata/local/arduino15/packages/arduino/tools/arm-none-eabi-gcc/4.8.3-2014q1/bin/../lib/gcc/arm-none-eabi/4.8.3/armv7-m/crtn.o
                0x00085bfc                . = ALIGN (0x4)
                0x00085bfc                __fini_array_start = .
 *(.fini_array)
 .fini_array    0x00085bfc        0x4 c:/users/calta/appdata/local/arduino15/packages/arduino/tools/arm-none-eabi-gcc/4.8.3-2014q1/bin/../lib/gcc/arm-none-eabi/4.8.3/armv7-m/crtbegin.o
 *(SORT(.fini_array.*))
                0x00085c00                __fini_array_end = .
 *crtbegin.o(.dtors)
 *(EXCLUDE_FILE(*crtend.o) .dtors)
 *(SORT(.dtors.*))
 *crtend.o(.dtors)
                0x00085c00                . = ALIGN (0x4)
                0x00085c00                _efixed = .
                0x00085c00                PROVIDE (__exidx_start, .)

.vfp11_veneer   0x00085c00        0x0
 .vfp11_veneer  0x00000000        0x0 linker stubs

.v4_bx          0x00085c00        0x0
 .v4_bx         0x00000000        0x0 linker stubs

.iplt           0x00085c00        0x0
 .iplt          0x00000000        0x0 c:/users/calta/appdata/local/arduino15/packages/arduino/tools/arm-none-eabi-gcc/4.8.3-2014q1/bin/../lib/gcc/arm-none-eabi/4.8.3/armv7-m/crtbegin.o

.ARM.exidx      0x00085c00        0x8
 *(.ARM.exidx* .gnu.linkonce.armexidx.*)
 .ARM.exidx     0x00085c00        0x8 c:/users/calta/appdata/local/arduino15/packages/arduino/tools/arm-none-eabi-gcc/4.8.3-2014q1/bin/../lib/gcc/arm-none-eabi/4.8.3/armv7-m\libgcc.a(_divdi3.o)
 .ARM.exidx     0x00085c08        0x0 c:/users/calta/appdata/local/arduino15/packages/arduino/tools/arm-none-eabi-gcc/4.8.3-2014q1/bin/../lib/gcc/arm-none-eabi/4.8.3/armv7-m\libgcc.a(_udivdi3.o)
                                  0x8 (size before relaxing)
                0x00085c08                PROVIDE (__exidx_end, .)

.eh_frame       0x00085c08        0x0
 .eh_frame      0x00085c08        0x0 c:/users/calta/appdata/local/arduino15/packages/arduino/tools/arm-none-eabi-gcc/4.8.3-2014q1/bin/../lib/gcc/arm-none-eabi/4.8.3/armv7-m/crtbegin.o

.rel.dyn        0x00085c08        0x0
 .rel.iplt      0x00000000        0x0 c:/users/calta/appdata/local/arduino15/packages/arduino/tools/arm-none-eabi-gcc/4.8.3-2014q1/bin/../lib/gcc/arm-none-eabi/4.8.3/armv7-m/crtbegin.o

.jcr            0x00085c08        0x0
 .jcr           0x00085c08        0x0 c:/users/calta/appdata/local/arduino15/packages/arduino/tools/arm-none-eabi-gcc/4.8.3-2014q1/bin/../lib/gcc/arm-none-eabi/4.8.3/armv7-m/crtbegin.o

.igot.plt       0x00085c08        0x0
 .igot.plt      0x00000000        0x0 c:/users/calta/appdata/local/arduino15/packages/arduino/tools/arm-none-eabi-gcc/4.8.3-2014q1/bin/../lib/gcc/arm-none-eabi/4.8.3/armv7-m/crtbegin.o
                0x00085c08                . = ALIGN (0x4)
                0x00085c08                _etext = .

.relocate       0x20070000      0x93c load address 0x00085c08
                0x20070000                . = ALIGN (0x4)
                0x20070000                _srelocate = .
 *(.ramfunc .ramfunc.*)
 .ramfunc       0x20070000       0x2c C:\Users\calta\AppData\Local\Temp\VMBuilds\AcquisitionSketch_v1\arduino_due_x_dbg\Debug/core.a(Reset.cpp.o)
                0x20070000                banzai
 *(.data .data.*)
 .data.subtileOffset
                0x2007002c       0x10 C:\Users\calta\AppData\Local\Temp\VMBuilds\AcquisitionSketch_v1\arduino_due_x_dbg\Debug\AcquisitionSketch_v1.cpp.o
                0x2007002c                subtileOffset
 .data.pixelOrder
                0x2007003c       0x40 C:\Users\calta\AppData\Local\Temp\VMBuilds\AcquisitionSketch_v1\arduino_due_x_dbg\Debug\AcquisitionSketch_v1.cpp.o
                0x2007003c                pixelOrder
 .data.subtileOrder
                0x2007007c       0x10 C:\Users\calta\AppData\Local\Temp\VMBuilds\AcquisitionSketch_v1\arduino_due_x_dbg\Debug\AcquisitionSketch_v1.cpp.o
                0x2007007c                subtileOrder
 .data.SystemCoreClock
                0x2007008c        0x4 C:\Users\calta\AppData\Local\arduino15\packages\arduino\hardware\sam\1.6.11\variants\arduino_due_x/libsam_sam3x8e_gcc_rel.a(system_sam3xa.o)
                0x2007008c                SystemCoreClock
 .data.latestSelectedChannel.9384
                0x20070090        0x4 C:\Users\calta\AppData\Local\Temp\VMBuilds\AcquisitionSketch_v1\arduino_due_x_dbg\Debug/core.a(wiring_analog.c.o)
 .data._readResolution
                0x20070094        0x4 C:\Users\calta\AppData\Local\Temp\VMBuilds\AcquisitionSketch_v1\arduino_due_x_dbg\Debug/core.a(wiring_analog.c.o)
 .data._ZL5ticks
                0x20070098        0x4 C:\Users\calta\AppData\Local\Temp\VMBuilds\AcquisitionSketch_v1\arduino_due_x_dbg\Debug/core.a(Reset.cpp.o)
 .data.EndPoints
                0x2007009c       0x28 C:\Users\calta\AppData\Local\Temp\VMBuilds\AcquisitionSketch_v1\arduino_due_x_dbg\Debug/core.a(USBCore.cpp.o)
                0x2007009c                EndPoints
 .data._ZL10breakValue
                0x200700c4        0x4 C:\Users\calta\AppData\Local\Temp\VMBuilds\AcquisitionSketch_v1\arduino_due_x_dbg\Debug/core.a(CDC.cpp.o)
 .data._ZL12_usbLineInfo
                0x200700c8        0x8 C:\Users\calta\AppData\Local\Temp\VMBuilds\AcquisitionSketch_v1\arduino_due_x_dbg\Debug/core.a(CDC.cpp.o)
 .data.g_interrupt_enabled
                0x200700d0        0x4 C:\Users\calta\AppData\Local\arduino15\packages\arduino\hardware\sam\1.6.11\variants\arduino_due_x/libsam_sam3x8e_gcc_rel.a(interrupt_sam_nvic.o)
                0x200700d0                g_interrupt_enabled
 *fill*         0x200700d4        0x4 
 .data.impure_data
                0x200700d8      0x428 c:/users/calta/appdata/local/arduino15/packages/arduino/tools/arm-none-eabi-gcc/4.8.3-2014q1/bin/../lib/gcc/arm-none-eabi/4.8.3/../../../../arm-none-eabi/lib/armv7-m\libg.a(lib_a-impure.o)
 .data._impure_ptr
                0x20070500        0x4 c:/users/calta/appdata/local/arduino15/packages/arduino/tools/arm-none-eabi-gcc/4.8.3-2014q1/bin/../lib/gcc/arm-none-eabi/4.8.3/../../../../arm-none-eabi/lib/armv7-m\libg.a(lib_a-impure.o)
                0x20070500                _impure_ptr
 .data.lc_ctype_charset
                0x20070504       0x20 c:/users/calta/appdata/local/arduino15/packages/arduino/tools/arm-none-eabi-gcc/4.8.3-2014q1/bin/../lib/gcc/arm-none-eabi/4.8.3/../../../../arm-none-eabi/lib/armv7-m\libg.a(lib_a-locale.o)
 .data.__mb_cur_max
                0x20070524        0x4 c:/users/calta/appdata/local/arduino15/packages/arduino/tools/arm-none-eabi-gcc/4.8.3-2014q1/bin/../lib/gcc/arm-none-eabi/4.8.3/../../../../arm-none-eabi/lib/armv7-m\libg.a(lib_a-locale.o)
                0x20070524                __mb_cur_max
 .data.__malloc_av_
                0x20070528      0x408 c:/users/calta/appdata/local/arduino15/packages/arduino/tools/arm-none-eabi-gcc/4.8.3-2014q1/bin/../lib/gcc/arm-none-eabi/4.8.3/../../../../arm-none-eabi/lib/armv7-m\libg.a(lib_a-mallocr.o)
                0x20070528                __malloc_av_
 .data.__malloc_trim_threshold
                0x20070930        0x4 c:/users/calta/appdata/local/arduino15/packages/arduino/tools/arm-none-eabi-gcc/4.8.3-2014q1/bin/../lib/gcc/arm-none-eabi/4.8.3/../../../../arm-none-eabi/lib/armv7-m\libg.a(lib_a-mallocr.o)
                0x20070930                __malloc_trim_threshold
 .data.__malloc_sbrk_base
                0x20070934        0x4 c:/users/calta/appdata/local/arduino15/packages/arduino/tools/arm-none-eabi-gcc/4.8.3-2014q1/bin/../lib/gcc/arm-none-eabi/4.8.3/../../../../arm-none-eabi/lib/armv7-m\libg.a(lib_a-mallocr.o)
                0x20070934                __malloc_sbrk_base
 .data.__wctomb
                0x20070938        0x4 c:/users/calta/appdata/local/arduino15/packages/arduino/tools/arm-none-eabi-gcc/4.8.3-2014q1/bin/../lib/gcc/arm-none-eabi/4.8.3/../../../../arm-none-eabi/lib/armv7-m\libg.a(lib_a-wctomb_r.o)
                0x20070938                __wctomb
                0x2007093c                . = ALIGN (0x4)
                0x2007093c                _erelocate = .

.bss            0x2007093c      0x8fc load address 0x00086544
                0x2007093c                . = ALIGN (0x4)
                0x2007093c                _sbss = .
                0x2007093c                _szero = .
 *(.bss .bss.*)
 .bss           0x2007093c       0x1c c:/users/calta/appdata/local/arduino15/packages/arduino/tools/arm-none-eabi-gcc/4.8.3-2014q1/bin/../lib/gcc/arm-none-eabi/4.8.3/armv7-m/crtbegin.o
 .bss.frame     0x20070958       0x80 C:\Users\calta\AppData\Local\Temp\VMBuilds\AcquisitionSketch_v1\arduino_due_x_dbg\Debug\AcquisitionSketch_v1.cpp.o
                0x20070958                frame
 .bss.__VisualMicro_DEBUG_1_HITCOUNTER__
                0x200709d8        0x4 C:\Users\calta\AppData\Local\Temp\VMBuilds\AcquisitionSketch_v1\arduino_due_x_dbg\Debug\AcquisitionSketch_v1.cpp.o
                0x200709d8                __VisualMicro_DEBUG_1_HITCOUNTER__
 .bss.__VisualMicro_DEBUG_1_GLastMillis__
                0x200709dc        0x4 C:\Users\calta\AppData\Local\Temp\VMBuilds\AcquisitionSketch_v1\arduino_due_x_dbg\Debug\AcquisitionSketch_v1.cpp.o
                0x200709dc                __VisualMicro_DEBUG_1_GLastMillis__
 .bss.MicroDebug
                0x200709e0       0x4c C:\Users\calta\AppData\Local\Temp\VMBuilds\AcquisitionSketch_v1\arduino_due_x_dbg\Debug\VM_DBG\VM_DBG.cpp.o
                0x200709e0                MicroDebug
 .bss.tx_buffer2
                0x20070a2c       0x88 C:\Users\calta\AppData\Local\Temp\VMBuilds\AcquisitionSketch_v1\arduino_due_x_dbg\Debug\variant\variant.cpp.o
                0x20070a2c                tx_buffer2
 .bss.tx_buffer1
                0x20070ab4       0x88 C:\Users\calta\AppData\Local\Temp\VMBuilds\AcquisitionSketch_v1\arduino_due_x_dbg\Debug\variant\variant.cpp.o
                0x20070ab4                tx_buffer1
 .bss.Serial    0x20070b3c       0x24 C:\Users\calta\AppData\Local\Temp\VMBuilds\AcquisitionSketch_v1\arduino_due_x_dbg\Debug\variant\variant.cpp.o
                0x20070b3c                Serial
 .bss.rx_buffer1
                0x20070b60       0x88 C:\Users\calta\AppData\Local\Temp\VMBuilds\AcquisitionSketch_v1\arduino_due_x_dbg\Debug\variant\variant.cpp.o
                0x20070b60                rx_buffer1
 .bss.Serial1   0x20070be8       0x28 C:\Users\calta\AppData\Local\Temp\VMBuilds\AcquisitionSketch_v1\arduino_due_x_dbg\Debug\variant\variant.cpp.o
                0x20070be8                Serial1
 .bss.Serial2   0x20070c10       0x28 C:\Users\calta\AppData\Local\Temp\VMBuilds\AcquisitionSketch_v1\arduino_due_x_dbg\Debug\variant\variant.cpp.o
                0x20070c10                Serial2
 .bss.Serial3   0x20070c38       0x28 C:\Users\calta\AppData\Local\Temp\VMBuilds\AcquisitionSketch_v1\arduino_due_x_dbg\Debug\variant\variant.cpp.o
                0x20070c38                Serial3
 .bss.tx_buffer3
                0x20070c60       0x88 C:\Users\calta\AppData\Local\Temp\VMBuilds\AcquisitionSketch_v1\arduino_due_x_dbg\Debug\variant\variant.cpp.o
                0x20070c60                tx_buffer3
 .bss.tx_buffer4
                0x20070ce8       0x88 C:\Users\calta\AppData\Local\Temp\VMBuilds\AcquisitionSketch_v1\arduino_due_x_dbg\Debug\variant\variant.cpp.o
                0x20070ce8                tx_buffer4
 .bss.g_pinStatus
                0x20070d70       0x4f C:\Users\calta\AppData\Local\Temp\VMBuilds\AcquisitionSketch_v1\arduino_due_x_dbg\Debug\variant\variant.cpp.o
                0x20070d70                g_pinStatus
 *fill*         0x20070dbf        0x1 
 .bss.rx_buffer2
                0x20070dc0       0x88 C:\Users\calta\AppData\Local\Temp\VMBuilds\AcquisitionSketch_v1\arduino_due_x_dbg\Debug\variant\variant.cpp.o
                0x20070dc0                rx_buffer2
 .bss.rx_buffer3
                0x20070e48       0x88 C:\Users\calta\AppData\Local\Temp\VMBuilds\AcquisitionSketch_v1\arduino_due_x_dbg\Debug\variant\variant.cpp.o
                0x20070e48                rx_buffer3
 .bss.rx_buffer4
                0x20070ed0       0x88 C:\Users\calta\AppData\Local\Temp\VMBuilds\AcquisitionSketch_v1\arduino_due_x_dbg\Debug\variant\variant.cpp.o
                0x20070ed0                rx_buffer4
 .bss.gpf_isr   0x20070f58        0x4 C:\Users\calta\AppData\Local\arduino15\packages\arduino\hardware\sam\1.6.11\variants\arduino_due_x/libsam_sam3x8e_gcc_rel.a(uotghs.o)
                0x20070f58                gpf_isr
 .bss.heap.6420
                0x20070f5c        0x4 C:\Users\calta\AppData\Local\Temp\VMBuilds\AcquisitionSketch_v1\arduino_due_x_dbg\Debug/core.a(syscalls_sam3.c.o)
 .bss._cmark    0x20070f60        0x2 C:\Users\calta\AppData\Local\Temp\VMBuilds\AcquisitionSketch_v1\arduino_due_x_dbg\Debug/core.a(USBCore.cpp.o)
                0x20070f60                _cmark
 .bss._ZL14isEndpointHalt
                0x20070f62        0x1 C:\Users\calta\AppData\Local\Temp\VMBuilds\AcquisitionSketch_v1\arduino_due_x_dbg\Debug/core.a(USBCore.cpp.o)
 *fill*         0x20070f63        0x1 
 .bss._cdcComposite
                0x20070f64        0x4 C:\Users\calta\AppData\Local\Temp\VMBuilds\AcquisitionSketch_v1\arduino_due_x_dbg\Debug/core.a(USBCore.cpp.o)
                0x20070f64                _cdcComposite
 .bss._ZL21isRemoteWakeUpEnabled
                0x20070f68        0x1 C:\Users\calta\AppData\Local\Temp\VMBuilds\AcquisitionSketch_v1\arduino_due_x_dbg\Debug/core.a(USBCore.cpp.o)
 *fill*         0x20070f69        0x3 
 .bss._usbInitialized
                0x20070f6c        0x4 C:\Users\calta\AppData\Local\Temp\VMBuilds\AcquisitionSketch_v1\arduino_due_x_dbg\Debug/core.a(USBCore.cpp.o)
                0x20070f6c                _usbInitialized
 .bss.USBDevice
                0x20070f70        0x1 C:\Users\calta\AppData\Local\Temp\VMBuilds\AcquisitionSketch_v1\arduino_due_x_dbg\Debug/core.a(USBCore.cpp.o)
                0x20070f70                USBDevice
 *fill*         0x20070f71        0x3 
 .bss._usbSetInterface
                0x20070f74        0x4 C:\Users\calta\AppData\Local\Temp\VMBuilds\AcquisitionSketch_v1\arduino_due_x_dbg\Debug/core.a(USBCore.cpp.o)
                0x20070f74                _usbSetInterface
 .bss._cend     0x20070f78        0x2 C:\Users\calta\AppData\Local\Temp\VMBuilds\AcquisitionSketch_v1\arduino_due_x_dbg\Debug/core.a(USBCore.cpp.o)
                0x20070f78                _cend
 *fill*         0x20070f7a        0x2 
 .bss._usbConfiguration
                0x20070f7c        0x4 C:\Users\calta\AppData\Local\Temp\VMBuilds\AcquisitionSketch_v1\arduino_due_x_dbg\Debug/core.a(USBCore.cpp.o)
                0x20070f7c                _usbConfiguration
 .bss.cdc_rx_buffer
                0x20070f80      0x208 C:\Users\calta\AppData\Local\Temp\VMBuilds\AcquisitionSketch_v1\arduino_due_x_dbg\Debug/core.a(CDC.cpp.o)
                0x20070f80                cdc_rx_buffer
 .bss._ZZN7Serial_6acceptEvE5guard
                0x20071188        0x4 C:\Users\calta\AppData\Local\Temp\VMBuilds\AcquisitionSketch_v1\arduino_due_x_dbg\Debug/core.a(CDC.cpp.o)
 .bss.SerialUSB
                0x2007118c       0x14 C:\Users\calta\AppData\Local\Temp\VMBuilds\AcquisitionSketch_v1\arduino_due_x_dbg\Debug/core.a(CDC.cpp.o)
                0x2007118c                SerialUSB
 .bss._ZZ12PluggableUSBvE3obj
                0x200711a0        0x8 C:\Users\calta\AppData\Local\Temp\VMBuilds\AcquisitionSketch_v1\arduino_due_x_dbg\Debug/core.a(PluggableUSB.cpp.o)
 .bss._ZGVZ12PluggableUSBvE3obj
                0x200711a8        0x4 C:\Users\calta\AppData\Local\Temp\VMBuilds\AcquisitionSketch_v1\arduino_due_x_dbg\Debug/core.a(PluggableUSB.cpp.o)
 .bss._dwTickCount
                0x200711ac        0x4 C:\Users\calta\AppData\Local\arduino15\packages\arduino\hardware\sam\1.6.11\variants\arduino_due_x/libsam_sam3x8e_gcc_rel.a(timetick.o)
 .bss.ul_recv_fifo_ptr
                0x200711b0       0x28 C:\Users\calta\AppData\Local\arduino15\packages\arduino\hardware\sam\1.6.11\variants\arduino_due_x/libsam_sam3x8e_gcc_rel.a(uotghs_device.o)
 .bss.ul_send_fifo_ptr
                0x200711d8       0x28 C:\Users\calta\AppData\Local\arduino15\packages\arduino\hardware\sam\1.6.11\variants\arduino_due_x/libsam_sam3x8e_gcc_rel.a(uotghs_device.o)
 .bss.__malloc_max_total_mem
                0x20071200        0x4 c:/users/calta/appdata/local/arduino15/packages/arduino/tools/arm-none-eabi-gcc/4.8.3-2014q1/bin/../lib/gcc/arm-none-eabi/4.8.3/../../../../arm-none-eabi/lib/armv7-m\libg.a(lib_a-mallocr.o)
                0x20071200                __malloc_max_total_mem
 .bss.__malloc_max_sbrked_mem
                0x20071204        0x4 c:/users/calta/appdata/local/arduino15/packages/arduino/tools/arm-none-eabi-gcc/4.8.3-2014q1/bin/../lib/gcc/arm-none-eabi/4.8.3/../../../../arm-none-eabi/lib/armv7-m\libg.a(lib_a-mallocr.o)
                0x20071204                __malloc_max_sbrked_mem
 .bss.__malloc_top_pad
                0x20071208        0x4 c:/users/calta/appdata/local/arduino15/packages/arduino/tools/arm-none-eabi-gcc/4.8.3-2014q1/bin/../lib/gcc/arm-none-eabi/4.8.3/../../../../arm-none-eabi/lib/armv7-m\libg.a(lib_a-mallocr.o)
                0x20071208                __malloc_top_pad
 .bss.__malloc_current_mallinfo
                0x2007120c       0x28 c:/users/calta/appdata/local/arduino15/packages/arduino/tools/arm-none-eabi-gcc/4.8.3-2014q1/bin/../lib/gcc/arm-none-eabi/4.8.3/../../../../arm-none-eabi/lib/armv7-m\libg.a(lib_a-mallocr.o)
                0x2007120c                __malloc_current_mallinfo
 *(COMMON)
 COMMON         0x20071234        0x4 c:/users/calta/appdata/local/arduino15/packages/arduino/tools/arm-none-eabi-gcc/4.8.3-2014q1/bin/../lib/gcc/arm-none-eabi/4.8.3/../../../../arm-none-eabi/lib/armv7-m\libg.a(lib_a-reent.o)
                0x20071234                errno
                0x20071238                . = ALIGN (0x4)
                0x20071238                _ebss = .
                0x20071238                _ezero = .
                0x20071238                . = ALIGN (0x4)
                0x20071238                _end = .

.stack_dummy    0x20071238        0x0
 *(.stack*)
                0x20088000                __StackTop = (ORIGIN (ram) + 0x18000)
                0x20088000                __StackLimit = (__StackTop - SIZEOF (.stack_dummy))
                0x20088000                PROVIDE (_sstack, __StackLimit)
                0x20088000                PROVIDE (_estack, __StackTop)
OUTPUT(C:\Users\calta\AppData\Local\Temp\VMBuilds\AcquisitionSketch_v1\arduino_due_x_dbg\Debug/AcquisitionSketch_v1.ino.elf elf32-littlearm)

.ARM.attributes
                0x00000000       0x29
 .ARM.attributes
                0x00000000       0x1d c:/users/calta/appdata/local/arduino15/packages/arduino/tools/arm-none-eabi-gcc/4.8.3-2014q1/bin/../lib/gcc/arm-none-eabi/4.8.3/armv7-m/crti.o
 .ARM.attributes
                0x0000001d       0x2d c:/users/calta/appdata/local/arduino15/packages/arduino/tools/arm-none-eabi-gcc/4.8.3-2014q1/bin/../lib/gcc/arm-none-eabi/4.8.3/armv7-m/crtbegin.o
 .ARM.attributes
                0x0000004a       0x33 C:\Users\calta\AppData\Local\Temp\VMBuilds\AcquisitionSketch_v1\arduino_due_x_dbg\Debug\AcquisitionSketch_v1.cpp.o
 .ARM.attributes
                0x0000007d       0x33 C:\Users\calta\AppData\Local\Temp\VMBuilds\AcquisitionSketch_v1\arduino_due_x_dbg\Debug\VM_DBG\VM_DBG.cpp.o
 .ARM.attributes
                0x000000b0       0x33 C:\Users\calta\AppData\Local\Temp\VMBuilds\AcquisitionSketch_v1\arduino_due_x_dbg\Debug\variant\variant.cpp.o
 .ARM.attributes
                0x000000e3       0x33 C:\Users\calta\AppData\Local\arduino15\packages\arduino\hardware\sam\1.6.11\variants\arduino_due_x/libsam_sam3x8e_gcc_rel.a(pio.o)
 .ARM.attributes
                0x00000116       0x33 C:\Users\calta\AppData\Local\arduino15\packages\arduino\hardware\sam\1.6.11\variants\arduino_due_x/libsam_sam3x8e_gcc_rel.a(pmc.o)
 .ARM.attributes
                0x00000149       0x33 C:\Users\calta\AppData\Local\arduino15\packages\arduino\hardware\sam\1.6.11\variants\arduino_due_x/libsam_sam3x8e_gcc_rel.a(system_sam3xa.o)
 .ARM.attributes
                0x0000017c       0x33 C:\Users\calta\AppData\Local\arduino15\packages\arduino\hardware\sam\1.6.11\variants\arduino_due_x/libsam_sam3x8e_gcc_rel.a(startup_sam3xa.o)
 .ARM.attributes
                0x000001af       0x33 C:\Users\calta\AppData\Local\arduino15\packages\arduino\hardware\sam\1.6.11\variants\arduino_due_x/libsam_sam3x8e_gcc_rel.a(adc.o)
 .ARM.attributes
                0x000001e2       0x33 C:\Users\calta\AppData\Local\arduino15\packages\arduino\hardware\sam\1.6.11\variants\arduino_due_x/libsam_sam3x8e_gcc_rel.a(uotghs.o)
 .ARM.attributes
                0x00000215       0x33 C:\Users\calta\AppData\Local\Temp\VMBuilds\AcquisitionSketch_v1\arduino_due_x_dbg\Debug/core.a(cortex_handlers.c.o)
 .ARM.attributes
                0x00000248       0x33 C:\Users\calta\AppData\Local\Temp\VMBuilds\AcquisitionSketch_v1\arduino_due_x_dbg\Debug/core.a(hooks.c.o)
 .ARM.attributes
                0x0000027b       0x33 C:\Users\calta\AppData\Local\Temp\VMBuilds\AcquisitionSketch_v1\arduino_due_x_dbg\Debug/core.a(syscalls_sam3.c.o)
 .ARM.attributes
                0x000002ae       0x33 C:\Users\calta\AppData\Local\Temp\VMBuilds\AcquisitionSketch_v1\arduino_due_x_dbg\Debug/core.a(wiring.c.o)
 .ARM.attributes
                0x000002e1       0x33 C:\Users\calta\AppData\Local\Temp\VMBuilds\AcquisitionSketch_v1\arduino_due_x_dbg\Debug/core.a(wiring_analog.c.o)
 .ARM.attributes
                0x00000314       0x33 C:\Users\calta\AppData\Local\Temp\VMBuilds\AcquisitionSketch_v1\arduino_due_x_dbg\Debug/core.a(wiring_digital.c.o)
 .ARM.attributes