Archive member included to satisfy reference by file (symbol)

c:/program files (x86)/gnu tools arm embedded/7 2018-q2-update/bin/../lib/gcc/arm-none-eabi/7.3.1/../../../../arm-none-eabi/lib/thumb/v7e-m/fpv4-sp/hard\libc_nano.a(lib_a-exit.o)
                              c:/program files (x86)/gnu tools arm embedded/7 2018-q2-update/bin/../lib/gcc/arm-none-eabi/7.3.1/../../../../arm-none-eabi/lib/thumb/v7e-m/fpv4-sp/hard/crt0.o (exit)
c:/program files (x86)/gnu tools arm embedded/7 2018-q2-update/bin/../lib/gcc/arm-none-eabi/7.3.1/../../../../arm-none-eabi/lib/thumb/v7e-m/fpv4-sp/hard\libc_nano.a(lib_a-impure.o)
                              c:/program files (x86)/gnu tools arm embedded/7 2018-q2-update/bin/../lib/gcc/arm-none-eabi/7.3.1/../../../../arm-none-eabi/lib/thumb/v7e-m/fpv4-sp/hard\libc_nano.a(lib_a-exit.o) (_global_impure_ptr)
c:/program files (x86)/gnu tools arm embedded/7 2018-q2-update/bin/../lib/gcc/arm-none-eabi/7.3.1/../../../../arm-none-eabi/lib/thumb/v7e-m/fpv4-sp/hard\libc_nano.a(lib_a-init.o)
                              c:/program files (x86)/gnu tools arm embedded/7 2018-q2-update/bin/../lib/gcc/arm-none-eabi/7.3.1/../../../../arm-none-eabi/lib/thumb/v7e-m/fpv4-sp/hard/crt0.o (__libc_init_array)
c:/program files (x86)/gnu tools arm embedded/7 2018-q2-update/bin/../lib/gcc/arm-none-eabi/7.3.1/../../../../arm-none-eabi/lib/thumb/v7e-m/fpv4-sp/hard\libc_nano.a(lib_a-malloc.o)
                              build/usbd_cdc.o (malloc)
c:/program files (x86)/gnu tools arm embedded/7 2018-q2-update/bin/../lib/gcc/arm-none-eabi/7.3.1/../../../../arm-none-eabi/lib/thumb/v7e-m/fpv4-sp/hard\libc_nano.a(lib_a-memcpy-stub.o)
                              build/queue.o (memcpy)
c:/program files (x86)/gnu tools arm embedded/7 2018-q2-update/bin/../lib/gcc/arm-none-eabi/7.3.1/../../../../arm-none-eabi/lib/thumb/v7e-m/fpv4-sp/hard\libc_nano.a(lib_a-memset.o)
                              c:/program files (x86)/gnu tools arm embedded/7 2018-q2-update/bin/../lib/gcc/arm-none-eabi/7.3.1/../../../../arm-none-eabi/lib/thumb/v7e-m/fpv4-sp/hard/crt0.o (memset)
c:/program files (x86)/gnu tools arm embedded/7 2018-q2-update/bin/../lib/gcc/arm-none-eabi/7.3.1/../../../../arm-none-eabi/lib/thumb/v7e-m/fpv4-sp/hard\libc_nano.a(lib_a-nano-freer.o)
                              c:/program files (x86)/gnu tools arm embedded/7 2018-q2-update/bin/../lib/gcc/arm-none-eabi/7.3.1/../../../../arm-none-eabi/lib/thumb/v7e-m/fpv4-sp/hard\libc_nano.a(lib_a-malloc.o) (_free_r)
c:/program files (x86)/gnu tools arm embedded/7 2018-q2-update/bin/../lib/gcc/arm-none-eabi/7.3.1/../../../../arm-none-eabi/lib/thumb/v7e-m/fpv4-sp/hard\libc_nano.a(lib_a-nano-mallocr.o)
                              c:/program files (x86)/gnu tools arm embedded/7 2018-q2-update/bin/../lib/gcc/arm-none-eabi/7.3.1/../../../../arm-none-eabi/lib/thumb/v7e-m/fpv4-sp/hard\libc_nano.a(lib_a-malloc.o) (_malloc_r)
c:/program files (x86)/gnu tools arm embedded/7 2018-q2-update/bin/../lib/gcc/arm-none-eabi/7.3.1/../../../../arm-none-eabi/lib/thumb/v7e-m/fpv4-sp/hard\libc_nano.a(lib_a-sbrkr.o)
                              c:/program files (x86)/gnu tools arm embedded/7 2018-q2-update/bin/../lib/gcc/arm-none-eabi/7.3.1/../../../../arm-none-eabi/lib/thumb/v7e-m/fpv4-sp/hard\libc_nano.a(lib_a-nano-mallocr.o) (_sbrk_r)
c:/program files (x86)/gnu tools arm embedded/7 2018-q2-update/bin/../lib/gcc/arm-none-eabi/7.3.1/../../../../arm-none-eabi/lib/thumb/v7e-m/fpv4-sp/hard\libc_nano.a(lib_a-mlock.o)
                              c:/program files (x86)/gnu tools arm embedded/7 2018-q2-update/bin/../lib/gcc/arm-none-eabi/7.3.1/../../../../arm-none-eabi/lib/thumb/v7e-m/fpv4-sp/hard\libc_nano.a(lib_a-nano-freer.o) (__malloc_lock)
c:/program files (x86)/gnu tools arm embedded/7 2018-q2-update/bin/../lib/gcc/arm-none-eabi/7.3.1/../../../../arm-none-eabi/lib/thumb/v7e-m/fpv4-sp/hard\libc_nano.a(lib_a-reent.o)
                              c:/program files (x86)/gnu tools arm embedded/7 2018-q2-update/bin/../lib/gcc/arm-none-eabi/7.3.1/../../../../arm-none-eabi/lib/thumb/v7e-m/fpv4-sp/hard\libc_nano.a(lib_a-sbrkr.o) (errno)
c:/program files (x86)/gnu tools arm embedded/7 2018-q2-update/bin/../lib/gcc/arm-none-eabi/7.3.1/../../../../arm-none-eabi/lib/thumb/v7e-m/fpv4-sp/hard\libnosys.a(sbrk.o)
                              c:/program files (x86)/gnu tools arm embedded/7 2018-q2-update/bin/../lib/gcc/arm-none-eabi/7.3.1/../../../../arm-none-eabi/lib/thumb/v7e-m/fpv4-sp/hard\libc_nano.a(lib_a-sbrkr.o) (_sbrk)
c:/program files (x86)/gnu tools arm embedded/7 2018-q2-update/bin/../lib/gcc/arm-none-eabi/7.3.1/../../../../arm-none-eabi/lib/thumb/v7e-m/fpv4-sp/hard\libnosys.a(_exit.o)
                              c:/program files (x86)/gnu tools arm embedded/7 2018-q2-update/bin/../lib/gcc/arm-none-eabi/7.3.1/../../../../arm-none-eabi/lib/thumb/v7e-m/fpv4-sp/hard\libc_nano.a(lib_a-exit.o) (_exit)
[...]
Memory Configuration

Name             Origin             Length             Attributes
RAM              0x20000000         0x00020000         xrw
FLASH            0x08000000         0x00080000         xr
*default*        0x00000000         0xffffffff

Linker script and memory map

LOAD c:/program files (x86)/gnu tools arm embedded/7 2018-q2-update/bin/../lib/gcc/arm-none-eabi/7.3.1/thumb/v7e-m/fpv4-sp/hard/crti.o
LOAD c:/program files (x86)/gnu tools arm embedded/7 2018-q2-update/bin/../lib/gcc/arm-none-eabi/7.3.1/thumb/v7e-m/fpv4-sp/hard/crtbegin.o
LOAD c:/program files (x86)/gnu tools arm embedded/7 2018-q2-update/bin/../lib/gcc/arm-none-eabi/7.3.1/../../../../arm-none-eabi/lib/thumb/v7e-m/fpv4-sp/hard/crt0.o
LOAD build/main.o
LOAD build/freertos.o
LOAD build/stm32f4xx_it.o
LOAD build/stm32f4xx_hal_msp.o
LOAD build/stm32f4xx_ll_usb.o
LOAD build/stm32f4xx_hal_i2c.o
LOAD build/stm32f4xx_hal_i2c_ex.o
LOAD build/stm32f4xx_hal_i2s.o
LOAD build/stm32f4xx_hal_i2s_ex.o
LOAD build/stm32f4xx_hal_spi.o
LOAD build/stm32f4xx_hal_tim.o
LOAD build/stm32f4xx_hal_tim_ex.o
LOAD build/stm32f4xx_hal_rcc.o
LOAD build/stm32f4xx_hal_rcc_ex.o
LOAD build/stm32f4xx_hal_flash.o
LOAD build/stm32f4xx_hal_flash_ex.o
LOAD build/stm32f4xx_hal_flash_ramfunc.o
LOAD build/stm32f4xx_hal_gpio.o
LOAD build/stm32f4xx_hal_dma_ex.o
LOAD build/stm32f4xx_hal_dma.o
LOAD build/stm32f4xx_hal_pwr.o
LOAD build/stm32f4xx_hal_pwr_ex.o
LOAD build/stm32f4xx_hal_cortex.o
LOAD build/stm32f4xx_hal.o
LOAD build/system_stm32f4xx.o
LOAD build/heap_4.o
LOAD build/port.o
LOAD build/croutine.o
LOAD build/event_groups.o
LOAD build/list.o
LOAD build/queue.o
LOAD build/tasks.o
LOAD build/timers.o
LOAD build/cmsis_os.o
LOAD build/usb_device.o
LOAD build/usbd_conf.o
LOAD build/usbd_desc.o
LOAD build/usbd_cdc_if.o
LOAD build/stm32f4xx_hal_pcd.o
LOAD build/stm32f4xx_hal_pcd_ex.o
LOAD build/usbd_core.o
LOAD build/usbd_ctlreq.o
LOAD build/usbd_ioreq.o
LOAD build/usbd_cdc.o
LOAD build/startup_stm32f411xe.o
LOAD c:/program files (x86)/gnu tools arm embedded/7 2018-q2-update/bin/../lib/gcc/arm-none-eabi/7.3.1/../../../../arm-none-eabi/lib/thumb/v7e-m/fpv4-sp/hard\libc_nano.a
LOAD c:/program files (x86)/gnu tools arm embedded/7 2018-q2-update/bin/../lib/gcc/arm-none-eabi/7.3.1/../../../../arm-none-eabi/lib/thumb/v7e-m/fpv4-sp/hard\libm.a
LOAD c:/program files (x86)/gnu tools arm embedded/7 2018-q2-update/bin/../lib/gcc/arm-none-eabi/7.3.1/../../../../arm-none-eabi/lib/thumb/v7e-m/fpv4-sp/hard\libnosys.a
START GROUP
LOAD c:/program files (x86)/gnu tools arm embedded/7 2018-q2-update/bin/../lib/gcc/arm-none-eabi/7.3.1/thumb/v7e-m/fpv4-sp/hard\libgcc.a
LOAD c:/program files (x86)/gnu tools arm embedded/7 2018-q2-update/bin/../lib/gcc/arm-none-eabi/7.3.1/../../../../arm-none-eabi/lib/thumb/v7e-m/fpv4-sp/hard\libc_nano.a
END GROUP
START GROUP
LOAD c:/program files (x86)/gnu tools arm embedded/7 2018-q2-update/bin/../lib/gcc/arm-none-eabi/7.3.1/thumb/v7e-m/fpv4-sp/hard\libgcc.a
LOAD c:/program files (x86)/gnu tools arm embedded/7 2018-q2-update/bin/../lib/gcc/arm-none-eabi/7.3.1/../../../../arm-none-eabi/lib/thumb/v7e-m/fpv4-sp/hard\libc_nano.a
END GROUP
LOAD c:/program files (x86)/gnu tools arm embedded/7 2018-q2-update/bin/../lib/gcc/arm-none-eabi/7.3.1/thumb/v7e-m/fpv4-sp/hard/crtend.o
LOAD c:/program files (x86)/gnu tools arm embedded/7 2018-q2-update/bin/../lib/gcc/arm-none-eabi/7.3.1/thumb/v7e-m/fpv4-sp/hard/crtn.o
                0x20020000                _estack = 0x20020000
                0x00000200                _Min_Heap_Size = 0x200
                0x00000400                _Min_Stack_Size = 0x400

.isr_vector     0x08000000      0x198
                0x08000000                . = ALIGN (0x4)
 *(.isr_vector)
 .isr_vector    0x08000000      0x198 build/startup_stm32f411xe.o
                0x08000000                g_pfnVectors
                0x08000198                . = ALIGN (0x4)

.text           0x080001a0     0x4fcc
                0x080001a0                . = ALIGN (0x4)
 *(.text)
 .text          0x080001a0       0x40 c:/program files (x86)/gnu tools arm embedded/7 2018-q2-update/bin/../lib/gcc/arm-none-eabi/7.3.1/thumb/v7e-m/fpv4-sp/hard/crtbegin.o
 .text          0x080001e0       0x30 c:/program files (x86)/gnu tools arm embedded/7 2018-q2-update/bin/../lib/gcc/arm-none-eabi/7.3.1/thumb/v7e-m/fpv4-sp/hard\libgcc.a(_aeabi_uldivmod.o)
                0x080001e0                __aeabi_uldivmod
 .text          0x08000210      0x2cc c:/program files (x86)/gnu tools arm embedded/7 2018-q2-update/bin/../lib/gcc/arm-none-eabi/7.3.1/thumb/v7e-m/fpv4-sp/hard\libgcc.a(_udivmoddi4.o)
                0x08000210                __udivmoddi4
 .text          0x080004dc        0x4 c:/program files (x86)/gnu tools arm embedded/7 2018-q2-update/bin/../lib/gcc/arm-none-eabi/7.3.1/thumb/v7e-m/fpv4-sp/hard\libgcc.a(_dvmd_tls.o)
                0x080004dc                __aeabi_idiv0
                0x080004dc                __aeabi_ldiv0
 *(.text*)
 .text.MX_GPIO_Init
                0x080004e0      0x148 build/main.o
 .text.StartDefaultTask
                0x08000628       0x38 build/main.o
                0x08000628                StartDefaultTask
 .text.StartContinuousTask
                0x08000660       0x1c build/main.o
                0x08000660                StartContinuousTask
 .text._Error_Handler
                0x0800067c        0x2 build/main.o
                0x0800067c                _Error_Handler
 *fill*         0x0800067e        0x2 
 .text.MX_I2C1_Init
                0x08000680       0x44 build/main.o
 .text.MX_I2S2_Init
                0x080006c4       0x44 build/main.o
 .text.MX_I2S3_Init
                0x08000708       0x44 build/main.o
 .text.MX_SPI1_Init
                0x0800074c       0x48 build/main.o
 .text.SystemClock_Config
                0x08000794       0xe0 build/main.o
                0x08000794                SystemClock_Config
 .text.main     0x08000874       0x64 build/main.o
                0x08000874                main
 .text.NMI_Handler
                0x080008d8        0x2 build/stm32f4xx_it.o
                0x080008d8                NMI_Handler
 .text.HardFault_Handler
                0x080008da        0x2 build/stm32f4xx_it.o
                0x080008da                HardFault_Handler
 .text.MemManage_Handler
                0x080008dc        0x2 build/stm32f4xx_it.o
                0x080008dc                MemManage_Handler
 .text.BusFault_Handler
                0x080008de        0x2 build/stm32f4xx_it.o
                0x080008de                BusFault_Handler
 .text.UsageFault_Handler
                0x080008e0        0x2 build/stm32f4xx_it.o
                0x080008e0                UsageFault_Handler
 .text.DebugMon_Handler
                0x080008e2        0x2 build/stm32f4xx_it.o
                0x080008e2                DebugMon_Handler
 .text.SysTick_Handler
                0x080008e4        0xc build/stm32f4xx_it.o
                0x080008e4                SysTick_Handler
 .text.OTG_FS_IRQHandler
                0x080008f0       0x10 build/stm32f4xx_it.o
                0x080008f0                OTG_FS_IRQHandler
 .text.HAL_MspInit
                0x08000900       0x94 build/stm32f4xx_hal_msp.o
                0x08000900                HAL_MspInit
 .text.HAL_I2C_MspInit
                0x08000994       0x54 build/stm32f4xx_hal_msp.o
                0x08000994                HAL_I2C_MspInit
 .text.HAL_I2S_MspInit
                0x080009e8       0xd8 build/stm32f4xx_hal_msp.o
                0x080009e8                HAL_I2S_MspInit
 .text.HAL_SPI_MspInit
                0x08000ac0       0x50 build/stm32f4xx_hal_msp.o
                0x08000ac0                HAL_SPI_MspInit
 .text.USB_CoreInit
                0x08000b10       0x7c build/stm32f4xx_ll_usb.o
                0x08000b10                USB_CoreInit
 .text.USB_EnableGlobalInt
                0x08000b8c        0xc build/stm32f4xx_ll_usb.o
                0x08000b8c                USB_EnableGlobalInt
 .text.USB_DisableGlobalInt
                0x08000b98        0xc build/stm32f4xx_ll_usb.o
                0x08000b98                USB_DisableGlobalInt
 .text.USB_SetCurrentMode
                0x08000ba4       0x2c build/stm32f4xx_ll_usb.o
                0x08000ba4                USB_SetCurrentMode
 .text.USB_DevInit
                0x08000bd0      0x150 build/stm32f4xx_ll_usb.o
                0x08000bd0                USB_DevInit
 .text.USB_FlushTxFifo
                0x08000d20       0x28 build/stm32f4xx_ll_usb.o
                0x08000d20                USB_FlushTxFifo
 .text.USB_FlushRxFifo
                0x08000d48       0x24 build/stm32f4xx_ll_usb.o
                0x08000d48                USB_FlushRxFifo
 .text.USB_SetDevSpeed
                0x08000d6c        0xe build/stm32f4xx_ll_usb.o
                0x08000d6c                USB_SetDevSpeed
 .text.USB_GetDevSpeed
                0x08000d7a       0x40 build/stm32f4xx_ll_usb.o
                0x08000d7a                USB_GetDevSpeed
 .text.USB_ActivateEndpoint
                0x08000dba       0x92 build/stm32f4xx_ll_usb.o
                0x08000dba                USB_ActivateEndpoint
 .text.USB_DeactivateEndpoint
                0x08000e4c       0xf0 build/stm32f4xx_ll_usb.o
                0x08000e4c                USB_DeactivateEndpoint
 .text.USB_EPStartXfer
                0x08000f3c      0x264 build/stm32f4xx_ll_usb.o
                0x08000f3c                USB_EPStartXfer
 .text.USB_EP0StartXfer
                0x080011a0      0x160 build/stm32f4xx_ll_usb.o
                0x080011a0                USB_EP0StartXfer
 .text.USB_WritePacket
                0x08001300       0x28 build/stm32f4xx_ll_usb.o
                0x08001300                USB_WritePacket
 .text.USB_ReadPacket
                0x08001328       0x28 build/stm32f4xx_ll_usb.o
                0x08001328                USB_ReadPacket
 .text.USB_EPSetStall
                0x08001350       0x64 build/stm32f4xx_ll_usb.o
                0x08001350                USB_EPSetStall
 .text.USB_EPClearStall
                0x080013b4       0x6a build/stm32f4xx_ll_usb.o
                0x080013b4                USB_EPClearStall
 .text.USB_SetDevAddress
                0x0800141e       0x20 build/stm32f4xx_ll_usb.o
                0x0800141e                USB_SetDevAddress
 .text.USB_DevConnect
                0x0800143e       0x18 build/stm32f4xx_ll_usb.o
                0x0800143e                USB_DevConnect
 .text.USB_DevDisconnect
                0x08001456       0x18 build/stm32f4xx_ll_usb.o
                0x08001456                USB_DevDisconnect
 .text.USB_ReadInterrupts
                0x0800146e        0x8 build/stm32f4xx_ll_usb.o
                0x0800146e                USB_ReadInterrupts
 .text.USB_ReadDevAllOutEpInterrupt
                0x08001476       0x10 build/stm32f4xx_ll_usb.o
                0x08001476                USB_ReadDevAllOutEpInterrupt
 .text.USB_ReadDevAllInEpInterrupt
                0x08001486       0x10 build/stm32f4xx_ll_usb.o
                0x08001486                USB_ReadDevAllInEpInterrupt
 .text.USB_ReadDevOutEPInterrupt
                0x08001496       0x12 build/stm32f4xx_ll_usb.o
                0x08001496                USB_ReadDevOutEPInterrupt
 .text.USB_ReadDevInEPInterrupt
                0x080014a8       0x24 build/stm32f4xx_ll_usb.o
                0x080014a8                USB_ReadDevInEPInterrupt
 .text.USB_GetMode
                0x080014cc        0x8 build/stm32f4xx_ll_usb.o
                0x080014cc                USB_GetMode
 .text.USB_ActivateSetup
                0x080014d4       0x38 build/stm32f4xx_ll_usb.o
                0x080014d4                USB_ActivateSetup
 .text.USB_EP0_OutStart
                0x0800150c       0x46 build/stm32f4xx_ll_usb.o
                0x0800150c                USB_EP0_OutStart
 *fill*         0x08001552        0x2 
 .text.USB_CoreReset
                0x08001554       0x3c build/stm32f4xx_ll_usb.o
 .text.HAL_I2C_Init
                0x08001590      0x11c build/stm32f4xx_hal_i2c.o
                0x08001590                HAL_I2C_Init
 .text.HAL_I2S_TxCpltCallback
                0x080016ac        0x2 build/stm32f4xx_hal_i2s.o
                0x080016ac                HAL_I2S_TxCpltCallback
 .text.I2S_Transmit_IT
                0x080016ae       0x38 build/stm32f4xx_hal_i2s.o
 .text.HAL_I2S_RxCpltCallback
                0x080016e6        0x2 build/stm32f4xx_hal_i2s.o
                0x080016e6                HAL_I2S_RxCpltCallback
 .text.I2S_Receive_IT
                0x080016e8       0x38 build/stm32f4xx_hal_i2s.o
 .text.HAL_I2S_ErrorCallback
                0x08001720        0x2 build/stm32f4xx_hal_i2s.o
                0x08001720                HAL_I2S_ErrorCallback
 *fill*         0x08001722        0x2 
 .text.HAL_I2S_Init
                0x08001724      0x194 build/stm32f4xx_hal_i2s.o
                0x08001724                HAL_I2S_Init
 .text.I2S_IRQHandler
                0x080018b8       0xd8 build/stm32f4xx_hal_i2s.o
 .text.HAL_I2SEx_TxRxCpltCallback
                0x08001990        0x2 build/stm32f4xx_hal_i2s_ex.o
                0x08001990                HAL_I2SEx_TxRxCpltCallback
 *fill*         0x08001992        0x2 
 .text.I2SEx_FullDuplexTx_IT
                0x08001994       0xa0 build/stm32f4xx_hal_i2s_ex.o
 .text.I2SEx_FullDuplexRx_IT
                0x08001a34       0xa0 build/stm32f4xx_hal_i2s_ex.o
 .text.HAL_I2SEx_FullDuplex_IRQHandler
                0x08001ad4      0x208 build/stm32f4xx_hal_i2s_ex.o
                0x08001ad4                HAL_I2SEx_FullDuplex_IRQHandler
 .text.HAL_SPI_Init
                0x08001cdc       0x80 build/stm32f4xx_hal_spi.o
                0x08001cdc                HAL_SPI_Init
 .text.HAL_RCC_OscConfig
                0x08001d5c      0x398 build/stm32f4xx_hal_rcc.o
                0x08001d5c                HAL_RCC_OscConfig
 .text.HAL_RCC_GetSysClockFreq
                0x080020f4       0xd8 build/stm32f4xx_hal_rcc.o
                0x080020f4                HAL_RCC_GetSysClockFreq
 .text.HAL_RCC_ClockConfig
                0x080021cc      0x158 build/stm32f4xx_hal_rcc.o
                0x080021cc                HAL_RCC_ClockConfig
 .text.HAL_RCC_GetHCLKFreq
                0x08002324        0xc build/stm32f4xx_hal_rcc.o
                0x08002324                HAL_RCC_GetHCLKFreq
 .text.HAL_RCC_GetPCLK1Freq
                0x08002330       0x20 build/stm32f4xx_hal_rcc.o
                0x08002330                HAL_RCC_GetPCLK1Freq
 .text.HAL_RCCEx_PeriphCLKConfig
                0x08002350      0x170 build/stm32f4xx_hal_rcc_ex.o
                0x08002350                HAL_RCCEx_PeriphCLKConfig
 .text.HAL_RCCEx_GetPeriphCLKFreq
                0x080024c0       0x78 build/stm32f4xx_hal_rcc_ex.o
                0x080024c0                HAL_RCCEx_GetPeriphCLKFreq
 .text.HAL_GPIO_Init
                0x08002538      0x1a4 build/stm32f4xx_hal_gpio.o
                0x08002538                HAL_GPIO_Init
 .text.HAL_GPIO_WritePin
                0x080026dc        0xc build/stm32f4xx_hal_gpio.o
                0x080026dc                HAL_GPIO_WritePin
 .text.HAL_GPIO_TogglePin
                0x080026e8        0x8 build/stm32f4xx_hal_gpio.o
                0x080026e8                HAL_GPIO_TogglePin
 .text.HAL_NVIC_SetPriorityGrouping
                0x080026f0       0x24 build/stm32f4xx_hal_cortex.o
                0x080026f0                HAL_NVIC_SetPriorityGrouping
 .text.HAL_NVIC_SetPriority
                0x08002714       0x68 build/stm32f4xx_hal_cortex.o
                0x08002714                HAL_NVIC_SetPriority
 .text.HAL_NVIC_EnableIRQ
                0x0800277c       0x18 build/stm32f4xx_hal_cortex.o
                0x0800277c                HAL_NVIC_EnableIRQ
 .text.HAL_SYSTICK_Config
                0x08002794       0x2c build/stm32f4xx_hal_cortex.o
                0x08002794                HAL_SYSTICK_Config
 .text.HAL_SYSTICK_CLKSourceConfig
                0x080027c0       0x20 build/stm32f4xx_hal_cortex.o
                0x080027c0                HAL_SYSTICK_CLKSourceConfig
 .text.HAL_InitTick
                0x080027e0       0x4c build/stm32f4xx_hal.o
                0x080027e0                HAL_InitTick
 .text.HAL_Init
                0x0800282c       0x34 build/stm32f4xx_hal.o
                0x0800282c                HAL_Init
 .text.HAL_IncTick
                0x08002860       0x18 build/stm32f4xx_hal.o
                0x08002860                HAL_IncTick
 .text.HAL_GetTick
                0x08002878        0xc build/stm32f4xx_hal.o
                0x08002878                HAL_GetTick
 .text.HAL_Delay
                0x08002884       0x28 build/stm32f4xx_hal.o
                0x08002884                HAL_Delay
 .text.SystemInit
                0x080028ac       0x4c build/system_stm32f4xx.o
                0x080028ac                SystemInit
 .text.prvHeapInit
                0x080028f8       0x64 build/heap_4.o
 .text.prvInsertBlockIntoFreeList
                0x0800295c       0x58 build/heap_4.o
 .text.pvPortMalloc
                0x080029b4      0x108 build/heap_4.o
                0x080029b4                pvPortMalloc
 .text.vPortFree
                0x08002abc       0x70 build/heap_4.o
                0x08002abc                vPortFree
 .text.prvTaskExitError
                0x08002b2c       0x34 build/port.o
 .text.prvPortStartFirstTask
                0x08002b60       0x20 build/port.o
 .text.vPortEnableVFP
                0x08002b80       0x14 build/port.o
 .text.pxPortInitialiseStack
                0x08002b94       0x2c build/port.o
                0x08002b94                pxPortInitialiseStack
 .text.SVC_Handler
                0x08002bc0       0x24 build/port.o
                0x08002bc0                SVC_Handler
 .text.vPortEnterCritical
                0x08002be4       0x44 build/port.o
                0x08002be4                vPortEnterCritical
 .text.vPortExitCritical
                0x08002c28       0x2c build/port.o
                0x08002c28                vPortExitCritical
 *fill*         0x08002c54        0xc 
 .text.PendSV_Handler
                0x08002c60       0x64 build/port.o
                0x08002c60                PendSV_Handler
 .text.xPortSysTickHandler
                0x08002cc4       0x2c build/port.o
                0x08002cc4                xPortSysTickHandler
 .text.vPortSetupTimerInterrupt
                0x08002cf0       0x2c build/port.o
                0x08002cf0                vPortSetupTimerInterrupt
 .text.xPortStartScheduler
                0x08002d1c       0xec build/port.o
                0x08002d1c                xPortStartScheduler
 .text.vListInitialise
                0x08002e08       0x16 build/list.o
                0x08002e08                vListInitialise
 .text.vListInitialiseItem
                0x08002e1e        0x6 build/list.o
                0x08002e1e                vListInitialiseItem
 .text.vListInsertEnd
                0x08002e24       0x18 build/list.o
                0x08002e24                vListInsertEnd
 .text.vListInsert
                0x08002e3c       0x34 build/list.o
                0x08002e3c                vListInsert
 .text.uxListRemove
                0x08002e70       0x26 build/list.o
                0x08002e70                uxListRemove
 *fill*         0x08002e96        0x2 
 .text.prvResetNextTaskUnblockTime
                0x08002e98       0x2c build/tasks.o
 .text.prvDeleteTCB
                0x08002ec4       0x12 build/tasks.o
 .text.prvInitialiseNewTask
                0x08002ed6       0x80 build/tasks.o
 *fill*         0x08002f56        0x2 
 .text.prvInitialiseTaskLists
                0x08002f58       0x68 build/tasks.o
 .text.prvAddNewTaskToReadyList
                0x08002fc0       0xa8 build/tasks.o
 .text.prvAddCurrentTaskToDelayedList
                0x08003068       0x98 build/tasks.o
 .text.xTaskCreate
                0x08003100       0x62 build/tasks.o
                0x08003100                xTaskCreate
 *fill*         0x08003162        0x2 
 .text.vTaskStartScheduler
                0x08003164       0x7c build/tasks.o
                0x08003164                vTaskStartScheduler
 .text.vTaskSuspendAll
                0x080031e0       0x10 build/tasks.o
                0x080031e0                vTaskSuspendAll
 .text.xTaskIncrementTick
                0x080031f0      0x118 build/tasks.o
                0x080031f0                xTaskIncrementTick
 .text.xTaskResumeAll
                0x08003308       0xf4 build/tasks.o
                0x08003308                xTaskResumeAll
 .text.vTaskDelay
                0x080033fc       0x4c build/tasks.o
                0x080033fc                vTaskDelay
 .text.prvCheckTasksWaitingTermination
                0x08003448       0x5c build/tasks.o
 .text.prvIdleTask
                0x080034a4       0x28 build/tasks.o
 .text.vTaskSwitchContext
                0x080034cc       0x98 build/tasks.o
                0x080034cc                vTaskSwitchContext
 .text.xTaskGetSchedulerState
                0x08003564       0x20 build/tasks.o
                0x08003564                xTaskGetSchedulerState
 .text.makeFreeRtosPriority
                0x08003584        0xc build/cmsis_os.o
 .text.osKernelStart
                0x08003590        0xa build/cmsis_os.o
                0x08003590                osKernelStart
 .text.osThreadCreate
                0x0800359a       0x34 build/cmsis_os.o
                0x0800359a                osThreadCreate
 .text.osDelay  0x080035ce       0x12 build/cmsis_os.o
                0x080035ce                osDelay
 .text.osSystickHandler
                0x080035e0       0x10 build/cmsis_os.o
                0x080035e0                osSystickHandler
 .text.MX_USB_DEVICE_Init
                0x080035f0       0x38 build/usb_device.o
                0x080035f0                MX_USB_DEVICE_Init
 .text.HAL_PCD_MspInit
                0x08003628       0x7c build/usbd_conf.o
                0x08003628                HAL_PCD_MspInit
 .text.HAL_PCD_SetupStageCallback
                0x080036a4       0x10 build/usbd_conf.o
                0x080036a4                HAL_PCD_SetupStageCallback
 .text.HAL_PCD_DataOutStageCallback
                0x080036b4       0x18 build/usbd_conf.o
                0x080036b4                HAL_PCD_DataOutStageCallback
 .text.HAL_PCD_DataInStageCallback
                0x080036cc       0x16 build/usbd_conf.o
                0x080036cc                HAL_PCD_DataInStageCallback
 .text.HAL_PCD_SOFCallback
                0x080036e2        0xc build/usbd_conf.o
                0x080036e2                HAL_PCD_SOFCallback
 .text.HAL_PCD_ResetCallback
                0x080036ee       0x20 build/usbd_conf.o
                0x080036ee                HAL_PCD_ResetCallback
 *fill*         0x0800370e        0x2 
 .text.HAL_PCD_SuspendCallback
                0x08003710       0x30 build/usbd_conf.o
                0x08003710                HAL_PCD_SuspendCallback
 .text.HAL_PCD_ResumeCallback
                0x08003740        0xc build/usbd_conf.o
                0x08003740                HAL_PCD_ResumeCallback
 .text.HAL_PCD_ISOOUTIncompleteCallback
                0x0800374c        0xc build/usbd_conf.o
                0x0800374c                HAL_PCD_ISOOUTIncompleteCallback
 .text.HAL_PCD_ISOINIncompleteCallback
                0x08003758        0xc build/usbd_conf.o
                0x08003758                HAL_PCD_ISOINIncompleteCallback
 .text.HAL_PCD_ConnectCallback
                0x08003764        0xc build/usbd_conf.o
                0x08003764                HAL_PCD_ConnectCallback
 .text.HAL_PCD_DisconnectCallback
                0x08003770        0xc build/usbd_conf.o
                0x08003770                HAL_PCD_DisconnectCallback
 .text.USBD_LL_Init
                0x0800377c       0x74 build/usbd_conf.o
                0x0800377c                USBD_LL_Init
 .text.USBD_LL_Start
                0x080037f0       0x1c build/usbd_conf.o
                0x080037f0                USBD_LL_Start
 .text.USBD_LL_OpenEP
                0x0800380c       0x22 build/usbd_conf.o
                0x0800380c                USBD_LL_OpenEP
 .text.USBD_LL_CloseEP
                0x0800382e       0x1c build/usbd_conf.o
                0x0800382e                USBD_LL_CloseEP
 .text.USBD_LL_StallEP
                0x0800384a       0x1c build/usbd_conf.o
                0x0800384a                USBD_LL_StallEP
 .text.USBD_LL_ClearStallEP
                0x08003866       0x1c build/usbd_conf.o
                0x08003866                USBD_LL_ClearStallEP
 .text.USBD_LL_IsStallEP
                0x08003882       0x2e build/usbd_conf.o
                0x08003882                USBD_LL_IsStallEP
 .text.USBD_LL_SetUSBAddress
                0x080038b0       0x1c build/usbd_conf.o
                0x080038b0                USBD_LL_SetUSBAddress
 .text.USBD_LL_Transmit
                0x080038cc       0x1c build/usbd_conf.o
                0x080038cc                USBD_LL_Transmit
 .text.USBD_LL_PrepareReceive
                0x080038e8       0x1c build/usbd_conf.o
                0x080038e8                USBD_LL_PrepareReceive
 .text.USBD_LL_GetRxDataSize
                0x08003904        0xc build/usbd_conf.o
                0x08003904                USBD_LL_GetRxDataSize
 .text.USBD_FS_DeviceDescriptor
                0x08003910        0xc build/usbd_desc.o
                0x08003910                USBD_FS_DeviceDescriptor
 .text.USBD_FS_LangIDStrDescriptor
                0x0800391c        0xc build/usbd_desc.o
                0x0800391c                USBD_FS_LangIDStrDescriptor
 .text.USBD_FS_ProductStrDescriptor
                0x08003928       0x24 build/usbd_desc.o
                0x08003928                USBD_FS_ProductStrDescriptor
 .text.USBD_FS_ManufacturerStrDescriptor
                0x0800394c       0x1c build/usbd_desc.o
                0x0800394c                USBD_FS_ManufacturerStrDescriptor
 .text.USBD_FS_SerialStrDescriptor
                0x08003968       0x24 build/usbd_desc.o
                0x08003968                USBD_FS_SerialStrDescriptor
 .text.USBD_FS_ConfigStrDescriptor
                0x0800398c       0x24 build/usbd_desc.o
                0x0800398c                USBD_FS_ConfigStrDescriptor
 .text.USBD_FS_InterfaceStrDescriptor
                0x080039b0       0x24 build/usbd_desc.o
                0x080039b0                USBD_FS_InterfaceStrDescriptor
 .text.CDC_DeInit_FS
                0x080039d4        0x4 build/usbd_cdc_if.o
 .text.CDC_Control_FS
                0x080039d8        0x4 build/usbd_cdc_if.o
 .text.CDC_Receive_FS
                0x080039dc       0x1c build/usbd_cdc_if.o
 .text.CDC_Init_FS
                0x080039f8       0x28 build/usbd_cdc_if.o
 .text.CDC_Transmit_FS
                0x08003a20       0x3c build/usbd_cdc_if.o
                0x08003a20                CDC_Transmit_FS
 .text.PCD_WriteEmptyTxFifo
                0x08003a5c       0xac build/stm32f4xx_hal_pcd.o
 .text.HAL_PCD_Init
                0x08003b08       0xe0 build/stm32f4xx_hal_pcd.o
                0x08003b08                HAL_PCD_Init
 .text.HAL_PCD_Start
                0x08003be8       0x2a build/stm32f4xx_hal_pcd.o
                0x08003be8                HAL_PCD_Start
 *fill*         0x08003c12        0x2 
 .text.HAL_PCD_IRQHandler
                0x08003c14      0x5c4 build/stm32f4xx_hal_pcd.o
                0x08003c14                HAL_PCD_IRQHandler
 .text.HAL_PCD_SetAddress
                0x080041d8       0x24 build/stm32f4xx_hal_pcd.o
                0x080041d8                HAL_PCD_SetAddress
 .text.HAL_PCD_EP_Open
                0x080041fc       0x68 build/stm32f4xx_hal_pcd.o
                0x080041fc                HAL_PCD_EP_Open
 .text.HAL_PCD_EP_Close
                0x08004264       0x56 build/stm32f4xx_hal_pcd.o
                0x08004264                HAL_PCD_EP_Close
 .text.HAL_PCD_EP_Receive
                0x080042ba       0x5a build/stm32f4xx_hal_pcd.o
                0x080042ba                HAL_PCD_EP_Receive
 .text.HAL_PCD_EP_GetRxCount
                0x08004314       0x12 build/stm32f4xx_hal_pcd.o
                0x08004314                HAL_PCD_EP_GetRxCount
 .text.HAL_PCD_EP_Transmit
                0x08004326       0x52 build/stm32f4xx_hal_pcd.o
                0x08004326                HAL_PCD_EP_Transmit
 .text.HAL_PCD_EP_SetStall
                0x08004378       0x66 build/stm32f4xx_hal_pcd.o
                0x08004378                HAL_PCD_EP_SetStall
 .text.HAL_PCD_EP_ClrStall
                0x080043de       0x56 build/stm32f4xx_hal_pcd.o
                0x080043de                HAL_PCD_EP_ClrStall
 .text.HAL_PCDEx_SetTxFiFo
                0x08004434       0x48 build/stm32f4xx_hal_pcd_ex.o
                0x08004434                HAL_PCDEx_SetTxFiFo
 .text.HAL_PCDEx_SetRxFiFo
                0x0800447c        0x8 build/stm32f4xx_hal_pcd_ex.o
                0x0800447c                HAL_PCDEx_SetRxFiFo
 .text.USBD_Init
                0x08004484       0x2e build/usbd_core.o
                0x08004484                USBD_Init
 .text.USBD_RegisterClass
                0x080044b2        0xe build/usbd_core.o
                0x080044b2                USBD_RegisterClass
 .text.USBD_Start
                0x080044c0        0xa build/usbd_core.o
                0x080044c0                USBD_Start
 .text.USBD_SetClassConfig
                0x080044ca       0x1a build/usbd_core.o
                0x080044ca                USBD_SetClassConfig
 .text.USBD_ClrClassConfig
                0x080044e4        0xe build/usbd_core.o
                0x080044e4                USBD_ClrClassConfig
 .text.USBD_LL_SetupStage
                0x080044f2       0x5a build/usbd_core.o
                0x080044f2                USBD_LL_SetupStage
 .text.USBD_LL_DataOutStage
                0x0800454c       0x6a build/usbd_core.o
                0x0800454c                USBD_LL_DataOutStage
 .text.USBD_LL_DataInStage
                0x080045b6       0xb0 build/usbd_core.o
                0x080045b6                USBD_LL_DataInStage
 .text.USBD_LL_Reset
                0x08004666       0x3e build/usbd_core.o
                0x08004666                USBD_LL_Reset
 .text.USBD_LL_SetSpeed
                0x080046a4        0x6 build/usbd_core.o
                0x080046a4                USBD_LL_SetSpeed
 .text.USBD_LL_Suspend
                0x080046aa       0x12 build/usbd_core.o
                0x080046aa                USBD_LL_Suspend
 .text.USBD_LL_Resume
                0x080046bc        0xc build/usbd_core.o
                0x080046bc                USBD_LL_Resume
 .text.USBD_LL_SOF
                0x080046c8       0x1c build/usbd_core.o
                0x080046c8                USBD_LL_SOF
 .text.USBD_LL_IsoINIncomplete
                0x080046e4        0x4 build/usbd_core.o
                0x080046e4                USBD_LL_IsoINIncomplete
 .text.USBD_LL_IsoOUTIncomplete
                0x080046e8        0x4 build/usbd_core.o
                0x080046e8                USBD_LL_IsoOUTIncomplete
 .text.USBD_LL_DevConnected
                0x080046ec        0x4 build/usbd_core.o
                0x080046ec                USBD_LL_DevConnected
 .text.USBD_LL_DevDisconnected
                0x080046f0       0x16 build/usbd_core.o
                0x080046f0                USBD_LL_DevDisconnected
 .text.USBD_GetLen
                0x08004706       0x14 build/usbd_ctlreq.o
 .text.USBD_SetFeature
                0x0800471a       0x20 build/usbd_ctlreq.o
 .text.USBD_ParseSetupRequest
                0x0800473a       0x28 build/usbd_ctlreq.o
                0x0800473a                USBD_ParseSetupRequest
 .text.USBD_CtlError
                0x08004762       0x14 build/usbd_ctlreq.o
                0x08004762                USBD_CtlError
 .text.USBD_GetDescriptor
                0x08004776      0x132 build/usbd_ctlreq.o
 .text.USBD_SetAddress
                0x080048a8       0x4a build/usbd_ctlreq.o
 *fill*         0x080048f2        0x2 
 .text.USBD_SetConfig
                0x080048f4       0xa4 build/usbd_ctlreq.o
 .text.USBD_GetConfig
                0x08004998       0x3a build/usbd_ctlreq.o
 .text.USBD_GetStatus
                0x080049d2       0x2c build/usbd_ctlreq.o
 .text.USBD_ClrFeature
                0x080049fe       0x30 build/usbd_ctlreq.o
 .text.USBD_StdDevReq
                0x08004a2e       0x48 build/usbd_ctlreq.o
                0x08004a2e                USBD_StdDevReq
 .text.USBD_StdItfReq
                0x08004a76       0x38 build/usbd_ctlreq.o
                0x08004a76                USBD_StdItfReq
 .text.USBD_StdEPReq
                0x08004aae      0x118 build/usbd_ctlreq.o
                0x08004aae                USBD_StdEPReq
 .text.USBD_GetString
                0x08004bc6       0x3a build/usbd_ctlreq.o
                0x08004bc6                USBD_GetString
 .text.USBD_CtlSendData
                0x08004c00       0x1a build/usbd_ioreq.o
                0x08004c00                USBD_CtlSendData
 .text.USBD_CtlContinueSendData
                0x08004c1a       0x10 build/usbd_ioreq.o
                0x08004c1a                USBD_CtlContinueSendData
 .text.USBD_CtlPrepareRx
                0x08004c2a       0x1e build/usbd_ioreq.o
                0x08004c2a                USBD_CtlPrepareRx
 .text.USBD_CtlContinueRx
                0x08004c48       0x10 build/usbd_ioreq.o
                0x08004c48                USBD_CtlContinueRx
 .text.USBD_CtlSendStatus
                0x08004c58       0x16 build/usbd_ioreq.o
                0x08004c58                USBD_CtlSendStatus
 .text.USBD_CtlReceiveStatus
                0x08004c6e       0x16 build/usbd_ioreq.o
                0x08004c6e                USBD_CtlReceiveStatus
 .text.USBD_CDC_DataIn
                0x08004c84       0x12 build/usbd_cdc.o
 .text.USBD_CDC_EP0_RxReady
                0x08004c96       0x28 build/usbd_cdc.o
 *fill*         0x08004cbe        0x2 
 .text.USBD_CDC_GetFSCfgDesc
                0x08004cc0        0xc build/usbd_cdc.o
 .text.USBD_CDC_GetHSCfgDesc
                0x08004ccc        0xc build/usbd_cdc.o
 .text.USBD_CDC_GetOtherSpeedCfgDesc
                0x08004cd8        0xc build/usbd_cdc.o
 .text.USBD_CDC_GetDeviceQualifierDescriptor
                0x08004ce4        0xc build/usbd_cdc.o
                0x08004ce4                USBD_CDC_GetDeviceQualifierDescriptor
 .text.USBD_CDC_DataOut
                0x08004cf0       0x2e build/usbd_cdc.o
 *fill*         0x08004d1e        0x2 
 .text.USBD_CDC_Setup
                0x08004d20       0x74 build/usbd_cdc.o
 .text.USBD_CDC_DeInit
                0x08004d94       0x3a build/usbd_cdc.o
 .text.USBD_CDC_Init
                0x08004dce       0x96 build/usbd_cdc.o
 .text.USBD_CDC_RegisterInterface
                0x08004e64        0xe build/usbd_cdc.o
                0x08004e64                USBD_CDC_RegisterInterface
 .text.USBD_CDC_SetTxBuffer
                0x08004e72       0x10 build/usbd_cdc.o
                0x08004e72                USBD_CDC_SetTxBuffer
 .text.USBD_CDC_SetRxBuffer
                0x08004e82        0xc build/usbd_cdc.o
                0x08004e82                USBD_CDC_SetRxBuffer
 .text.USBD_CDC_TransmitPacket
                0x08004e8e       0x2e build/usbd_cdc.o
                0x08004e8e                USBD_CDC_TransmitPacket
 .text.USBD_CDC_ReceivePacket
                0x08004ebc       0x32 build/usbd_cdc.o
                0x08004ebc                USBD_CDC_ReceivePacket
 *fill*         0x08004eee        0x2 
 .text.Reset_Handler
                0x08004ef0       0x50 build/startup_stm32f411xe.o
                0x08004ef0                Reset_Handler
 .text.Default_Handler
                0x08004f40        0x2 build/startup_stm32f411xe.o
                0x08004f40                RTC_Alarm_IRQHandler
                0x08004f40                EXTI2_IRQHandler
                0x08004f40                SPI4_IRQHandler
                0x08004f40                TIM1_CC_IRQHandler
                0x08004f40                DMA2_Stream5_IRQHandler
                0x08004f40                DMA1_Stream5_IRQHandler
                0x08004f40                PVD_IRQHandler
                0x08004f40                SDIO_IRQHandler
                0x08004f40                TAMP_STAMP_IRQHandler
                0x08004f40                EXTI3_IRQHandler
                0x08004f40                TIM1_UP_TIM10_IRQHandler
                0x08004f40                I2C3_ER_IRQHandler
                0x08004f40                EXTI0_IRQHandler
                0x08004f40                I2C2_EV_IRQHandler
                0x08004f40                DMA1_Stream2_IRQHandler
                0x08004f40                FPU_IRQHandler
                0x08004f40                DMA2_Stream2_IRQHandler
                0x08004f40                SPI1_IRQHandler
                0x08004f40                TIM1_BRK_TIM9_IRQHandler
                0x08004f40                DMA2_Stream3_IRQHandler
                0x08004f40                USART6_IRQHandler
                0x08004f40                DMA2_Stream0_IRQHandler
                0x08004f40                TIM4_IRQHandler
                0x08004f40                I2C1_EV_IRQHandler
                0x08004f40                DMA1_Stream6_IRQHandler
                0x08004f40                DMA1_Stream1_IRQHandler
                0x08004f40                TIM3_IRQHandler
                0x08004f40                RCC_IRQHandler
                0x08004f40                Default_Handler
                0x08004f40                EXTI15_10_IRQHandler
                0x08004f40                ADC_IRQHandler
                0x08004f40                DMA1_Stream7_IRQHandler
                0x08004f40                SPI5_IRQHandler
                0x08004f40                TIM5_IRQHandler
                0x08004f40                DMA2_Stream7_IRQHandler
                0x08004f40                I2C3_EV_IRQHandler
                0x08004f40                EXTI9_5_IRQHandler
                0x08004f40                RTC_WKUP_IRQHandler
                0x08004f40                SPI2_IRQHandler
                0x08004f40                DMA1_Stream0_IRQHandler
                0x08004f40                EXTI4_IRQHandler
                0x08004f40                WWDG_IRQHandler
                0x08004f40                TIM2_IRQHandler
                0x08004f40                OTG_FS_WKUP_IRQHandler
                0x08004f40                TIM1_TRG_COM_TIM11_IRQHandler
                0x08004f40                EXTI1_IRQHandler
                0x08004f40                USART2_IRQHandler
                0x08004f40                I2C2_ER_IRQHandler
                0x08004f40                DMA2_Stream1_IRQHandler
                0x08004f40                FLASH_IRQHandler
                0x08004f40                DMA2_Stream4_IRQHandler
                0x08004f40                USART1_IRQHandler
                0x08004f40                SPI3_IRQHandler
                0x08004f40                DMA1_Stream4_IRQHandler
                0x08004f40                I2C1_ER_IRQHandler
                0x08004f40                DMA2_Stream6_IRQHandler
                0x08004f40                DMA1_Stream3_IRQHandler
 *fill*         0x08004f42        0x2 
 .text.__libc_init_array
                0x08004f44       0x48 c:/program files (x86)/gnu tools arm embedded/7 2018-q2-update/bin/../lib/gcc/arm-none-eabi/7.3.1/../../../../arm-none-eabi/lib/thumb/v7e-m/fpv4-sp/hard\libc_nano.a(lib_a-init.o)
                0x08004f44                __libc_init_array
 .text.malloc   0x08004f8c       0x10 c:/program files (x86)/gnu tools arm embedded/7 2018-q2-update/bin/../lib/gcc/arm-none-eabi/7.3.1/../../../../arm-none-eabi/lib/thumb/v7e-m/fpv4-sp/hard\libc_nano.a(lib_a-malloc.o)
                0x08004f8c                malloc
 .text.free     0x08004f9c       0x10 c:/program files (x86)/gnu tools arm embedded/7 2018-q2-update/bin/../lib/gcc/arm-none-eabi/7.3.1/../../../../arm-none-eabi/lib/thumb/v7e-m/fpv4-sp/hard\libc_nano.a(lib_a-malloc.o)
                0x08004f9c                free
 .text.memcpy   0x08004fac       0x16 c:/program files (x86)/gnu tools arm embedded/7 2018-q2-update/bin/../lib/gcc/arm-none-eabi/7.3.1/../../../../arm-none-eabi/lib/thumb/v7e-m/fpv4-sp/hard\libc_nano.a(lib_a-memcpy-stub.o)
                0x08004fac                memcpy
 *fill*         0x08004fc2        0x2 
 .text._free_r  0x08004fc4       0x9c c:/program files (x86)/gnu tools arm embedded/7 2018-q2-update/bin/../lib/gcc/arm-none-eabi/7.3.1/../../../../arm-none-eabi/lib/thumb/v7e-m/fpv4-sp/hard\libc_nano.a(lib_a-nano-freer.o)
                0x08004fc4                _free_r
 .text._malloc_r
                0x08005060       0xb4 c:/program files (x86)/gnu tools arm embedded/7 2018-q2-update/bin/../lib/gcc/arm-none-eabi/7.3.1/../../../../arm-none-eabi/lib/thumb/v7e-m/fpv4-sp/hard\libc_nano.a(lib_a-nano-mallocr.o)
                0x08005060                _malloc_r
 .text._sbrk_r  0x08005114       0x20 c:/program files (x86)/gnu tools arm embedded/7 2018-q2-update/bin/../lib/gcc/arm-none-eabi/7.3.1/../../../../arm-none-eabi/lib/thumb/v7e-m/fpv4-sp/hard\libc_nano.a(lib_a-sbrkr.o)
                0x08005114                _sbrk_r
 .text.__malloc_lock
                0x08005134        0x2 c:/program files (x86)/gnu tools arm embedded/7 2018-q2-update/bin/../lib/gcc/arm-none-eabi/7.3.1/../../../../arm-none-eabi/lib/thumb/v7e-m/fpv4-sp/hard\libc_nano.a(lib_a-mlock.o)
                0x08005134                __malloc_lock
 .text.__malloc_unlock
                0x08005136        0x2 c:/program files (x86)/gnu tools arm embedded/7 2018-q2-update/bin/../lib/gcc/arm-none-eabi/7.3.1/../../../../arm-none-eabi/lib/thumb/v7e-m/fpv4-sp/hard\libc_nano.a(lib_a-mlock.o)
                0x08005136                __malloc_unlock
 .text._sbrk    0x08005138       0x1c c:/program files (x86)/gnu tools arm embedded/7 2018-q2-update/bin/../lib/gcc/arm-none-eabi/7.3.1/../../../../arm-none-eabi/lib/thumb/v7e-m/fpv4-sp/hard\libnosys.a(sbrk.o)
                0x08005138                _sbrk
 *(.glue_7)
 .glue_7        0x08005154        0x0 linker stubs
 *(.glue_7t)
 .glue_7t       0x08005154        0x0 linker stubs
 *(.eh_frame)
 .eh_frame      0x08005154        0x0 c:/program files (x86)/gnu tools arm embedded/7 2018-q2-update/bin/../lib/gcc/arm-none-eabi/7.3.1/thumb/v7e-m/fpv4-sp/hard/crtbegin.o
 *(.init)
 .init          0x08005154        0x4 c:/program files (x86)/gnu tools arm embedded/7 2018-q2-update/bin/../lib/gcc/arm-none-eabi/7.3.1/thumb/v7e-m/fpv4-sp/hard/crti.o
                0x08005154                _init
 .init          0x08005158        0x8 c:/program files (x86)/gnu tools arm embedded/7 2018-q2-update/bin/../lib/gcc/arm-none-eabi/7.3.1/thumb/v7e-m/fpv4-sp/hard/crtn.o
 *(.fini)
 .fini          0x08005160        0x4 c:/program files (x86)/gnu tools arm embedded/7 2018-q2-update/bin/../lib/gcc/arm-none-eabi/7.3.1/thumb/v7e-m/fpv4-sp/hard/crti.o
                0x08005160                _fini
 .fini          0x08005164        0x8 c:/program files (x86)/gnu tools arm embedded/7 2018-q2-update/bin/../lib/gcc/arm-none-eabi/7.3.1/thumb/v7e-m/fpv4-sp/hard/crtn.o
                0x0800516c                . = ALIGN (0x4)
                0x0800516c                _etext = .

.vfp11_veneer   0x0800516c        0x0
 .vfp11_veneer  0x0800516c        0x0 linker stubs

.v4_bx          0x0800516c        0x0
 .v4_bx         0x0800516c        0x0 linker stubs

.iplt           0x0800516c        0x0
 .iplt          0x0800516c        0x0 c:/program files (x86)/gnu tools arm embedded/7 2018-q2-update/bin/../lib/gcc/arm-none-eabi/7.3.1/thumb/v7e-m/fpv4-sp/hard/crtbegin.o

.rodata         0x0800516c       0xe8
                0x0800516c                . = ALIGN (0x4)
 *(.rodata)
 .rodata        0x0800516c       0x28 build/main.o
 *(.rodata*)
 .rodata.MX_I2C1_Init.str1.4
                0x08005194        0xb build/main.o
 *fill*         0x0800519f        0x1 
 .rodata.StartDefaultTask.str1.4
                0x080051a0        0xe build/main.o
 *fill*         0x080051ae        0x2 
 .rodata.str1.4
                0x080051b0       0x1c build/main.o
 .rodata.AHBPrescTable
                0x080051cc       0x10 build/system_stm32f4xx.o
                0x080051cc                AHBPrescTable
 .rodata.APBPrescTable
                0x080051dc        0x8 build/system_stm32f4xx.o
                0x080051dc                APBPrescTable
 .rodata.vTaskStartScheduler.str1.4
                0x080051e4        0x5 build/tasks.o
 *fill*         0x080051e9        0x3 
 .rodata.USBD_LL_Init.str1.4
                0x080051ec       0x10 build/usbd_conf.o
 .rodata.USBD_FS_ConfigStrDescriptor.str1.4
                0x080051fc        0xb build/usbd_desc.o
 *fill*         0x08005207        0x1 
 .rodata.USBD_FS_InterfaceStrDescriptor.str1.4
                0x08005208        0xe build/usbd_desc.o
 *fill*         0x08005216        0x2 
 .rodata.USBD_FS_ManufacturerStrDescriptor.str1.4
                0x08005218       0x13 build/usbd_desc.o
 *fill*         0x0800522b        0x1 
 .rodata.USBD_FS_ProductStrDescriptor.str1.4
                0x0800522c       0x16 build/usbd_desc.o
 *fill*         0x08005242        0x2 
 .rodata.USBD_FS_SerialStrDescriptor.str1.4
                0x08005244       0x10 build/usbd_desc.o
                                  0xd (size before relaxing)
                0x08005254                . = ALIGN (0x4)

.ARM.extab
 *(.ARM.extab* .gnu.linkonce.armextab.*)

.ARM            0x08005254        0x8
                0x08005254                __exidx_start = .
 *(.ARM.exidx*)
 .ARM.exidx     0x08005254        0x8 c:/program files (x86)/gnu tools arm embedded/7 2018-q2-update/bin/../lib/gcc/arm-none-eabi/7.3.1/thumb/v7e-m/fpv4-sp/hard\libgcc.a(_udivmoddi4.o)
                0x0800525c                __exidx_end = .

.rel.dyn        0x0800525c        0x0
 .rel.iplt      0x0800525c        0x0 c:/program files (x86)/gnu tools arm embedded/7 2018-q2-update/bin/../lib/gcc/arm-none-eabi/7.3.1/thumb/v7e-m/fpv4-sp/hard/crtbegin.o

.preinit_array  0x0800525c        0x0
                0x0800525c                PROVIDE (__preinit_array_start = .)
 *(.preinit_array*)
                0x0800525c                PROVIDE (__preinit_array_end = .)

.init_array     0x0800525c        0x4
                0x0800525c                PROVIDE (__init_array_start = .)
 *(SORT_BY_NAME(.init_array.*))
 *(.init_array*)
 .init_array    0x0800525c        0x4 c:/program files (x86)/gnu tools arm embedded/7 2018-q2-update/bin/../lib/gcc/arm-none-eabi/7.3.1/thumb/v7e-m/fpv4-sp/hard/crtbegin.o
                0x08005260                PROVIDE (__init_array_end = .)

.fini_array     0x08005260        0x4
                [!provide]                PROVIDE (__fini_array_start = .)
 *(SORT_BY_NAME(.fini_array.*))
 *(.fini_array*)
 .fini_array    0x08005260        0x4 c:/program files (x86)/gnu tools arm embedded/7 2018-q2-update/bin/../lib/gcc/arm-none-eabi/7.3.1/thumb/v7e-m/fpv4-sp/hard/crtbegin.o
                [!provide]                PROVIDE (__fini_array_end = .)
                0x08005264                _sidata = LOADADDR (.data)

.data           0x20000000      0x1c8 load address 0x08005264
                0x20000000                . = ALIGN (0x4)
                0x20000000                _sdata = .
 *(.data)
 *(.data*)
 .data.uwTickFreq
                0x20000000        0x1 build/stm32f4xx_hal.o
                0x20000000                uwTickFreq
 *fill*         0x20000001        0x3 
 .data.uwTickPrio
                0x20000004        0x4 build/stm32f4xx_hal.o
                0x20000004                uwTickPrio
 .data.SystemCoreClock
                0x20000008        0x4 build/system_stm32f4xx.o
                0x20000008                SystemCoreClock
 .data.uxCriticalNesting
                0x2000000c        0x4 build/port.o
 .data.FS_Desc  0x20000010       0x1c build/usbd_desc.o
                0x20000010                FS_Desc
 .data.USBD_FS_DeviceDesc
                0x2000002c       0x12 build/usbd_desc.o
                0x2000002c                USBD_FS_DeviceDesc
 *fill*         0x2000003e        0x2 
 .data.USBD_LangIDDesc
                0x20000040        0x4 build/usbd_desc.o
                0x20000040                USBD_LangIDDesc
 .data.USBD_Interface_fops_FS
                0x20000044       0x10 build/usbd_cdc_if.o
                0x20000044                USBD_Interface_fops_FS
 .data.USBD_CDC
                0x20000054       0x38 build/usbd_cdc.o
                0x20000054                USBD_CDC
 .data.USBD_CDC_CfgFSDesc
                0x2000008c       0x43 build/usbd_cdc.o
                0x2000008c                USBD_CDC_CfgFSDesc
 *fill*         0x200000cf        0x1 
 .data.USBD_CDC_CfgHSDesc
                0x200000d0       0x43 build/usbd_cdc.o
                0x200000d0                USBD_CDC_CfgHSDesc
 *fill*         0x20000113        0x1 
 .data.USBD_CDC_DeviceQualifierDesc
                0x20000114        0xa build/usbd_cdc.o
 *fill*         0x2000011e        0x2 
 .data.USBD_CDC_OtherSpeedCfgDesc
                0x20000120       0x43 build/usbd_cdc.o
                0x20000120                USBD_CDC_OtherSpeedCfgDesc
 *fill*         0x20000163        0x1 
 .data._impure_ptr
                0x20000164        0x4 c:/program files (x86)/gnu tools arm embedded/7 2018-q2-update/bin/../lib/gcc/arm-none-eabi/7.3.1/../../../../arm-none-eabi/lib/thumb/v7e-m/fpv4-sp/hard\libc_nano.a(lib_a-impure.o)
                0x20000164                _impure_ptr
 .data.impure_data
                0x20000168       0x60 c:/program files (x86)/gnu tools arm embedded/7 2018-q2-update/bin/../lib/gcc/arm-none-eabi/7.3.1/../../../../arm-none-eabi/lib/thumb/v7e-m/fpv4-sp/hard\libc_nano.a(lib_a-impure.o)
                0x200001c8                . = ALIGN (0x4)
                0x200001c8                _edata = .

.igot.plt       0x200001c8        0x0 load address 0x0800542c
 .igot.plt      0x200001c8        0x0 c:/program files (x86)/gnu tools arm embedded/7 2018-q2-update/bin/../lib/gcc/arm-none-eabi/7.3.1/thumb/v7e-m/fpv4-sp/hard/crtbegin.o
                0x200001c8                . = ALIGN (0x4)

.bss            0x200001c8     0x56d8 load address 0x0800542c
                0x200001c8                _sbss = .
                0x200001c8                __bss_start__ = _sbss
 *(.bss)
 .bss           0x200001c8       0x1c c:/program files (x86)/gnu tools arm embedded/7 2018-q2-update/bin/../lib/gcc/arm-none-eabi/7.3.1/thumb/v7e-m/fpv4-sp/hard/crtbegin.o
 *(.bss*)
 .bss.pxEnd     0x200001e4        0x4 build/heap_4.o
 .bss.ucHeap    0x200001e8     0x3c00 build/heap_4.o
 .bss.xBlockAllocatedBit
                0x20003de8        0x4 build/heap_4.o
 .bss.xFreeBytesRemaining
                0x20003dec        0x4 build/heap_4.o
 .bss.xMinimumEverFreeBytesRemaining
                0x20003df0        0x4 build/heap_4.o
 .bss.xStart    0x20003df4        0x8 build/heap_4.o
 .bss.ucMaxSysCallPriority
                0x20003dfc        0x1 build/port.o
 *fill*         0x20003dfd        0x3 
 .bss.ulMaxPRIGROUPValue
                0x20003e00        0x4 build/port.o
 .bss.pxCurrentTCB
                0x20003e04        0x4 build/tasks.o
                0x20003e04                pxCurrentTCB
 .bss.pxDelayedTaskList
                0x20003e08        0x4 build/tasks.o
 .bss.pxOverflowDelayedTaskList
                0x20003e0c        0x4 build/tasks.o
 .bss.pxReadyTasksLists
                0x20003e10       0x8c build/tasks.o
 .bss.uxCurrentNumberOfTasks
                0x20003e9c        0x4 build/tasks.o
 .bss.uxDeletedTasksWaitingCleanUp
                0x20003ea0        0x4 build/tasks.o
 .bss.uxPendedTicks
                0x20003ea4        0x4 build/tasks.o
 .bss.uxSchedulerSuspended
                0x20003ea8        0x4 build/tasks.o
 .bss.uxTaskNumber
                0x20003eac        0x4 build/tasks.o
 .bss.uxTopReadyPriority
                0x20003eb0        0x4 build/tasks.o
 .bss.xDelayedTaskList1
                0x20003eb4       0x14 build/tasks.o
 .bss.xDelayedTaskList2
                0x20003ec8       0x14 build/tasks.o
 .bss.xIdleTaskHandle
                0x20003edc        0x4 build/tasks.o
 .bss.xNextTaskUnblockTime
                0x20003ee0        0x4 build/tasks.o
 .bss.xNumOfOverflows
                0x20003ee4        0x4 build/tasks.o
 .bss.xPendingReadyList
                0x20003ee8       0x14 build/tasks.o
 .bss.xSchedulerRunning
                0x20003efc        0x4 build/tasks.o
 .bss.xSuspendedTaskList
                0x20003f00       0x14 build/tasks.o
 .bss.xTasksWaitingTermination
                0x20003f14       0x14 build/tasks.o
 .bss.xTickCount
                0x20003f28        0x4 build/tasks.o
 .bss.xYieldPending
                0x20003f2c        0x4 build/tasks.o
 .bss.cfgidx.9877
                0x20003f30        0x1 build/usbd_ctlreq.o
 .bss.ifalt.9872
                0x20003f31        0x1 build/usbd_cdc.o
 *fill*         0x20003f32        0x2 
 .bss.__malloc_free_list
                0x20003f34        0x4 c:/program files (x86)/gnu tools arm embedded/7 2018-q2-update/bin/../lib/gcc/arm-none-eabi/7.3.1/../../../../arm-none-eabi/lib/thumb/v7e-m/fpv4-sp/hard\libc_nano.a(lib_a-nano-mallocr.o)
                0x20003f34                __malloc_free_list
 .bss.__malloc_sbrk_start
                0x20003f38        0x4 c:/program files (x86)/gnu tools arm embedded/7 2018-q2-update/bin/../lib/gcc/arm-none-eabi/7.3.1/../../../../arm-none-eabi/lib/thumb/v7e-m/fpv4-sp/hard\libc_nano.a(lib_a-nano-mallocr.o)
                0x20003f38                __malloc_sbrk_start
 .bss.heap_end.5377
                0x20003f3c        0x4 c:/program files (x86)/gnu tools arm embedded/7 2018-q2-update/bin/../lib/gcc/arm-none-eabi/7.3.1/../../../../arm-none-eabi/lib/thumb/v7e-m/fpv4-sp/hard\libnosys.a(sbrk.o)
 *(COMMON)
 COMMON         0x20003f40      0x144 build/main.o
                0x20003f40                defaultTaskHandle
                0x20003f44                hi2c1
                0x20003f98                hspi1
                0x20003ff0                continuousTaskHandle
                0x20003ff4                hi2s2
                0x2000403c                hi2s3
 COMMON         0x20004084        0x4 build/stm32f4xx_hal.o
                0x20004084                uwTick
 COMMON         0x20004088      0x224 build/usb_device.o
                0x20004088                hUsbDeviceFS
 COMMON         0x200042ac      0x3f0 build/usbd_conf.o
                0x200042ac                hpcd_USB_OTG_FS
 COMMON         0x2000469c      0x200 build/usbd_desc.o
                0x2000469c                USBD_StrDesc
 COMMON         0x2000489c     0x1000 build/usbd_cdc_if.o
                0x2000489c                UserRxBufferFS
                0x2000509c                UserTxBufferFS
 COMMON         0x2000589c        0x4 c:/program files (x86)/gnu tools arm embedded/7 2018-q2-update/bin/../lib/gcc/arm-none-eabi/7.3.1/../../../../arm-none-eabi/lib/thumb/v7e-m/fpv4-sp/hard\libc_nano.a(lib_a-reent.o)
                0x2000589c                errno
                0x200058a0                . = ALIGN (0x4)
                0x200058a0                _ebss = .
                0x200058a0                __bss_end__ = _ebss

._user_heap_stack
                0x200058a0      0x600 load address 0x0800542c
                0x200058a0                . = ALIGN (0x8)
                0x200058a0                PROVIDE (end = .)
                [!provide]                PROVIDE (_end = .)
                0x20005aa0                . = (. + _Min_Heap_Size)
 *fill*         0x200058a0      0x200 
                0x20005ea0                . = (. + _Min_Stack_Size)
 *fill*         0x20005aa0      0x400 
                0x20005ea0                . = ALIGN (0x8)

/DISCARD/
 libc.a(*)
 libm.a(*)
 libgcc.a(*)

.ARM.attributes
                0x00000000       0x30
 *(.ARM.attributes)
 .ARM.attributes
                0x00000000       0x22 c:/program files (x86)/gnu tools arm embedded/7 2018-q2-update/bin/../lib/gcc/arm-none-eabi/7.3.1/thumb/v7e-m/fpv4-sp/hard/crti.o
 .ARM.attributes
                0x00000022       0x34 c:/program files (x86)/gnu tools arm embedded/7 2018-q2-update/bin/../lib/gcc/arm-none-eabi/7.3.1/thumb/v7e-m/fpv4-sp/hard/crtbegin.o
 .ARM.attributes
                0x00000056       0x39 build/main.o
 .ARM.attributes
                0x0000008f       0x39 build/stm32f4xx_it.o
 .ARM.attributes
                0x000000c8       0x39 build/stm32f4xx_hal_msp.o
 .ARM.attributes
                0x00000101       0x39 build/stm32f4xx_ll_usb.o
 .ARM.attributes
                0x0000013a       0x39 build/stm32f4xx_hal_i2c.o
 .ARM.attributes
                0x00000173       0x39 build/stm32f4xx_hal_i2s.o
 .ARM.attributes
                0x000001ac       0x39 build/stm32f4xx_hal_i2s_ex.o
 .ARM.attributes
                0x000001e5       0x39 build/stm32f4xx_hal_spi.o
 .ARM.attributes
                0x0000021e       0x39 build/stm32f4xx_hal_rcc.o
 .ARM.attributes
                0x00000257       0x39 build/stm32f4xx_hal_rcc_ex.o
 .ARM.attributes
                0x00000290       0x39 build/stm32f4xx_hal_gpio.o
 .ARM.attributes
                0x000002c9       0x39 build/stm32f4xx_hal_cortex.o
 .ARM.attributes
                0x00000302       0x39 build/stm32f4xx_hal.o
 .ARM.attributes
                0x0000033b       0x39 build/system_stm32f4xx.o
 .ARM.attributes
                0x00000374       0x39 build/heap_4.o
 .ARM.attributes
                0x000003ad       0x39 build/port.o
 .ARM.attributes
                0x000003e6       0x39 build/list.o
 .ARM.attributes
                0x0000041f       0x39 build/tasks.o
 .ARM.attributes
                0x00000458       0x39 build/cmsis_os.o
 .ARM.attributes
                0x00000491       0x39 build/usb_device.o
 .ARM.attributes
                0x000004ca       0x39 build/usbd_conf.o
 .ARM.attributes
                0x00000503       0x39 build/usbd_desc.o
 .ARM.attributes
                0x0000053c       0x39 build/usbd_cdc_if.o
 .ARM.attributes
                0x00000575       0x39 build/stm32f4xx_hal_pcd.o
 .ARM.attributes
                0x000005ae       0x39 build/stm32f4xx_hal_pcd_ex.o
 .ARM.attributes
                0x000005e7       0x39 build/usbd_core.o
 .ARM.attributes
                0x00000620       0x39 build/usbd_ctlreq.o
 .ARM.attributes
                0x00000659       0x39 build/usbd_ioreq.o
 .ARM.attributes
                0x00000692       0x39 build/usbd_cdc.o
 .ARM.attributes
                0x000006cb       0x21 build/startup_stm32f411xe.o
 .ARM.attributes
                0x000006ec       0x34 c:/program files (x86)/gnu tools arm embedded/7 2018-q2-update/bin/../lib/gcc/arm-none-eabi/7.3.1/../../../../arm-none-eabi/lib/thumb/v7e-m/fpv4-sp/hard\libc_nano.a(lib_a-impure.o)
 .ARM.attributes
                0x00000720       0x34 c:/program files (x86)/gnu tools arm embedded/7 2018-q2-update/bin/../lib/gcc/arm-none-eabi/7.3.1/../../../../arm-none-eabi/lib/thumb/v7e-m/fpv4-sp/hard\libc_nano.a(lib_a-init.o)
 .ARM.attributes
                0x00000754       0x34 c:/program files (x86)/gnu tools arm embedded/7 2018-q2-update/bin/../lib/gcc/arm-none-eabi/7.3.1/../../../../arm-none-eabi/lib/thumb/v7e-m/fpv4-sp/hard\libc_nano.a(lib_a-malloc.o)
 .ARM.attributes
                0x00000788       0x34 c:/program files (x86)/gnu tools arm embedded/7 2018-q2-update/bin/../lib/gcc/arm-none-eabi/7.3.1/../../../../arm-none-eabi/lib/thumb/v7e-m/fpv4-sp/hard\libc_nano.a(lib_a-memcpy-stub.o)
 .ARM.attributes
                0x000007bc       0x34 c:/program files (x86)/gnu tools arm embedded/7 2018-q2-update/bin/../lib/gcc/arm-none-eabi/7.3.1/../../../../arm-none-eabi/lib/thumb/v7e-m/fpv4-sp/hard\libc_nano.a(lib_a-nano-freer.o)
 .ARM.attributes
                0x000007f0       0x34 c:/program files (x86)/gnu tools arm embedded/7 2018-q2-update/bin/../lib/gcc/arm-none-eabi/7.3.1/../../../../arm-none-eabi/lib/thumb/v7e-m/fpv4-sp/hard\libc_nano.a(lib_a-nano-mallocr.o)
 .ARM.attributes
                0x00000824       0x34 c:/program files (x86)/gnu tools arm embedded/7 2018-q2-update/bin/../lib/gcc/arm-none-eabi/7.3.1/../../../../arm-none-eabi/lib/thumb/v7e-m/fpv4-sp/hard\libc_nano.a(lib_a-sbrkr.o)
 .ARM.attributes
                0x00000858       0x34 c:/program files (x86)/gnu tools arm embedded/7 2018-q2-update/bin/../lib/gcc/arm-none-eabi/7.3.1/../../../../arm-none-eabi/lib/thumb/v7e-m/fpv4-sp/hard\libc_nano.a(lib_a-mlock.o)
 .ARM.attributes
                0x0000088c       0x34 c:/program files (x86)/gnu tools arm embedded/7 2018-q2-update/bin/../lib/gcc/arm-none-eabi/7.3.1/../../../../arm-none-eabi/lib/thumb/v7e-m/fpv4-sp/hard\libc_nano.a(lib_a-reent.o)
 .ARM.attributes
                0x000008c0       0x34 c:/program files (x86)/gnu tools arm embedded/7 2018-q2-update/bin/../lib/gcc/arm-none-eabi/7.3.1/../../../../arm-none-eabi/lib/thumb/v7e-m/fpv4-sp/hard\libnosys.a(sbrk.o)
 .ARM.attributes
                0x000008f4       0x22 c:/program files (x86)/gnu tools arm embedded/7 2018-q2-update/bin/../lib/gcc/arm-none-eabi/7.3.1/thumb/v7e-m/fpv4-sp/hard\libgcc.a(_aeabi_uldivmod.o)
 .ARM.attributes
                0x00000916       0x34 c:/program files (x86)/gnu tools arm embedded/7 2018-q2-update/bin/../lib/gcc/arm-none-eabi/7.3.1/thumb/v7e-m/fpv4-sp/hard\libgcc.a(_udivmoddi4.o)
 .ARM.attributes
                0x0000094a       0x22 c:/program files (x86)/gnu tools arm embedded/7 2018-q2-update/bin/../lib/gcc/arm-none-eabi/7.3.1/thumb/v7e-m/fpv4-sp/hard\libgcc.a(_dvmd_tls.o)
 .ARM.attributes
                0x0000096c       0x22 c:/program files (x86)/gnu tools arm embedded/7 2018-q2-update/bin/../lib/gcc/arm-none-eabi/7.3.1/thumb/v7e-m/fpv4-sp/hard/crtn.o
OUTPUT(build/Working_config.elf elf32-littlearm)

.debug_info     0x00000000    0x2c1ea
 .debug_info    0x00000000     0x28bd build/main.o
 .debug_info    0x000028bd      0xf5e build/stm32f4xx_it.o
 .debug_info    0x0000381b     0x1d44 build/stm32f4xx_hal_msp.o
 .debug_info    0x0000555f     0x21af build/stm32f4xx_ll_usb.o
 .debug_info    0x0000770e     0x3997 build/stm32f4xx_hal_i2c.o
 .debug_info    0x0000b0a5     0x19d7 build/stm32f4xx_hal_i2s.o
 .debug_info    0x0000ca7c     0x1794 build/stm32f4xx_hal_i2s_ex.o
 .debug_info    0x0000e210     0x245c build/stm32f4xx_hal_spi.o
 .debug_info    0x0001066c     0x1448 build/stm32f4xx_hal_rcc.o
 .debug_info    0x00011ab4     0x1056 build/stm32f4xx_hal_rcc_ex.o
 .debug_info    0x00012b0a     0x113d build/stm32f4xx_hal_gpio.o
 .debug_info    0x00013c47     0x1885 build/stm32f4xx_hal_cortex.o
 .debug_info    0x000154cc     0x1329 build/stm32f4xx_hal.o
 .debug_info    0x000167f5      0xeb2 build/system_stm32f4xx.o
 .debug_info    0x000176a7      0xd7b build/heap_4.o
 .debug_info    0x00018422      0x56c build/port.o
 .debug_info    0x0001898e      0xbdc build/list.o
 .debug_info    0x0001956a     0x2b2c build/tasks.o
 .debug_info    0x0001c096     0x2587 build/cmsis_os.o
 .debug_info    0x0001e61d     0x1000 build/usb_device.o
 .debug_info    0x0001f61d     0x255c build/usbd_conf.o
 .debug_info    0x00021b79      0xe87 build/usbd_desc.o
 .debug_info    0x00022a00     0x1277 build/usbd_cdc_if.o
 .debug_info    0x00023c77     0x1f06 build/stm32f4xx_hal_pcd.o
 .debug_info    0x00025b7d      0xf2c build/stm32f4xx_hal_pcd_ex.o
 .debug_info    0x00026aa9     0x167a build/usbd_core.o
 .debug_info    0x00028123     0x180b build/usbd_ctlreq.o
 .debug_info    0x0002992e     0x1152 build/usbd_ioreq.o
 .debug_info    0x0002aa80     0x1748 build/usbd_cdc.o
 .debug_info    0x0002c1c8       0x22 build/startup_stm32f411xe.o

.debug_abbrev   0x00000000     0x5257
 .debug_abbrev  0x00000000      0x2ff build/main.o
 .debug_abbrev  0x000002ff      0x21e build/stm32f4xx_it.o
 .debug_abbrev  0x0000051d      0x26f build/stm32f4xx_hal_msp.o
 .debug_abbrev  0x0000078c      0x320 build/stm32f4xx_ll_usb.o
 .debug_abbrev  0x00000aac      0x32e build/stm32f4xx_hal_i2c.o
 .debug_abbrev  0x00000dda      0x345 build/stm32f4xx_hal_i2s.o
 .debug_abbrev  0x0000111f      0x31a build/stm32f4xx_hal_i2s_ex.o
 .debug_abbrev  0x00001439      0x323 build/stm32f4xx_hal_spi.o
 .debug_abbrev  0x0000175c      0x32f build/stm32f4xx_hal_rcc.o
 .debug_abbrev  0x00001a8b      0x279 build/stm32f4xx_hal_rcc_ex.o
 .debug_abbrev  0x00001d04      0x2be build/stm32f4xx_hal_gpio.o
 .debug_abbrev  0x00001fc2      0x3dc build/stm32f4xx_hal_cortex.o
 .debug_abbrev  0x0000239e      0x2e1 build/stm32f4xx_hal.o
 .debug_abbrev  0x0000267f      0x1e6 build/system_stm32f4xx.o
 .debug_abbrev  0x00002865      0x312 build/heap_4.o
 .debug_abbrev  0x00002b77      0x230 build/port.o
 .debug_abbrev  0x00002da7      0x217 build/list.o
 .debug_abbrev  0x00002fbe      0x400 build/tasks.o
 .debug_abbrev  0x000033be      0x3d3 build/cmsis_os.o
 .debug_abbrev  0x00003791      0x1fa build/usb_device.o
 .debug_abbrev  0x0000398b      0x2ec build/usbd_conf.o
 .debug_abbrev  0x00003c77      0x25e build/usbd_desc.o
 .debug_abbrev  0x00003ed5      0x2da build/usbd_cdc_if.o
 .debug_abbrev  0x000041af      0x350 build/stm32f4xx_hal_pcd.o
 .debug_abbrev  0x000044ff      0x22f build/stm32f4xx_hal_pcd_ex.o
 .debug_abbrev  0x0000472e      0x2c6 build/usbd_core.o
 .debug_abbrev  0x000049f4      0x325 build/usbd_ctlreq.o
 .debug_abbrev  0x00004d19      0x1f7 build/usbd_ioreq.o
 .debug_abbrev  0x00004f10      0x335 build/usbd_cdc.o
 .debug_abbrev  0x00005245       0x12 build/startup_stm32f411xe.o

.debug_loc      0x00000000    0x12853
 .debug_loc     0x00000000      0x1b9 build/main.o
 .debug_loc     0x000001b9       0x40 build/stm32f4xx_it.o
 .debug_loc     0x000001f9      0x2a8 build/stm32f4xx_hal_msp.o
 .debug_loc     0x000004a1     0x1b60 build/stm32f4xx_ll_usb.o
 .debug_loc     0x00002001     0x3c81 build/stm32f4xx_hal_i2c.o
 .debug_loc     0x00005c82     0x1205 build/stm32f4xx_hal_i2s.o
 .debug_loc     0x00006e87      0xd91 build/stm32f4xx_hal_i2s_ex.o
 .debug_loc     0x00007c18     0x1ffb build/stm32f4xx_hal_spi.o
 .debug_loc     0x00009c13      0x555 build/stm32f4xx_hal_rcc.o
 .debug_loc     0x0000a168      0x36b build/stm32f4xx_hal_rcc_ex.o
 .debug_loc     0x0000a4d3      0x531 build/stm32f4xx_hal_gpio.o
 .debug_loc     0x0000aa04      0x65e build/stm32f4xx_hal_cortex.o
 .debug_loc     0x0000b062      0x19d build/stm32f4xx_hal.o
 .debug_loc     0x0000b1ff      0x13e build/system_stm32f4xx.o
 .debug_loc     0x0000b33d      0x324 build/heap_4.o
 .debug_loc     0x0000b661      0x128 build/port.o
 .debug_loc     0x0000b789       0x9c build/list.o
 .debug_loc     0x0000b825     0x1724 build/tasks.o
 .debug_loc     0x0000cf49     0x15ed build/cmsis_os.o
 .debug_loc     0x0000e536       0x20 build/usb_device.o
 .debug_loc     0x0000e556      0xf5f build/usbd_conf.o
 .debug_loc     0x0000f4b5      0x357 build/usbd_desc.o
 .debug_loc     0x0000f80c      0x163 build/usbd_cdc_if.o
 .debug_loc     0x0000f96f      0xfd1 build/stm32f4xx_hal_pcd.o
 .debug_loc     0x00010940       0xe3 build/stm32f4xx_hal_pcd_ex.o
 .debug_loc     0x00010a23      0x884 build/usbd_core.o
 .debug_loc     0x000112a7      0xcf4 build/usbd_ctlreq.o
 .debug_loc     0x00011f9b      0x31c build/usbd_ioreq.o
 .debug_loc     0x000122b7      0x59c build/usbd_cdc.o

.debug_aranges  0x00000000     0x14d0
 .debug_aranges
                0x00000000       0x68 build/main.o
 .debug_aranges
                0x00000068       0x58 build/stm32f4xx_it.o
 .debug_aranges
                0x000000c0       0x50 build/stm32f4xx_hal_msp.o
 .debug_aranges
                0x00000110      0x180 build/stm32f4xx_ll_usb.o
 .debug_aranges
                0x00000290      0x268 build/stm32f4xx_hal_i2c.o
 .debug_aranges
                0x000004f8      0x108 build/stm32f4xx_hal_i2s.o
 .debug_aranges
                0x00000600       0x78 build/stm32f4xx_hal_i2s_ex.o
 .debug_aranges
                0x00000678      0x1c8 build/stm32f4xx_hal_spi.o
 .debug_aranges
                0x00000840       0x88 build/stm32f4xx_hal_rcc.o
 .debug_aranges
                0x000008c8       0x50 build/stm32f4xx_hal_rcc_ex.o
 .debug_aranges
                0x00000918       0x58 build/stm32f4xx_hal_gpio.o
 .debug_aranges
                0x00000970       0xa8 build/stm32f4xx_hal_cortex.o
 .debug_aranges
                0x00000a18       0xe0 build/stm32f4xx_hal.o
 .debug_aranges
                0x00000af8       0x28 build/system_stm32f4xx.o
 .debug_aranges
                0x00000b20       0x50 build/heap_4.o
 .debug_aranges
                0x00000b70       0x80 build/port.o
 .debug_aranges
                0x00000bf0       0x40 build/list.o
 .debug_aranges
                0x00000c30      0x190 build/tasks.o
 .debug_aranges
                0x00000dc0      0x1d8 build/cmsis_os.o
 .debug_aranges
                0x00000f98       0x20 build/usb_device.o
 .debug_aranges
                0x00000fb8       0xf8 build/usbd_conf.o
 .debug_aranges
                0x000010b0       0x50 build/usbd_desc.o
 .debug_aranges
                0x00001100       0x40 build/usbd_cdc_if.o
 .debug_aranges
                0x00001140      0x120 build/stm32f4xx_hal_pcd.o
 .debug_aranges
                0x00001260       0x28 build/stm32f4xx_hal_pcd_ex.o
 .debug_aranges
                0x00001288       0xb8 build/usbd_core.o
 .debug_aranges
                0x00001340       0x88 build/usbd_ctlreq.o
 .debug_aranges
                0x000013c8       0x50 build/usbd_ioreq.o
 .debug_aranges
                0x00001418       0x90 build/usbd_cdc.o
 .debug_aranges
                0x000014a8       0x28 build/startup_stm32f411xe.o

.debug_ranges   0x00000000     0x1418
 .debug_ranges  0x00000000       0x58 build/main.o
 .debug_ranges  0x00000058       0x48 build/stm32f4xx_it.o
 .debug_ranges  0x000000a0       0x40 build/stm32f4xx_hal_msp.o
 .debug_ranges  0x000000e0      0x170 build/stm32f4xx_ll_usb.o
 .debug_ranges  0x00000250      0x258 build/stm32f4xx_hal_i2c.o
 .debug_ranges  0x000004a8       0xf8 build/stm32f4xx_hal_i2s.o
 .debug_ranges  0x000005a0       0x80 build/stm32f4xx_hal_i2s_ex.o
 .debug_ranges  0x00000620      0x1b8 build/stm32f4xx_hal_spi.o
 .debug_ranges  0x000007d8       0x90 build/stm32f4xx_hal_rcc.o
 .debug_ranges  0x00000868       0x40 build/stm32f4xx_hal_rcc_ex.o
 .debug_ranges  0x000008a8       0x48 build/stm32f4xx_hal_gpio.o
 .debug_ranges  0x000008f0       0xf8 build/stm32f4xx_hal_cortex.o
 .debug_ranges  0x000009e8       0xd0 build/stm32f4xx_hal.o
 .debug_ranges  0x00000ab8       0x18 build/system_stm32f4xx.o
 .debug_ranges  0x00000ad0       0x40 build/heap_4.o
 .debug_ranges  0x00000b10       0x70 build/port.o
 .debug_ranges  0x00000b80       0x30 build/list.o
 .debug_ranges  0x00000bb0      0x210 build/tasks.o
 .debug_ranges  0x00000dc0      0x1c8 build/cmsis_os.o
 .debug_ranges  0x00000f88       0x10 build/usb_device.o
 .debug_ranges  0x00000f98       0xe8 build/usbd_conf.o
 .debug_ranges  0x00001080       0x40 build/usbd_desc.o
 .debug_ranges  0x000010c0       0x30 build/usbd_cdc_if.o
 .debug_ranges  0x000010f0      0x110 build/stm32f4xx_hal_pcd.o
 .debug_ranges  0x00001200       0x18 build/stm32f4xx_hal_pcd_ex.o
 .debug_ranges  0x00001218       0xa8 build/usbd_core.o
 .debug_ranges  0x000012c0       0x78 build/usbd_ctlreq.o
 .debug_ranges  0x00001338       0x40 build/usbd_ioreq.o
 .debug_ranges  0x00001378       0x80 build/usbd_cdc.o
 .debug_ranges  0x000013f8       0x20 build/startup_stm32f411xe.o

.debug_line     0x00000000     0xad54
 .debug_line    0x00000000      0x5e1 build/main.o
 .debug_line    0x000005e1      0x34e build/stm32f4xx_it.o
 .debug_line    0x0000092f      0x3bd build/stm32f4xx_hal_msp.o
 .debug_line    0x00000cec      0x8f1 build/stm32f4xx_ll_usb.o
 .debug_line    0x000015dd     0x1454 build/stm32f4xx_hal_i2c.o
 .debug_line    0x00002a31      0x895 build/stm32f4xx_hal_i2s.o
 .debug_line    0x000032c6      0x8c7 build/stm32f4xx_hal_i2s_ex.o
 .debug_line    0x00003b8d      0xcac build/stm32f4xx_hal_spi.o
 .debug_line    0x00004839      0x54b build/stm32f4xx_hal_rcc.o
 .debug_line    0x00004d84      0x3da build/stm32f4xx_hal_rcc_ex.o
 .debug_line    0x0000515e      0x3f5 build/stm32f4xx_hal_gpio.o
 .debug_line    0x00005553      0x4c5 build/stm32f4xx_hal_cortex.o
 .debug_line    0x00005a18      0x485 build/stm32f4xx_hal.o
 .debug_line    0x00005e9d      0x258 build/system_stm32f4xx.o
 .debug_line    0x000060f5      0x3e8 build/heap_4.o
 .debug_line    0x000064dd      0x334 build/port.o
 .debug_line    0x00006811      0x33f build/list.o
 .debug_line    0x00006b50      0xb9b build/tasks.o
 .debug_line    0x000076eb      0x90d build/cmsis_os.o
 .debug_line    0x00007ff8      0x338 build/usb_device.o
 .debug_line    0x00008330      0x629 build/usbd_conf.o
 .debug_line    0x00008959      0x34d build/usbd_desc.o
 .debug_line    0x00008ca6      0x366 build/usbd_cdc_if.o
 .debug_line    0x0000900c      0x7d5 build/stm32f4xx_hal_pcd.o
 .debug_line    0x000097e1      0x2d5 build/stm32f4xx_hal_pcd_ex.o
 .debug_line    0x00009ab6      0x4fc build/usbd_core.o
 .debug_line    0x00009fb2      0x509 build/usbd_ctlreq.o
 .debug_line    0x0000a4bb      0x35e build/usbd_ioreq.o
 .debug_line    0x0000a819      0x4c7 build/usbd_cdc.o
 .debug_line    0x0000ace0       0x74 build/startup_stm32f411xe.o

.debug_str      0x00000000     0x64e0
 .debug_str     0x00000000     0x1a56 build/main.o
                               0x1c1a (size before relaxing)
 .debug_str     0x00001a56      0x378 build/stm32f4xx_it.o
                                0x9ba (size before relaxing)
 .debug_str     0x00001dce       0xc6 build/stm32f4xx_hal_msp.o
                               0x13ac (size before relaxing)
 .debug_str     0x00001e94      0x77d build/stm32f4xx_ll_usb.o
                                0xfb5 (size before relaxing)
 .debug_str     0x00002611      0x7ef build/stm32f4xx_hal_i2c.o
                               0x1350 (size before relaxing)
 .debug_str     0x00002e00      0x253 build/stm32f4xx_hal_i2s.o
                                0xd35 (size before relaxing)
 .debug_str     0x00003053      0x1ce build/stm32f4xx_hal_i2s_ex.o
                                0xc69 (size before relaxing)
 .debug_str     0x00003221      0x495 build/stm32f4xx_hal_spi.o
                                0xf8f (size before relaxing)
 .debug_str     0x000036b6      0x192 build/stm32f4xx_hal_rcc.o
                                0xaea (size before relaxing)
 .debug_str     0x00003848       0xf3 build/stm32f4xx_hal_rcc_ex.o
                                0x919 (size before relaxing)
 .debug_str     0x0000393b      0x112 build/stm32f4xx_hal_gpio.o
                                0x917 (size before relaxing)
 .debug_str     0x00003a4d      0x3b8 build/stm32f4xx_hal_cortex.o
                                0xed7 (size before relaxing)
 .debug_str     0x00003e05      0x277 build/stm32f4xx_hal.o
                                0xe12 (size before relaxing)
 .debug_str     0x0000407c       0x42 build/system_stm32f4xx.o
                                0x77b (size before relaxing)
 .debug_str     0x000040be      0x245 build/heap_4.o
                                0x7da (size before relaxing)
 .debug_str     0x00004303      0x287 build/port.o
                                0x460 (size before relaxing)
 .debug_str     0x0000458a      0x141 build/list.o
                                0x6f1 (size before relaxing)
 .debug_str     0x000046cb      0x9cd build/tasks.o
                               0x11ec (size before relaxing)
 .debug_str     0x00005098      0x7a3 build/cmsis_os.o
                               0x11a4 (size before relaxing)
 .debug_str     0x0000583b       0x5c build/usb_device.o
                                0xa40 (size before relaxing)
 .debug_str     0x00005897      0x4ac build/usbd_conf.o
                               0x1751 (size before relaxing)
 .debug_str     0x00005d43      0x11a build/usbd_desc.o
                                0x81b (size before relaxing)
 .debug_str     0x00005e5d      0x124 build/usbd_cdc_if.o
                                0xb52 (size before relaxing)
 .debug_str     0x00005f81       0xec build/stm32f4xx_hal_pcd.o
                               0x100d (size before relaxing)
 .debug_str     0x0000606d       0x47 build/stm32f4xx_hal_pcd_ex.o
                                0x991 (size before relaxing)
 .debug_str     0x000060b4      0x13e build/usbd_core.o
                                0xc60 (size before relaxing)
 .debug_str     0x000061f2       0xe2 build/usbd_ctlreq.o
                                0xb7a (size before relaxing)
 .debug_str     0x000062d4       0x60 build/usbd_ioreq.o
                                0xaa7 (size before relaxing)
 .debug_str     0x00006334      0x188 build/usbd_cdc.o
                                0xcd6 (size before relaxing)
 .debug_str     0x000064bc       0x24 build/startup_stm32f411xe.o
                                 0x4f (size before relaxing)

.comment        0x00000000       0x7f
 .comment       0x00000000       0x7f build/main.o
                                 0x80 (size before relaxing)
 .comment       0x0000007f       0x80 build/stm32f4xx_it.o
 .comment       0x0000007f       0x80 build/stm32f4xx_hal_msp.o
 .comment       0x0000007f       0x80 build/stm32f4xx_ll_usb.o
 .comment       0x0000007f       0x80 build/stm32f4xx_hal_i2c.o
 .comment       0x0000007f       0x80 build/stm32f4xx_hal_i2s.o
 .comment       0x0000007f       0x80 build/stm32f4xx_hal_i2s_ex.o
 .comment       0x0000007f       0x80 build/stm32f4xx_hal_spi.o
 .comment       0x0000007f       0x80 build/stm32f4xx_hal_rcc.o
 .comment       0x0000007f       0x80 build/stm32f4xx_hal_rcc_ex.o
 .comment       0x0000007f       0x80 build/stm32f4xx_hal_gpio.o
 .comment       0x0000007f       0x80 build/stm32f4xx_hal_cortex.o
 .comment       0x0000007f       0x80 build/stm32f4xx_hal.o
 .comment       0x0000007f       0x80 build/system_stm32f4xx.o
 .comment       0x0000007f       0x80 build/heap_4.o
 .comment       0x0000007f       0x80 build/port.o
 .comment       0x0000007f       0x80 build/list.o
 .comment       0x0000007f       0x80 build/tasks.o
 .comment       0x0000007f       0x80 build/cmsis_os.o
 .comment       0x0000007f       0x80 build/usb_device.o
 .comment       0x0000007f       0x80 build/usbd_conf.o
 .comment       0x0000007f       0x80 build/usbd_desc.o
 .comment       0x0000007f       0x80 build/usbd_cdc_if.o
 .comment       0x0000007f       0x80 build/stm32f4xx_hal_pcd.o
 .comment       0x0000007f       0x80 build/stm32f4xx_hal_pcd_ex.o
 .comment       0x0000007f       0x80 build/usbd_core.o
 .comment       0x0000007f       0x80 build/usbd_ctlreq.o
 .comment       0x0000007f       0x80 build/usbd_ioreq.o
 .comment       0x0000007f       0x80 build/usbd_cdc.o

.debug_frame    0x00000000     0x412c
 .debug_frame   0x00000000      0x138 build/main.o
 .debug_frame   0x00000138       0xa8 build/stm32f4xx_it.o
 .debug_frame   0x000001e0       0xec build/stm32f4xx_hal_msp.o
 .debug_frame   0x000002cc      0x514 build/stm32f4xx_ll_usb.o
 .debug_frame   0x000007e0      0x964 build/stm32f4xx_hal_i2c.o
 .debug_frame   0x00001144      0x364 build/stm32f4xx_hal_i2s.o
 .debug_frame   0x000014a8      0x1c0 build/stm32f4xx_hal_i2s_ex.o
 .debug_frame   0x00001668      0x5ec build/stm32f4xx_hal_spi.o
 .debug_frame   0x00001c54      0x1c4 build/stm32f4xx_hal_rcc.o
 .debug_frame   0x00001e18       0xc4 build/stm32f4xx_hal_rcc_ex.o
 .debug_frame   0x00001edc       0xec build/stm32f4xx_hal_gpio.o
 .debug_frame   0x00001fc8      0x16c build/stm32f4xx_hal_cortex.o
 .debug_frame   0x00002134      0x1e0 build/stm32f4xx_hal.o
 .debug_frame   0x00002314       0x30 build/system_stm32f4xx.o
 .debug_frame   0x00002344       0xbc build/heap_4.o
 .debug_frame   0x00002400       0xf8 build/port.o
 .debug_frame   0x000024f8       0x70 build/list.o
 .debug_frame   0x00002568      0x588 build/tasks.o
 .debug_frame   0x00002af0      0x62c build/cmsis_os.o
 .debug_frame   0x0000311c       0x2c build/usb_device.o
 .debug_frame   0x00003148      0x31c build/usbd_conf.o
 .debug_frame   0x00003464       0xbc build/usbd_desc.o
 .debug_frame   0x00003520       0x88 build/usbd_cdc_if.o
 .debug_frame   0x000035a8      0x34c build/stm32f4xx_hal_pcd.o
 .debug_frame   0x000038f4       0x40 build/stm32f4xx_hal_pcd_ex.o
 .debug_frame   0x00003934      0x1ec build/usbd_core.o
 .debug_frame   0x00003b20      0x1b0 build/usbd_ctlreq.o
 .debug_frame   0x00003cd0       0xd4 build/usbd_ioreq.o
 .debug_frame   0x00003da4      0x168 build/usbd_cdc.o
 .debug_frame   0x00003f0c       0x2c c:/program files (x86)/gnu tools arm embedded/7 2018-q2-update/bin/../lib/gcc/arm-none-eabi/7.3.1/../../../../arm-none-eabi/lib/thumb/v7e-m/fpv4-sp/hard\libc_nano.a(lib_a-init.o)
 .debug_frame   0x00003f38       0x30 c:/program files (x86)/gnu tools arm embedded/7 2018-q2-update/bin/../lib/gcc/arm-none-eabi/7.3.1/../../../../arm-none-eabi/lib/thumb/v7e-m/fpv4-sp/hard\libc_nano.a(lib_a-malloc.o)
 .debug_frame   0x00003f68       0x28 c:/program files (x86)/gnu tools arm embedded/7 2018-q2-update/bin/../lib/gcc/arm-none-eabi/7.3.1/../../../../arm-none-eabi/lib/thumb/v7e-m/fpv4-sp/hard\libc_nano.a(lib_a-memcpy-stub.o)
 .debug_frame   0x00003f90       0x38 c:/program files (x86)/gnu tools arm embedded/7 2018-q2-update/bin/../lib/gcc/arm-none-eabi/7.3.1/../../../../arm-none-eabi/lib/thumb/v7e-m/fpv4-sp/hard\libc_nano.a(lib_a-nano-freer.o)
 .debug_frame   0x00003fc8       0x2c c:/program files (x86)/gnu tools arm embedded/7 2018-q2-update/bin/../lib/gcc/arm-none-eabi/7.3.1/../../../../arm-none-eabi/lib/thumb/v7e-m/fpv4-sp/hard\libc_nano.a(lib_a-nano-mallocr.o)
 .debug_frame   0x00003ff4       0x2c c:/program files (x86)/gnu tools arm embedded/7 2018-q2-update/bin/../lib/gcc/arm-none-eabi/7.3.1/../../../../arm-none-eabi/lib/thumb/v7e-m/fpv4-sp/hard\libc_nano.a(lib_a-sbrkr.o)
 .debug_frame   0x00004020       0x30 c:/program files (x86)/gnu tools arm embedded/7 2018-q2-update/bin/../lib/gcc/arm-none-eabi/7.3.1/../../../../arm-none-eabi/lib/thumb/v7e-m/fpv4-sp/hard\libc_nano.a(lib_a-mlock.o)
 .debug_frame   0x00004050       0x5c c:/program files (x86)/gnu tools arm embedded/7 2018-q2-update/bin/../lib/gcc/arm-none-eabi/7.3.1/../../../../arm-none-eabi/lib/thumb/v7e-m/fpv4-sp/hard\libc_nano.a(lib_a-reent.o)
 .debug_frame   0x000040ac       0x20 c:/program files (x86)/gnu tools arm embedded/7 2018-q2-update/bin/../lib/gcc/arm-none-eabi/7.3.1/../../../../arm-none-eabi/lib/thumb/v7e-m/fpv4-sp/hard\libnosys.a(sbrk.o)
 .debug_frame   0x000040cc       0x2c c:/program files (x86)/gnu tools arm embedded/7 2018-q2-update/bin/../lib/gcc/arm-none-eabi/7.3.1/thumb/v7e-m/fpv4-sp/hard\libgcc.a(_aeabi_uldivmod.o)
 .debug_frame   0x000040f8       0x34 c:/program files (x86)/gnu tools arm embedded/7 2018-q2-update/bin/../lib/gcc/arm-none-eabi/7.3.1/thumb/v7e-m/fpv4-sp/hard\libgcc.a(_udivmoddi4.o)

Cross Reference Table

Symbol                                            File
ADC_IRQHandler                                    build/startup_stm32f411xe.o
AHBPrescTable                                     build/system_stm32f4xx.o
                                                  build/stm32f4xx_hal_rcc.o
APBPrescTable                                     build/system_stm32f4xx.o
                                                  build/stm32f4xx_hal_rcc.o
BusFault_Handler                                  build/stm32f4xx_it.o
CDC_Transmit_FS                                   build/usbd_cdc_if.o
                                                  build/main.o
DMA1_Stream0_IRQHandler                           build/startup_stm32f411xe.o
DMA1_Stream1_IRQHandler                           build/startup_stm32f411xe.o
DMA1_Stream2_IRQHandler                           build/startup_stm32f411xe.o
DMA1_Stream3_IRQHandler                           build/startup_stm32f411xe.o
DMA1_Stream4_IRQHandler                           build/startup_stm32f411xe.o
DMA1_Stream5_IRQHandler                           build/startup_stm32f411xe.o
DMA1_Stream6_IRQHandler                           build/startup_stm32f411xe.o
DMA1_Stream7_IRQHandler                           build/startup_stm32f411xe.o
DMA2_Stream0_IRQHandler                           build/startup_stm32f411xe.o
DMA2_Stream1_IRQHandler                           build/startup_stm32f411xe.o
DMA2_Stream2_IRQHandler                           build/startup_stm32f411xe.o
DMA2_Stream3_IRQHandler                           build/startup_stm32f411xe.o
DMA2_Stream4_IRQHandler                           build/startup_stm32f411xe.o
DMA2_Stream5_IRQHandler                           build/startup_stm32f411xe.o
DMA2_Stream6_IRQHandler                           build/startup_stm32f411xe.o
DMA2_Stream7_IRQHandler                           build/startup_stm32f411xe.o
DebugMon_Handler                                  build/stm32f4xx_it.o
Default_Handler                                   build/startup_stm32f411xe.o
EXTI0_IRQHandler                                  build/startup_stm32f411xe.o
EXTI15_10_IRQHandler                              build/startup_stm32f411xe.o
EXTI1_IRQHandler                                  build/startup_stm32f411xe.o
EXTI2_IRQHandler                                  build/startup_stm32f411xe.o
EXTI3_IRQHandler                                  build/startup_stm32f411xe.o
EXTI4_IRQHandler                                  build/startup_stm32f411xe.o
EXTI9_5_IRQHandler                                build/startup_stm32f411xe.o
FLASH_Erase_Sector                                build/stm32f4xx_hal_flash_ex.o
                                                  build/stm32f4xx_hal_flash.o
FLASH_FlushCaches                                 build/stm32f4xx_hal_flash_ex.o
                                                  build/stm32f4xx_hal_flash.o
FLASH_IRQHandler                                  build/startup_stm32f411xe.o
FLASH_WaitForLastOperation                        build/stm32f4xx_hal_flash.o
                                                  build/stm32f4xx_hal_flash_ex.o
FPU_IRQHandler                                    build/startup_stm32f411xe.o
FS_Desc                                           build/usbd_desc.o
                                                  build/usb_device.o
HAL_DBGMCU_DisableDBGSleepMode                    build/stm32f4xx_hal.o
HAL_DBGMCU_DisableDBGStandbyMode                  build/stm32f4xx_hal.o
HAL_DBGMCU_DisableDBGStopMode                     build/stm32f4xx_hal.o
HAL_DBGMCU_EnableDBGSleepMode                     build/stm32f4xx_hal.o
HAL_DBGMCU_EnableDBGStandbyMode                   build/stm32f4xx_hal.o
HAL_DBGMCU_EnableDBGStopMode                      build/stm32f4xx_hal.o
HAL_DMAEx_ChangeMemory                            build/stm32f4xx_hal_dma_ex.o
HAL_DMAEx_MultiBufferStart                        build/stm32f4xx_hal_dma_ex.o
HAL_DMAEx_MultiBufferStart_IT                     build/stm32f4xx_hal_dma_ex.o
HAL_DMA_Abort                                     build/stm32f4xx_hal_dma.o
                                                  build/stm32f4xx_hal_spi.o
                                                  build/stm32f4xx_hal_i2s.o
HAL_DMA_Abort_IT                                  build/stm32f4xx_hal_dma.o
                                                  build/stm32f4xx_hal_spi.o
                                                  build/stm32f4xx_hal_i2c.o
HAL_DMA_DeInit                                    build/stm32f4xx_hal_dma.o
HAL_DMA_GetError                                  build/stm32f4xx_hal_dma.o
                                                  build/stm32f4xx_hal_i2c.o
HAL_DMA_GetState                                  build/stm32f4xx_hal_dma.o
HAL_DMA_IRQHandler                                build/stm32f4xx_hal_dma.o
HAL_DMA_Init                                      build/stm32f4xx_hal_dma.o
HAL_DMA_PollForTransfer                           build/stm32f4xx_hal_dma.o
HAL_DMA_RegisterCallback                          build/stm32f4xx_hal_dma.o
HAL_DMA_Start                                     build/stm32f4xx_hal_dma.o
HAL_DMA_Start_IT                                  build/stm32f4xx_hal_dma.o
                                                  build/stm32f4xx_hal_spi.o
                                                  build/stm32f4xx_hal_i2s_ex.o
                                                  build/stm32f4xx_hal_i2s.o
                                                  build/stm32f4xx_hal_i2c.o
HAL_DMA_UnRegisterCallback                        build/stm32f4xx_hal_dma.o
HAL_DeInit                                        build/stm32f4xx_hal.o
HAL_Delay                                         build/stm32f4xx_hal.o
                                                  build/usbd_conf.o
                                                  build/stm32f4xx_ll_usb.o
HAL_DisableCompensationCell                       build/stm32f4xx_hal.o
HAL_EnableCompensationCell                        build/stm32f4xx_hal.o
HAL_FLASHEx_AdvOBGetConfig                        build/stm32f4xx_hal_flash_ex.o
HAL_FLASHEx_AdvOBProgram                          build/stm32f4xx_hal_flash_ex.o
HAL_FLASHEx_DisableFlashSleepMode                 build/stm32f4xx_hal_flash_ramfunc.o
HAL_FLASHEx_EnableFlashSleepMode                  build/stm32f4xx_hal_flash_ramfunc.o
HAL_FLASHEx_Erase                                 build/stm32f4xx_hal_flash_ex.o
HAL_FLASHEx_Erase_IT                              build/stm32f4xx_hal_flash_ex.o
HAL_FLASHEx_OBGetConfig                           build/stm32f4xx_hal_flash_ex.o
HAL_FLASHEx_OBProgram                             build/stm32f4xx_hal_flash_ex.o
HAL_FLASHEx_OB_DeSelectPCROP                      build/stm32f4xx_hal_flash_ex.o
HAL_FLASHEx_OB_SelectPCROP                        build/stm32f4xx_hal_flash_ex.o
HAL_FLASHEx_StartFlashInterfaceClk                build/stm32f4xx_hal_flash_ramfunc.o
HAL_FLASHEx_StopFlashInterfaceClk                 build/stm32f4xx_hal_flash_ramfunc.o
HAL_FLASH_EndOfOperationCallback                  build/stm32f4xx_hal_flash.o
HAL_FLASH_GetError                                build/stm32f4xx_hal_flash.o
HAL_FLASH_IRQHandler                              build/stm32f4xx_hal_flash.o
HAL_FLASH_Lock                                    build/stm32f4xx_hal_flash.o
HAL_FLASH_OB_Launch                               build/stm32f4xx_hal_flash.o
HAL_FLASH_OB_Lock                                 build/stm32f4xx_hal_flash.o
HAL_FLASH_OB_Unlock                               build/stm32f4xx_hal_flash.o
HAL_FLASH_OperationErrorCallback                  build/stm32f4xx_hal_flash.o
HAL_FLASH_Program                                 build/stm32f4xx_hal_flash.o
HAL_FLASH_Program_IT                              build/stm32f4xx_hal_flash.o
HAL_FLASH_Unlock                                  build/stm32f4xx_hal_flash.o
HAL_GPIO_DeInit                                   build/stm32f4xx_hal_gpio.o
                                                  build/usbd_conf.o
                                                  build/stm32f4xx_hal_msp.o
HAL_GPIO_EXTI_Callback                            build/stm32f4xx_hal_gpio.o
HAL_GPIO_EXTI_IRQHandler                          build/stm32f4xx_hal_gpio.o
HAL_GPIO_Init                                     build/stm32f4xx_hal_gpio.o
                                                  build/usbd_conf.o
                                                  build/stm32f4xx_hal_rcc.o
                                                  build/stm32f4xx_hal_msp.o
                                                  build/main.o
HAL_GPIO_LockPin                                  build/stm32f4xx_hal_gpio.o
HAL_GPIO_ReadPin                                  build/stm32f4xx_hal_gpio.o
HAL_GPIO_TogglePin                                build/stm32f4xx_hal_gpio.o
                                                  build/main.o
HAL_GPIO_WritePin                                 build/stm32f4xx_hal_gpio.o
                                                  build/main.o
HAL_GetDEVID                                      build/stm32f4xx_hal.o
HAL_GetHalVersion                                 build/stm32f4xx_hal.o
HAL_GetREVID                                      build/stm32f4xx_hal.o
HAL_GetTick                                       build/stm32f4xx_hal.o
                                                  build/stm32f4xx_hal_pwr_ex.o
                                                  build/stm32f4xx_hal_dma.o
                                                  build/stm32f4xx_hal_flash.o
                                                  build/stm32f4xx_hal_rcc_ex.o
                                                  build/stm32f4xx_hal_rcc.o
                                                  build/stm32f4xx_hal_spi.o
                                                  build/stm32f4xx_hal_i2s_ex.o
                                                  build/stm32f4xx_hal_i2s.o
                                                  build/stm32f4xx_hal_i2c.o
HAL_GetTickFreq                                   build/stm32f4xx_hal.o
HAL_GetTickPrio                                   build/stm32f4xx_hal.o
HAL_GetUID                                        build/stm32f4xx_hal.o
HAL_I2CEx_ConfigAnalogFilter                      build/stm32f4xx_hal_i2c_ex.o
HAL_I2CEx_ConfigDigitalFilter                     build/stm32f4xx_hal_i2c_ex.o
HAL_I2C_AbortCpltCallback                         build/stm32f4xx_hal_i2c.o
HAL_I2C_AddrCallback                              build/stm32f4xx_hal_i2c.o
HAL_I2C_DeInit                                    build/stm32f4xx_hal_i2c.o
HAL_I2C_DisableListen_IT                          build/stm32f4xx_hal_i2c.o
HAL_I2C_ER_IRQHandler                             build/stm32f4xx_hal_i2c.o
HAL_I2C_EV_IRQHandler                             build/stm32f4xx_hal_i2c.o
HAL_I2C_EnableListen_IT                           build/stm32f4xx_hal_i2c.o
HAL_I2C_ErrorCallback                             build/stm32f4xx_hal_i2c.o
HAL_I2C_GetError                                  build/stm32f4xx_hal_i2c.o
HAL_I2C_GetMode                                   build/stm32f4xx_hal_i2c.o
HAL_I2C_GetState                                  build/stm32f4xx_hal_i2c.o
HAL_I2C_Init                                      build/stm32f4xx_hal_i2c.o
                                                  build/main.o
HAL_I2C_IsDeviceReady                             build/stm32f4xx_hal_i2c.o
HAL_I2C_ListenCpltCallback                        build/stm32f4xx_hal_i2c.o
HAL_I2C_MasterRxCpltCallback                      build/stm32f4xx_hal_i2c.o
HAL_I2C_MasterTxCpltCallback                      build/stm32f4xx_hal_i2c.o
HAL_I2C_Master_Abort_IT                           build/stm32f4xx_hal_i2c.o
HAL_I2C_Master_Receive                            build/stm32f4xx_hal_i2c.o